Archive member included because of file (symbol)

c:/program files (x86)/atmel/atmel toolchain/avr8 gcc/native/3.4.1056/avr8-gnu-toolchain/bin/../lib/gcc/avr/4.8.1/../../../../avr/lib/avrxmega5\libm.a(addsf3.o)
                              rotor controller.o (__addsf3)
c:/program files (x86)/atmel/atmel toolchain/avr8 gcc/native/3.4.1056/avr8-gnu-toolchain/bin/../lib/gcc/avr/4.8.1/../../../../avr/lib/avrxmega5\libm.a(addsf3x.o)
                              c:/program files (x86)/atmel/atmel toolchain/avr8 gcc/native/3.4.1056/avr8-gnu-toolchain/bin/../lib/gcc/avr/4.8.1/../../../../avr/lib/avrxmega5\libm.a(addsf3.o) (__addsf3x)
c:/program files (x86)/atmel/atmel toolchain/avr8 gcc/native/3.4.1056/avr8-gnu-toolchain/bin/../lib/gcc/avr/4.8.1/../../../../avr/lib/avrxmega5\libm.a(cmpsf2.o)
                              rotor controller.o (__ltsf2)
c:/program files (x86)/atmel/atmel toolchain/avr8 gcc/native/3.4.1056/avr8-gnu-toolchain/bin/../lib/gcc/avr/4.8.1/../../../../avr/lib/avrxmega5\libm.a(cos.o)
                              rotor controller.o (cos)
c:/program files (x86)/atmel/atmel toolchain/avr8 gcc/native/3.4.1056/avr8-gnu-toolchain/bin/../lib/gcc/avr/4.8.1/../../../../avr/lib/avrxmega5\libm.a(fixsfsi.o)
                              rotor controller.o (__fixsfsi)
c:/program files (x86)/atmel/atmel toolchain/avr8 gcc/native/3.4.1056/avr8-gnu-toolchain/bin/../lib/gcc/avr/4.8.1/../../../../avr/lib/avrxmega5\libm.a(fixunssfsi.o)
                              c:/program files (x86)/atmel/atmel toolchain/avr8 gcc/native/3.4.1056/avr8-gnu-toolchain/bin/../lib/gcc/avr/4.8.1/../../../../avr/lib/avrxmega5\libm.a(fixsfsi.o) (__fixunssfsi)
c:/program files (x86)/atmel/atmel toolchain/avr8 gcc/native/3.4.1056/avr8-gnu-toolchain/bin/../lib/gcc/avr/4.8.1/../../../../avr/lib/avrxmega5\libm.a(floatsisf.o)
                              rotor controller.o (__floatunsisf)
c:/program files (x86)/atmel/atmel toolchain/avr8 gcc/native/3.4.1056/avr8-gnu-toolchain/bin/../lib/gcc/avr/4.8.1/../../../../avr/lib/avrxmega5\libm.a(fp_cmp.o)
                              c:/program files (x86)/atmel/atmel toolchain/avr8 gcc/native/3.4.1056/avr8-gnu-toolchain/bin/../lib/gcc/avr/4.8.1/../../../../avr/lib/avrxmega5\libm.a(cmpsf2.o) (__fp_cmp)
c:/program files (x86)/atmel/atmel toolchain/avr8 gcc/native/3.4.1056/avr8-gnu-toolchain/bin/../lib/gcc/avr/4.8.1/../../../../avr/lib/avrxmega5\libm.a(fp_inf.o)
                              c:/program files (x86)/atmel/atmel toolchain/avr8 gcc/native/3.4.1056/avr8-gnu-toolchain/bin/../lib/gcc/avr/4.8.1/../../../../avr/lib/avrxmega5\libm.a(addsf3x.o) (__fp_inf)
c:/program files (x86)/atmel/atmel toolchain/avr8 gcc/native/3.4.1056/avr8-gnu-toolchain/bin/../lib/gcc/avr/4.8.1/../../../../avr/lib/avrxmega5\libm.a(fp_nan.o)
                              c:/program files (x86)/atmel/atmel toolchain/avr8 gcc/native/3.4.1056/avr8-gnu-toolchain/bin/../lib/gcc/avr/4.8.1/../../../../avr/lib/avrxmega5\libm.a(addsf3x.o) (__fp_nan)
c:/program files (x86)/atmel/atmel toolchain/avr8 gcc/native/3.4.1056/avr8-gnu-toolchain/bin/../lib/gcc/avr/4.8.1/../../../../avr/lib/avrxmega5\libm.a(fp_pscA.o)
                              c:/program files (x86)/atmel/atmel toolchain/avr8 gcc/native/3.4.1056/avr8-gnu-toolchain/bin/../lib/gcc/avr/4.8.1/../../../../avr/lib/avrxmega5\libm.a(addsf3x.o) (__fp_pscA)
c:/program files (x86)/atmel/atmel toolchain/avr8 gcc/native/3.4.1056/avr8-gnu-toolchain/bin/../lib/gcc/avr/4.8.1/../../../../avr/lib/avrxmega5\libm.a(fp_pscB.o)
                              c:/program files (x86)/atmel/atmel toolchain/avr8 gcc/native/3.4.1056/avr8-gnu-toolchain/bin/../lib/gcc/avr/4.8.1/../../../../avr/lib/avrxmega5\libm.a(addsf3x.o) (__fp_pscB)
c:/program files (x86)/atmel/atmel toolchain/avr8 gcc/native/3.4.1056/avr8-gnu-toolchain/bin/../lib/gcc/avr/4.8.1/../../../../avr/lib/avrxmega5\libm.a(fp_rempio2.o)
                              c:/program files (x86)/atmel/atmel toolchain/avr8 gcc/native/3.4.1056/avr8-gnu-toolchain/bin/../lib/gcc/avr/4.8.1/../../../../avr/lib/avrxmega5\libm.a(cos.o) (__fp_rempio2)
c:/program files (x86)/atmel/atmel toolchain/avr8 gcc/native/3.4.1056/avr8-gnu-toolchain/bin/../lib/gcc/avr/4.8.1/../../../../avr/lib/avrxmega5\libm.a(fp_round.o)
                              c:/program files (x86)/atmel/atmel toolchain/avr8 gcc/native/3.4.1056/avr8-gnu-toolchain/bin/../lib/gcc/avr/4.8.1/../../../../avr/lib/avrxmega5\libm.a(addsf3.o) (__fp_round)
c:/program files (x86)/atmel/atmel toolchain/avr8 gcc/native/3.4.1056/avr8-gnu-toolchain/bin/../lib/gcc/avr/4.8.1/../../../../avr/lib/avrxmega5\libm.a(fp_sinus.o)
                              c:/program files (x86)/atmel/atmel toolchain/avr8 gcc/native/3.4.1056/avr8-gnu-toolchain/bin/../lib/gcc/avr/4.8.1/../../../../avr/lib/avrxmega5\libm.a(cos.o) (__fp_sinus)
c:/program files (x86)/atmel/atmel toolchain/avr8 gcc/native/3.4.1056/avr8-gnu-toolchain/bin/../lib/gcc/avr/4.8.1/../../../../avr/lib/avrxmega5\libm.a(fp_split3.o)
[...]
Memory Configuration

Name             Origin             Length             Attributes
text             0x00000000         0x00100000         xr
data             0x00802000         0x0000ffa0         rw !x
eeprom           0x00810000         0x00010000         rw !x
fuse             0x00820000         0x00000400         rw !x
lock             0x00830000         0x00000400         rw !x
signature        0x00840000         0x00000400         rw !x
user_signatures  0x00850000         0x00000400         rw !x
*default*        0x00000000         0xffffffff

Linker script and memory map

LOAD c:/program files (x86)/atmel/atmel toolchain/avr8 gcc/native/3.4.1056/avr8-gnu-toolchain/bin/../lib/gcc/avr/4.8.1/../../../../avr/lib/avrxmega5/crtx64a1.o
LOAD can/can.o
LOAD can/MCP2515.o
LOAD can_data.o
LOAD CAN_Queue.o
LOAD menus.o
LOAD rotor controller.o
LOAD can_spi.o
LOAD sdcard/byteordering.o
LOAD sdcard/fat.o
LOAD sdcard/partition.o
LOAD sdcard/sd_raw.o
LOAD sdcard_driver.o
LOAD u8g/chessengine.o
LOAD u8g/u8g_bitmap.o
LOAD u8g/u8g_circle.o
LOAD u8g/u8g_clip.o
LOAD u8g/u8g_com_api.o
LOAD u8g/u8g_com_api_16gr.o
LOAD u8g/u8g_com_arduino_attiny85_hw_spi.o
LOAD u8g/u8g_com_arduino_common.o
LOAD u8g/u8g_com_arduino_fast_parallel.o
LOAD u8g/u8g_com_arduino_hw_spi.o
LOAD u8g/u8g_com_arduino_hw_usart_spi.o
LOAD u8g/u8g_com_arduino_no_en_parallel.o
LOAD u8g/u8g_com_arduino_parallel.o
LOAD u8g/u8g_com_arduino_port_d_wr.o
LOAD u8g/u8g_com_arduino_ssd_i2c.o
LOAD u8g/u8g_com_arduino_st7920_custom.o
LOAD u8g/u8g_com_arduino_st7920_hw_spi.o
LOAD u8g/u8g_com_arduino_st7920_spi.o
LOAD u8g/u8g_com_arduino_std_sw_spi.o
LOAD u8g/u8g_com_arduino_sw_spi.o
LOAD u8g/u8g_com_arduino_t6963.o
LOAD u8g/u8g_com_arduino_uc_i2c.o
LOAD u8g/u8g_com_atmega_hw_spi.o
LOAD u8g/u8g_com_atmega_parallel.o
LOAD u8g/u8g_com_atmega_st7920_hw_spi.o
LOAD u8g/u8g_com_atmega_st7920_spi.o
LOAD u8g/u8g_com_atmega_sw_spi.o
LOAD u8g/u8g_com_i2c.o
LOAD u8g/u8g_com_io.o
LOAD u8g/u8g_com_null.o
LOAD u8g/u8g_com_raspberrypi_hw_spi.o
LOAD u8g/u8g_com_raspberrypi_ssd_i2c.o
LOAD u8g/u8g_cursor.o
LOAD u8g/u8g_delay.o
LOAD u8g/u8g_dev_a2_micro_printer.o
LOAD u8g/u8g_dev_flipdisc_2x7.o
LOAD u8g/u8g_dev_gprof.o
LOAD u8g/u8g_dev_ht1632.o
LOAD u8g/u8g_dev_ili9325d_320x240.o
LOAD u8g/u8g_dev_ks0108_128x64.o
LOAD u8g/u8g_dev_lc7981_160x80.o
LOAD u8g/u8g_dev_lc7981_240x128.o
LOAD u8g/u8g_dev_lc7981_240x64.o
LOAD u8g/u8g_dev_lc7981_320x64.o
LOAD u8g/u8g_dev_ld7032_60x32.o
LOAD u8g/u8g_dev_null.o
LOAD u8g/u8g_dev_pcd8544_84x48.o
LOAD u8g/u8g_dev_pcf8812_96x65.o
LOAD u8g/u8g_dev_sbn1661_122x32.o
LOAD u8g/u8g_dev_ssd1306_128x32.o
LOAD u8g/u8g_dev_ssd1306_128x64.o
LOAD u8g/u8g_dev_ssd1309_128x64.o
LOAD u8g/u8g_dev_ssd1322_nhd31oled_bw.o
LOAD u8g/u8g_dev_ssd1322_nhd31oled_gr.o
LOAD u8g/u8g_dev_ssd1325_nhd27oled_bw.o
LOAD u8g/u8g_dev_ssd1325_nhd27oled_bw_new.o
LOAD u8g/u8g_dev_ssd1325_nhd27oled_gr.o
LOAD u8g/u8g_dev_ssd1325_nhd27oled_gr_new.o
LOAD u8g/u8g_dev_ssd1327_96x96_gr.o
LOAD u8g/u8g_dev_ssd1351_128x128.o
LOAD u8g/u8g_dev_st7565_64128n.o
LOAD u8g/u8g_dev_st7565_dogm128.o
LOAD u8g/u8g_dev_st7565_dogm132.o
LOAD u8g/u8g_dev_st7565_lm6059.o
LOAD u8g/u8g_dev_st7565_lm6063.o
LOAD u8g/u8g_dev_st7565_nhd_c12832.o
LOAD u8g/u8g_dev_st7565_nhd_c12864.o
LOAD u8g/u8g_dev_st7687_c144mvgd.o
LOAD u8g/u8g_dev_st7920_128x64.o
LOAD u8g/u8g_dev_st7920_192x32.o
LOAD u8g/u8g_dev_st7920_202x32.o
LOAD u8g/u8g_dev_t6963_128x128.o
LOAD u8g/u8g_dev_t6963_128x64.o
LOAD u8g/u8g_dev_t6963_240x128.o
LOAD u8g/u8g_dev_t6963_240x64.o
LOAD u8g/u8g_dev_tls8204_84x48.o
LOAD u8g/u8g_dev_uc1601_c128032.o
LOAD u8g/u8g_dev_uc1608_240x128.o
LOAD u8g/u8g_dev_uc1608_240x64.o
LOAD u8g/u8g_dev_uc1610_dogxl160.o
LOAD u8g/u8g_dev_uc1611_dogm240.o
LOAD u8g/u8g_dev_uc1611_dogxl240.o
LOAD u8g/u8g_dev_uc1701_dogs102.o
LOAD u8g/u8g_dev_uc1701_mini12864.o
LOAD u8g/u8g_ellipse.o
LOAD u8g/u8g_font.o
LOAD u8g/u8g_font_04b_03.o
LOAD u8g/u8g_font_04b_03b.o
LOAD u8g/u8g_font_04b_03bn.o
LOAD u8g/u8g_font_04b_03br.o
LOAD u8g/u8g_font_04b_03n.o
LOAD u8g/u8g_font_04b_03r.o
LOAD u8g/u8g_font_04b_24.o
LOAD u8g/u8g_font_04b_24n.o
LOAD u8g/u8g_font_04b_24r.o
LOAD u8g/u8g_font_10x20.o
LOAD u8g/u8g_font_10x20r.o
LOAD u8g/u8g_font_10x20_67_75.o
LOAD u8g/u8g_font_10x20_75r.o
LOAD u8g/u8g_font_10x20_78_79.o
LOAD u8g/u8g_font_4x6.o
LOAD u8g/u8g_font_4x6r.o
LOAD u8g/u8g_font_5x7.o
LOAD u8g/u8g_font_5x7r.o
LOAD u8g/u8g_font_5x8.o
LOAD u8g/u8g_font_5x8r.o
LOAD u8g/u8g_font_6x10.o
LOAD u8g/u8g_font_6x10r.o
LOAD u8g/u8g_font_6x12.o
LOAD u8g/u8g_font_6x12r.o
LOAD u8g/u8g_font_6x12_67_75.o
LOAD u8g/u8g_font_6x12_75r.o
LOAD u8g/u8g_font_6x12_78_79.o
LOAD u8g/u8g_font_6x13.o
LOAD u8g/u8g_font_6x13B.o
LOAD u8g/u8g_font_6x13Br.o
LOAD u8g/u8g_font_6x13O.o
LOAD u8g/u8g_font_6x13Or.o
LOAD u8g/u8g_font_6x13r.o
LOAD u8g/u8g_font_6x13_67_75.o
LOAD u8g/u8g_font_6x13_75r.o
LOAD u8g/u8g_font_6x13_78_79.o
LOAD u8g/u8g_font_7x13.o
LOAD u8g/u8g_font_7x13B.o
LOAD u8g/u8g_font_7x13Br.o
LOAD u8g/u8g_font_7x13O.o
LOAD u8g/u8g_font_7x13Or.o
LOAD u8g/u8g_font_7x13r.o
LOAD u8g/u8g_font_7x13_67_75.o
LOAD u8g/u8g_font_7x13_75r.o
LOAD u8g/u8g_font_7x14.o
LOAD u8g/u8g_font_7x14B.o
LOAD u8g/u8g_font_7x14Br.o
LOAD u8g/u8g_font_7x14r.o
LOAD u8g/u8g_font_8x13.o
LOAD u8g/u8g_font_8x13B.o
LOAD u8g/u8g_font_8x13Br.o
LOAD u8g/u8g_font_8x13O.o
LOAD u8g/u8g_font_8x13Or.o
LOAD u8g/u8g_font_8x13r.o
LOAD u8g/u8g_font_8x13_67_75.o
LOAD u8g/u8g_font_8x13_75r.o
LOAD u8g/u8g_font_9x15.o
LOAD u8g/u8g_font_9x15B.o
LOAD u8g/u8g_font_9x15Br.o
LOAD u8g/u8g_font_9x15r.o
LOAD u8g/u8g_font_9x15_67_75.o
LOAD u8g/u8g_font_9x15_75r.o
LOAD u8g/u8g_font_9x15_78_79.o
LOAD u8g/u8g_font_9x18.o
LOAD u8g/u8g_font_9x18B.o
LOAD u8g/u8g_font_9x18Br.o
LOAD u8g/u8g_font_9x18r.o
LOAD u8g/u8g_font_9x18_67_75.o
LOAD u8g/u8g_font_9x18_75r.o
LOAD u8g/u8g_font_9x18_78_79.o
LOAD u8g/u8g_font_baby.o
LOAD u8g/u8g_font_babyn.o
LOAD u8g/u8g_font_babyr.o
LOAD u8g/u8g_font_blipfest_07.o
LOAD u8g/u8g_font_blipfest_07n.o
LOAD u8g/u8g_font_blipfest_07r.o
LOAD u8g/u8g_font_chikita.o
LOAD u8g/u8g_font_chikitan.o
LOAD u8g/u8g_font_chikitar.o
LOAD u8g/u8g_font_courb08.o
LOAD u8g/u8g_font_courb08r.o
LOAD u8g/u8g_font_courb10.o
LOAD u8g/u8g_font_courb10r.o
LOAD u8g/u8g_font_courb12.o
LOAD u8g/u8g_font_courb12r.o
LOAD u8g/u8g_font_courb14.o
LOAD u8g/u8g_font_courb14r.o
LOAD u8g/u8g_font_courb18.o
LOAD u8g/u8g_font_courb18r.o
LOAD u8g/u8g_font_courb24.o
LOAD u8g/u8g_font_courb24r.o
LOAD u8g/u8g_font_courb4n.o
LOAD u8g/u8g_font_courr08.o
LOAD u8g/u8g_font_courr08r.o
LOAD u8g/u8g_font_courr10.o
LOAD u8g/u8g_font_courr10r.o
LOAD u8g/u8g_font_courr12.o
LOAD u8g/u8g_font_courr12r.o
LOAD u8g/u8g_font_courr14.o
LOAD u8g/u8g_font_courr14r.o
LOAD u8g/u8g_font_courr18.o
LOAD u8g/u8g_font_courr18r.o
LOAD u8g/u8g_font_courr24.o
LOAD u8g/u8g_font_courr24n.o
LOAD u8g/u8g_font_courr24r.o
LOAD u8g/u8g_font_cu12.o
LOAD u8g/u8g_font_cu12_67_75.o
LOAD u8g/u8g_font_cu12_75r.o
LOAD u8g/u8g_font_cursor.o
LOAD u8g/u8g_font_cursorr.o
LOAD u8g/u8g_font_fixed_v0.o
LOAD u8g/u8g_font_fixed_v0n.o
LOAD u8g/u8g_font_fixed_v0r.o
LOAD u8g/u8g_font_freedoomr10r.o
LOAD u8g/u8g_font_freedoomr25n.o
LOAD u8g/u8g_font_fub11.o
LOAD u8g/u8g_font_fub11n.o
LOAD u8g/u8g_font_fub11r.o
LOAD u8g/u8g_font_fub14.o
LOAD u8g/u8g_font_fub14n.o
LOAD u8g/u8g_font_fub14r.o
LOAD u8g/u8g_font_fub17.o
LOAD u8g/u8g_font_fub17n.o
LOAD u8g/u8g_font_fub17r.o
LOAD u8g/u8g_font_fub20.o
LOAD u8g/u8g_font_fub20n.o
LOAD u8g/u8g_font_fub20r.o
LOAD u8g/u8g_font_fub25.o
LOAD u8g/u8g_font_fub25n.o
LOAD u8g/u8g_font_fub25r.o
LOAD u8g/u8g_font_fub30.o
LOAD u8g/u8g_font_fub30n.o
LOAD u8g/u8g_font_fub30r.o
LOAD u8g/u8g_font_fub35n.o
LOAD u8g/u8g_font_fub42n.o
LOAD u8g/u8g_font_fub49n.o
LOAD u8g/u8g_font_fur11.o
LOAD u8g/u8g_font_fur11n.o
LOAD u8g/u8g_font_fur11r.o
LOAD u8g/u8g_font_fur14.o
LOAD u8g/u8g_font_fur14n.o
LOAD u8g/u8g_font_fur14r.o
LOAD u8g/u8g_font_fur17.o
LOAD u8g/u8g_font_fur17n.o
LOAD u8g/u8g_font_fur17r.o
LOAD u8g/u8g_font_fur20.o
LOAD u8g/u8g_font_fur20n.o
LOAD u8g/u8g_font_fur20r.o
LOAD u8g/u8g_font_fur25.o
LOAD u8g/u8g_font_fur25n.o
LOAD u8g/u8g_font_fur25r.o
LOAD u8g/u8g_font_fur30.o
LOAD u8g/u8g_font_fur30n.o
LOAD u8g/u8g_font_fur30r.o
LOAD u8g/u8g_font_fur35n.o
LOAD u8g/u8g_font_fur42n.o
LOAD u8g/u8g_font_fur49n.o
LOAD u8g/u8g_font_gdb11.o
LOAD u8g/u8g_font_gdb11n.o
LOAD u8g/u8g_font_gdb11r.o
LOAD u8g/u8g_font_gdb12.o
LOAD u8g/u8g_font_gdb12n.o
LOAD u8g/u8g_font_gdb12r.o
LOAD u8g/u8g_font_gdb14.o
LOAD u8g/u8g_font_gdb14n.o
LOAD u8g/u8g_font_gdb14r.o
LOAD u8g/u8g_font_gdb17.o
LOAD u8g/u8g_font_gdb17n.o
LOAD u8g/u8g_font_gdb17r.o
LOAD u8g/u8g_font_gdb20.o
LOAD u8g/u8g_font_gdb20n.o
LOAD u8g/u8g_font_gdb20r.o
LOAD u8g/u8g_font_gdb25.o
LOAD u8g/u8g_font_gdb25n.o
LOAD u8g/u8g_font_gdb25r.o
LOAD u8g/u8g_font_gdb30.o
LOAD u8g/u8g_font_gdb30n.o
LOAD u8g/u8g_font_gdb30r.o
LOAD u8g/u8g_font_gdr10.o
LOAD u8g/u8g_font_gdr10n.o
LOAD u8g/u8g_font_gdr10r.o
LOAD u8g/u8g_font_gdr11.o
LOAD u8g/u8g_font_gdr11n.o
LOAD u8g/u8g_font_gdr11r.o
LOAD u8g/u8g_font_gdr12.o
LOAD u8g/u8g_font_gdr12n.o
LOAD u8g/u8g_font_gdr12r.o
LOAD u8g/u8g_font_gdr14.o
LOAD u8g/u8g_font_gdr14n.o
LOAD u8g/u8g_font_gdr14r.o
LOAD u8g/u8g_font_gdr17.o
LOAD u8g/u8g_font_gdr17n.o
LOAD u8g/u8g_font_gdr17r.o
LOAD u8g/u8g_font_gdr20.o
LOAD u8g/u8g_font_gdr20n.o
LOAD u8g/u8g_font_gdr20r.o
LOAD u8g/u8g_font_gdr25.o
LOAD u8g/u8g_font_gdr25n.o
LOAD u8g/u8g_font_gdr25r.o
LOAD u8g/u8g_font_gdr30.o
LOAD u8g/u8g_font_gdr30n.o
LOAD u8g/u8g_font_gdr30r.o
LOAD u8g/u8g_font_gdr9.o
LOAD u8g/u8g_font_gdr9n.o
LOAD u8g/u8g_font_gdr9r.o
LOAD u8g/u8g_font_helvb08.o
LOAD u8g/u8g_font_helvb08n.o
LOAD u8g/u8g_font_helvb08r.o
LOAD u8g/u8g_font_helvb10.o
LOAD u8g/u8g_font_helvb10n.o
LOAD u8g/u8g_font_helvb10r.o
LOAD u8g/u8g_font_helvb12.o
LOAD u8g/u8g_font_helvb12n.o
LOAD u8g/u8g_font_helvb12r.o
LOAD u8g/u8g_font_helvb14.o
LOAD u8g/u8g_font_helvb14n.o
LOAD u8g/u8g_font_helvb14r.o
LOAD u8g/u8g_font_helvb18.o
LOAD u8g/u8g_font_helvb18n.o
LOAD u8g/u8g_font_helvb18r.o
LOAD u8g/u8g_font_helvb24.o
LOAD u8g/u8g_font_helvb24n.o
LOAD u8g/u8g_font_helvb24r.o
LOAD u8g/u8g_font_helvr08.o
LOAD u8g/u8g_font_helvr08r.o
LOAD u8g/u8g_font_helvr10.o
LOAD u8g/u8g_font_helvr10r.o
LOAD u8g/u8g_font_helvr12.o
LOAD u8g/u8g_font_helvr12r.o
LOAD u8g/u8g_font_helvr14.o
LOAD u8g/u8g_font_helvr14r.o
LOAD u8g/u8g_font_helvr18.o
LOAD u8g/u8g_font_helvr18r.o
LOAD u8g/u8g_font_helvr24.o
LOAD u8g/u8g_font_helvr24n.o
LOAD u8g/u8g_font_helvr24r.o
LOAD u8g/u8g_font_lucasfont_alternate.o
LOAD u8g/u8g_font_lucasfont_alternaten.o
LOAD u8g/u8g_font_lucasfont_alternater.o
LOAD u8g/u8g_font_m2icon_5.o
LOAD u8g/u8g_font_m2icon_7.o
LOAD u8g/u8g_font_m2icon_9.o
LOAD u8g/u8g_font_micro.o
LOAD u8g/u8g_font_ncenb08.o
LOAD u8g/u8g_font_ncenb08r.o
LOAD u8g/u8g_font_ncenb10.o
LOAD u8g/u8g_font_ncenb10r.o
LOAD u8g/u8g_font_ncenb12.o
LOAD u8g/u8g_font_ncenb12r.o
LOAD u8g/u8g_font_ncenb14.o
LOAD u8g/u8g_font_ncenb14r.o
LOAD u8g/u8g_font_ncenb18.o
LOAD u8g/u8g_font_ncenb18r.o
LOAD u8g/u8g_font_ncenb24.o
LOAD u8g/u8g_font_ncenb24n.o
LOAD u8g/u8g_font_ncenb24r.o
LOAD u8g/u8g_font_ncenr08.o
LOAD u8g/u8g_font_ncenr08r.o
LOAD u8g/u8g_font_ncenr10.o
LOAD u8g/u8g_font_ncenr10r.o
LOAD u8g/u8g_font_ncenr12.o
LOAD u8g/u8g_font_ncenr12r.o
LOAD u8g/u8g_font_ncenr14.o
LOAD u8g/u8g_font_ncenr14r.o
LOAD u8g/u8g_font_ncenr18.o
LOAD u8g/u8g_font_ncenr18r.o
LOAD u8g/u8g_font_ncenr24.o
LOAD u8g/u8g_font_ncenr24n.o
LOAD u8g/u8g_font_ncenr24r.o
LOAD u8g/u8g_font_orgv01.o
LOAD u8g/u8g_font_orgv01n.o
LOAD u8g/u8g_font_orgv01r.o
LOAD u8g/u8g_font_osb18.o
LOAD u8g/u8g_font_osb18n.o
LOAD u8g/u8g_font_osb18r.o
LOAD u8g/u8g_font_osb21.o
LOAD u8g/u8g_font_osb21n.o
LOAD u8g/u8g_font_osb21r.o
LOAD u8g/u8g_font_osb26.o
LOAD u8g/u8g_font_osb26n.o
LOAD u8g/u8g_font_osb26r.o
LOAD u8g/u8g_font_osb29.o
LOAD u8g/u8g_font_osb29n.o
LOAD u8g/u8g_font_osb29r.o
LOAD u8g/u8g_font_osb35.o
LOAD u8g/u8g_font_osb35n.o
LOAD u8g/u8g_font_osb35r.o
LOAD u8g/u8g_font_osr18.o
LOAD u8g/u8g_font_osr18n.o
LOAD u8g/u8g_font_osr18r.o
LOAD u8g/u8g_font_osr21.o
LOAD u8g/u8g_font_osr21n.o
LOAD u8g/u8g_font_osr21r.o
LOAD u8g/u8g_font_osr26.o
LOAD u8g/u8g_font_osr26n.o
LOAD u8g/u8g_font_osr26r.o
LOAD u8g/u8g_font_osr29.o
LOAD u8g/u8g_font_osr29n.o
LOAD u8g/u8g_font_osr29r.o
LOAD u8g/u8g_font_osr35.o
LOAD u8g/u8g_font_osr35n.o
LOAD u8g/u8g_font_osr35r.o
LOAD u8g/u8g_font_p01type.o
LOAD u8g/u8g_font_p01typen.o
LOAD u8g/u8g_font_p01typer.o
LOAD u8g/u8g_font_pixelle_micro.o
LOAD u8g/u8g_font_pixelle_micron.o
LOAD u8g/u8g_font_pixelle_micror.o
LOAD u8g/u8g_font_profont10.o
LOAD u8g/u8g_font_profont10r.o
LOAD u8g/u8g_font_profont11.o
LOAD u8g/u8g_font_profont11r.o
LOAD u8g/u8g_font_profont12.o
LOAD u8g/u8g_font_profont12r.o
LOAD u8g/u8g_font_profont15.o
LOAD u8g/u8g_font_profont15r.o
LOAD u8g/u8g_font_profont17.o
LOAD u8g/u8g_font_profont17r.o
LOAD u8g/u8g_font_profont22.o
LOAD u8g/u8g_font_profont22r.o
LOAD u8g/u8g_font_profont29.o
LOAD u8g/u8g_font_profont29r.o
LOAD u8g/u8g_font_robot_de_niro.o
LOAD u8g/u8g_font_robot_de_niron.o
LOAD u8g/u8g_font_robot_de_niror.o
LOAD u8g/u8g_font_symb08.o
LOAD u8g/u8g_font_symb08r.o
LOAD u8g/u8g_font_symb10.o
LOAD u8g/u8g_font_symb10r.o
LOAD u8g/u8g_font_symb12.o
LOAD u8g/u8g_font_symb12r.o
LOAD u8g/u8g_font_symb14.o
LOAD u8g/u8g_font_symb14r.o
LOAD u8g/u8g_font_symb18.o
LOAD u8g/u8g_font_symb18r.o
LOAD u8g/u8g_font_symb24.o
LOAD u8g/u8g_font_symb24r.o
LOAD u8g/u8g_font_timb08.o
LOAD u8g/u8g_font_timb08r.o
LOAD u8g/u8g_font_timb10.o
LOAD u8g/u8g_font_timb10r.o
LOAD u8g/u8g_font_timb12.o
LOAD u8g/u8g_font_timb12r.o
LOAD u8g/u8g_font_timb14.o
LOAD u8g/u8g_font_timb14r.o
LOAD u8g/u8g_font_timb18.o
LOAD u8g/u8g_font_timb18r.o
LOAD u8g/u8g_font_timb24.o
LOAD u8g/u8g_font_timb24n.o
LOAD u8g/u8g_font_timb24r.o
LOAD u8g/u8g_font_timr08.o
LOAD u8g/u8g_font_timr08r.o
LOAD u8g/u8g_font_timr10.o
LOAD u8g/u8g_font_timr10r.o
LOAD u8g/u8g_font_timr12.o
LOAD u8g/u8g_font_timr12r.o
LOAD u8g/u8g_font_timr14.o
LOAD u8g/u8g_font_timr14r.o
LOAD u8g/u8g_font_timr18.o
LOAD u8g/u8g_font_timr18r.o
LOAD u8g/u8g_font_timr24.o
LOAD u8g/u8g_font_timr24n.o
LOAD u8g/u8g_font_timr24r.o
LOAD u8g/u8g_font_tpss.o
LOAD u8g/u8g_font_tpssb.o
LOAD u8g/u8g_font_tpssbn.o
LOAD u8g/u8g_font_tpssbr.o
LOAD u8g/u8g_font_tpssn.o
LOAD u8g/u8g_font_tpssr.o
LOAD u8g/u8g_font_trixel_square.o
LOAD u8g/u8g_font_trixel_squaren.o
LOAD u8g/u8g_font_trixel_squarer.o
LOAD u8g/u8g_font_u8glib_4.o
LOAD u8g/u8g_font_u8glib_4r.o
LOAD u8g/u8g_font_unifont.o
LOAD u8g/u8g_font_unifontr.o
LOAD u8g/u8g_font_unifont_0_8.o
LOAD u8g/u8g_font_unifont_12_13.o
LOAD u8g/u8g_font_unifont_18_19.o
LOAD u8g/u8g_font_unifont_2_3.o
LOAD u8g/u8g_font_unifont_4_5.o
LOAD u8g/u8g_font_unifont_67_75.o
LOAD u8g/u8g_font_unifont_72_73.o
LOAD u8g/u8g_font_unifont_75r.o
LOAD u8g/u8g_font_unifont_76.o
LOAD u8g/u8g_font_unifont_77.o
LOAD u8g/u8g_font_unifont_78_79.o
LOAD u8g/u8g_font_unifont_86.o
LOAD u8g/u8g_font_unifont_8_9.o
LOAD u8g/u8g_line.o
LOAD u8g/u8g_ll_api.o
LOAD u8g/u8g_page.o
LOAD u8g/u8g_pb.o
LOAD u8g/u8g_pb14v1.o
LOAD u8g/u8g_pb16h1.o
LOAD u8g/u8g_pb16h2.o
LOAD u8g/u8g_pb16v1.o
LOAD u8g/u8g_pb16v2.o
LOAD u8g/u8g_pb32h1.o
LOAD u8g/u8g_pb8h1.o
LOAD u8g/u8g_pb8h1f.o
LOAD u8g/u8g_pb8h2.o
LOAD u8g/u8g_pb8h8.o
LOAD u8g/u8g_pb8v1.o
LOAD u8g/u8g_pb8v2.o
LOAD u8g/u8g_pbxh16.o
LOAD u8g/u8g_pbxh24.o
LOAD u8g/u8g_polygon.o
LOAD u8g/u8g_rect.o
LOAD u8g/u8g_rot.o
LOAD u8g/u8g_scale.o
LOAD u8g/u8g_state.o
LOAD u8g/u8g_u16toa.o
LOAD u8g/u8g_u8toa.o
LOAD u8g/u8g_virtual_screen.o
LOAD yeasu/ft-857d.o
START GROUP
LOAD c:/program files (x86)/atmel/atmel toolchain/avr8 gcc/native/3.4.1056/avr8-gnu-toolchain/bin/../lib/gcc/avr/4.8.1/../../../../avr/lib/avrxmega5\libm.a
LOAD c:/program files (x86)/atmel/atmel toolchain/avr8 gcc/native/3.4.1056/avr8-gnu-toolchain/bin/../lib/gcc/avr/4.8.1/../../../../avr/lib/avrxmega5\libprintf_flt.a
LOAD c:/program files (x86)/atmel/atmel toolchain/avr8 gcc/native/3.4.1056/avr8-gnu-toolchain/bin/../lib/gcc/avr/4.8.1/../../../../avr/lib/avrxmega5\libscanf_flt.a
END GROUP
START GROUP
LOAD c:/program files (x86)/atmel/atmel toolchain/avr8 gcc/native/3.4.1056/avr8-gnu-toolchain/bin/../lib/gcc/avr/4.8.1/avrxmega5\libgcc.a
LOAD c:/program files (x86)/atmel/atmel toolchain/avr8 gcc/native/3.4.1056/avr8-gnu-toolchain/bin/../lib/gcc/avr/4.8.1/../../../../avr/lib/avrxmega5\libm.a
LOAD c:/program files (x86)/atmel/atmel toolchain/avr8 gcc/native/3.4.1056/avr8-gnu-toolchain/bin/../lib/gcc/avr/4.8.1/../../../../avr/lib/avrxmega5\libc.a
END GROUP

.hash
 *(.hash)

.dynsym
 *(.dynsym)

.dynstr
 *(.dynstr)

.gnu.version
 *(.gnu.version)

.gnu.version_d
 *(.gnu.version_d)

.gnu.version_r
 *(.gnu.version_r)

.rel.init
 *(.rel.init)

.rela.init
 *(.rela.init)

.rel.text
 *(.rel.text)
 *(.rel.text.*)
 *(.rel.gnu.linkonce.t*)

.rela.text
 *(.rela.text)
 *(.rela.text.*)
 *(.rela.gnu.linkonce.t*)

.rel.fini
 *(.rel.fini)

.rela.fini
 *(.rela.fini)

.rel.rodata
 *(.rel.rodata)
 *(.rel.rodata.*)
 *(.rel.gnu.linkonce.r*)

.rela.rodata
 *(.rela.rodata)
 *(.rela.rodata.*)
 *(.rela.gnu.linkonce.r*)

.rel.data
 *(.rel.data)
 *(.rel.data.*)
 *(.rel.gnu.linkonce.d*)

.rela.data
 *(.rela.data)
 *(.rela.data.*)
 *(.rela.gnu.linkonce.d*)

.rel.ctors
 *(.rel.ctors)

.rela.ctors
 *(.rela.ctors)

.rel.dtors
 *(.rel.dtors)

.rela.dtors
 *(.rela.dtors)

.rel.got
 *(.rel.got)

.rela.got
 *(.rela.got)

.rel.bss
 *(.rel.bss)

.rela.bss
 *(.rela.bss)

.rel.plt
 *(.rel.plt)

.rela.plt
 *(.rela.plt)

.text           0x00000000     0x723a
 *(.vectors)
 .vectors       0x00000000      0x1f4 c:/program files (x86)/atmel/atmel toolchain/avr8 gcc/native/3.4.1056/avr8-gnu-toolchain/bin/../lib/gcc/avr/4.8.1/../../../../avr/lib/avrxmega5/crtx64a1.o
                0x00000000                __vector_default
                0x00000000                __vectors
 *(.vectors)
 *(.progmem.gcc*)
 .progmem.gcc_sw_table.u8g_com_atmega_parallel_fn
                0x000001f4        0xe u8g/u8g_com_atmega_parallel.o
 .progmem.gcc_sw_table.u8g_dev_pb8v1_base_fn
                0x00000202       0x68 u8g/u8g_pb8v1.o
 .progmem.gcc_fplib
                0x0000026a       0x1e c:/program files (x86)/atmel/atmel toolchain/avr8 gcc/native/3.4.1056/avr8-gnu-toolchain/bin/../lib/gcc/avr/4.8.1/../../../../avr/lib/avrxmega5\libm.a(fp_sinus.o)
                0x00000288                . = ALIGN (0x2)
                0x00000288                __trampolines_start = .
 *(.trampolines)
 .trampolines   0x00000288        0x0 linker stubs
 *(.trampolines*)
                0x00000288                __trampolines_end = .
 *(.progmem*)
 .progmem.data.u8g_avr_port_P
                0x00000288        0xa u8g/u8g_com_io.o
                0x00000288                u8g_avr_port_P
 .progmem.data.u8g_avr_ddr_P
                0x00000292        0xa u8g/u8g_com_io.o
                0x00000292                u8g_avr_ddr_P
 .progmem.data.u8g_dev_ks0108_128x64_init_seq
                0x0000029c       0x16 u8g/u8g_dev_ks0108_128x64.o
 .progmem.u8g_font_6x10
                0x000002b2      0x74a u8g/u8g_font_6x10.o
                0x000002b2                u8g_font_6x10
 .progmem.data  0x000009fc        0x8 c:/program files (x86)/atmel/atmel toolchain/avr8 gcc/native/3.4.1056/avr8-gnu-toolchain/bin/../lib/gcc/avr/4.8.1/../../../../avr/lib/avrxmega5\libprintf_flt.a(vfprintf_flt.o)
 .progmem.data  0x00000a04       0xfa c:/program files (x86)/atmel/atmel toolchain/avr8 gcc/native/3.4.1056/avr8-gnu-toolchain/bin/../lib/gcc/avr/4.8.1/../../../../avr/lib/avrxmega5\libc.a(ftoa_engine.o)
                0x00000afe                . = ALIGN (0x2)
 *(.jumptables)
 *(.jumptables*)
 *(.lowtext)
 *(.lowtext*)
                0x00000afe                __ctors_start = .
 *(.ctors)
                0x00000afe                __ctors_end = .
                0x00000afe                __dtors_start = .
 *(.dtors)
                0x00000afe                __dtors_end = .
 SORT(*)(.ctors)
 SORT(*)(.dtors)
 *(.init0)
 .init0         0x00000afe        0x0 c:/program files (x86)/atmel/atmel toolchain/avr8 gcc/native/3.4.1056/avr8-gnu-toolchain/bin/../lib/gcc/avr/4.8.1/../../../../avr/lib/avrxmega5/crtx64a1.o
                0x00000afe                __init
 *(.init0)
 *(.init1)
 *(.init1)
 *(.init2)
 .init2         0x00000afe       0x14 c:/program files (x86)/atmel/atmel toolchain/avr8 gcc/native/3.4.1056/avr8-gnu-toolchain/bin/../lib/gcc/avr/4.8.1/../../../../avr/lib/avrxmega5/crtx64a1.o
 *(.init2)
 *(.init3)
 *(.init3)
 *(.init4)
 .init4         0x00000b12       0x1c c:/program files (x86)/atmel/atmel toolchain/avr8 gcc/native/3.4.1056/avr8-gnu-toolchain/bin/../lib/gcc/avr/4.8.1/avrxmega5\libgcc.a(_copy_data.o)
                0x00000b12                __do_copy_data
 .init4         0x00000b2e       0x10 c:/program files (x86)/atmel/atmel toolchain/avr8 gcc/native/3.4.1056/avr8-gnu-toolchain/bin/../lib/gcc/avr/4.8.1/avrxmega5\libgcc.a(_clear_bss.o)
                0x00000b2e                __do_clear_bss
 *(.init4)
 *(.init5)
 *(.init5)
 *(.init6)
 *(.init6)
 *(.init7)
 *(.init7)
 *(.init8)
 *(.init8)
 *(.init9)
 .init9         0x00000b3e        0x8 c:/program files (x86)/atmel/atmel toolchain/avr8 gcc/native/3.4.1056/avr8-gnu-toolchain/bin/../lib/gcc/avr/4.8.1/../../../../avr/lib/avrxmega5/crtx64a1.o
 *(.init9)
 *(.text)
 .text          0x00000b46        0x4 c:/program files (x86)/atmel/atmel toolchain/avr8 gcc/native/3.4.1056/avr8-gnu-toolchain/bin/../lib/gcc/avr/4.8.1/../../../../avr/lib/avrxmega5/crtx64a1.o
                0x00000b46                __vector_38
                0x00000b46                __vector_104
                0x00000b46                __vector_22
                0x00000b46                __vector_63
                0x00000b46                __vector_28
                0x00000b46                __vector_67
                0x00000b46                __vector_1
                0x00000b46                __vector_32
                0x00000b46                __vector_75
                0x00000b46                __vector_71
                0x00000b46                __vector_91
                0x00000b46                __vector_34
                0x00000b46                __vector_62
                0x00000b46                __vector_77
                0x00000b46                __vector_102
                0x00000b46                __vector_24
                0x00000b46                __vector_12
                0x00000b46                __vector_55
                0x00000b46                __vector_69
                0x00000b46                __vector_81
                0x00000b46                __vector_90
                0x00000b46                __vector_46
                0x00000b46                __bad_interrupt
                0x00000b46                __vector_122
                0x00000b46                __vector_72
                0x00000b46                __vector_114
                0x00000b46                __vector_6
                0x00000b46                __vector_110
                0x00000b46                __vector_31
                0x00000b46                __vector_92
                0x00000b46                __vector_35
                0x00000b46                __vector_78
                0x00000b46                __vector_74
                0x00000b46                __vector_117
                0x00000b46                __vector_39
                0x00000b46                __vector_107
                0x00000b46                __vector_3
                0x00000b46                __vector_105
                0x00000b46                __vector_98
                0x00000b46                __vector_23
                0x00000b46                __vector_68
                0x00000b46                __vector_30
                0x00000b46                __vector_73
                0x00000b46                __vector_45
                0x00000b46                __vector_93
                0x00000b46                __vector_61
                0x00000b46                __vector_11
                0x00000b46                __vector_54
                0x00000b46                __vector_99
                0x00000b46                __vector_13
                0x00000b46                __vector_17
                0x00000b46                __vector_19
                0x00000b46                __vector_56
                0x00000b46                __vector_7
                0x00000b46                __vector_49
                0x00000b46                __vector_123
                0x00000b46                __vector_41
                0x00000b46                __vector_86
                0x00000b46                __vector_100
                0x00000b46                __vector_101
                0x00000b46                __vector_109
                0x00000b46                __vector_43
                0x00000b46                __vector_27
                0x00000b46                __vector_5
                0x00000b46                __vector_113
                0x00000b46                __vector_33
                0x00000b46                __vector_76
                0x00000b46                __vector_115
                0x00000b46                __vector_47
                0x00000b46                __vector_52
                0x00000b46                __vector_37
                0x00000b46                __vector_95
                0x00000b46                __vector_103
                0x00000b46                __vector_89
                0x00000b46                __vector_108
                0x00000b46                __vector_4
                0x00000b46                __vector_44
                0x00000b46                __vector_82
                0x00000b46                __vector_106
                0x00000b46                __vector_118
                0x00000b46                __vector_51
                0x00000b46                __vector_9
                0x00000b46                __vector_2
                0x00000b46                __vector_21
                0x00000b46                __vector_15
                0x00000b46                __vector_36
                0x00000b46                __vector_79
                0x00000b46                __vector_58
                0x00000b46                __vector_70
                0x00000b46                __vector_83
                0x00000b46                __vector_29
                0x00000b46                __vector_60
                0x00000b46                __vector_121
                0x00000b46                __vector_40
                0x00000b46                __vector_85
                0x00000b46                __vector_94
                0x00000b46                __vector_8
                0x00000b46                __vector_26
                0x00000b46                __vector_48
                0x00000b46                __vector_124
                0x00000b46                __vector_116
                0x00000b46                __vector_112
                0x00000b46                __vector_111
                0x00000b46                __vector_80
                0x00000b46                __vector_84
                0x00000b46                __vector_57
                0x00000b46                __vector_53
                0x00000b46                __vector_10
                0x00000b46                __vector_50
                0x00000b46                __vector_16
                0x00000b46                __vector_59
                0x00000b46                __vector_18
                0x00000b46                __vector_20
                0x00000b46                __vector_42
                0x00000b46                __vector_87
                0x00000b46                __vector_65
                0x00000b46                __vector_120
                0x00000b4a                . = ALIGN (0x2)
 *(.text.*)
 .text.CAN_MCP2515_setBitrate
                0x00000b4a      0x14a can/can.o
                0x00000b4a                CAN_MCP2515_setBitrate
 .text.CAN_init
                0x00000c94       0x8e can/can.o
                0x00000c94                CAN_init
 .text.CAN_message_send
                0x00000d22       0x48 can/can.o
                0x00000d22                CAN_message_send
 .text.CAN_data_receive
                0x00000d6a       0x62 can/can.o
                0x00000d6a                CAN_data_receive
 .text.mcp2515_read
                0x00000dcc       0x32 can/MCP2515.o
                0x00000dcc                mcp2515_read
 .text.mcp2515_write
                0x00000dfe       0x3c can/MCP2515.o
                0x00000dfe                mcp2515_write
 .text.mcp2515_read_register
                0x00000e3a       0x32 can/MCP2515.o
                0x00000e3a                mcp2515_read_register
 .text.CAN_MCP2515_clearRxBuffers
                0x00000e6c       0x5c can/MCP2515.o
                0x00000e6c                CAN_MCP2515_clearRxBuffers
 .text.CAN_MCP2515_clearTxBuffers
                0x00000ec8       0x84 can/MCP2515.o
                0x00000ec8                CAN_MCP2515_clearTxBuffers
 .text.mcp2515_request_to_send
                0x00000f4c       0x4e can/MCP2515.o
                0x00000f4c                mcp2515_request_to_send
 .text.mcp2515_bit_modify
                0x00000f9a       0x4a can/MCP2515.o
                0x00000f9a                mcp2515_bit_modify
 .text.mcp2515_reset
                0x00000fe4       0x20 can/MCP2515.o
                0x00000fe4                mcp2515_reset
 .text.mcp2515_init
                0x00001004        0xc can/MCP2515.o
                0x00001004                mcp2515_init
 .text.can_queue_Enqueue
                0x00001010       0x92 CAN_Queue.o
                0x00001010                can_queue_Enqueue
 .text.can_queue_Dequeue
                0x000010a2       0x40 CAN_Queue.o
                0x000010a2                can_queue_Dequeue
 .text.can_queue_Front
                0x000010e2       0x22 CAN_Queue.o
                0x000010e2                can_queue_Front
 .text.can_queue_is_empty
                0x00001104       0x16 CAN_Queue.o
                0x00001104                can_queue_is_empty
 .text.uart_putchar
                0x0000111a       0x24 rotor controller.o
 .text.uart_getchar
                0x0000113e       0x26 rotor controller.o
                0x0000113e                uart_getchar
 .text.setClockTo32MHz
                0x00001164       0x34 rotor controller.o
                0x00001164                setClockTo32MHz
 .text.send_data_to_pi
                0x00001198       0x46 rotor controller.o
                0x00001198                send_data_to_pi
 .text.send_data_to_freq
                0x000011de       0x7a rotor controller.o
                0x000011de                send_data_to_freq
 .text.send_data_on_canbus
                0x00001258       0x5a rotor controller.o
                0x00001258                send_data_on_canbus
 .text.send_tx_message
                0x000012b2       0x3a rotor controller.o
                0x000012b2                send_tx_message
 .text.send_stoptx_message
                0x000012ec       0x52 rotor controller.o
                0x000012ec                send_stoptx_message
 .text.trasmit_slide
                0x0000133e      0x208 rotor controller.o
                0x0000133e                trasmit_slide
 .text.screen_int
                0x00001546       0x70 rotor controller.o
                0x00001546                screen_int
 .text.Select_buttion
                0x000015b6       0x1c rotor controller.o
                0x000015b6                Select_buttion
 .text.hr_x_coordinate_finder
                0x000015d2       0x5e rotor controller.o
                0x000015d2                hr_x_coordinate_finder
 .text.hr_y_coordinate_finder
                0x00001630       0x5e rotor controller.o
                0x00001630                hr_y_coordinate_finder
 .text.draw_angel_circle
                0x0000168e       0xea rotor controller.o
                0x0000168e                draw_angel_circle
 .text.setUpSerial_main
                0x00001778       0x60 rotor controller.o
                0x00001778                setUpSerial_main
 .text.setUpSerial_rpt
                0x000017d8       0x6a rotor controller.o
                0x000017d8                setUpSerial_rpt
 .text.setup    0x00001842      0x194 rotor controller.o
                0x00001842                setup
 .text.sendChar_d
                0x000019d6       0x10 rotor controller.o
                0x000019d6                sendChar_d
 .text.sendChar_f
                0x000019e6       0x10 rotor controller.o
                0x000019e6                sendChar_f
 .text.sendString_f
                0x000019f6       0x1e rotor controller.o
                0x000019f6                sendString_f
 .text.easy_com_angel
                0x00001a14      0x2d6 rotor controller.o
                0x00001a14                easy_com_angel
 .text.get_band
                0x00001cea      0x22e rotor controller.o
                0x00001cea                get_band
 .text.main_screen
                0x00001f18      0x508 rotor controller.o
                0x00001f18                main_screen
 .text.main     0x00002420      0x1b4 rotor controller.o
                0x00002420                main
 .text.__vector_119
                0x000025d4       0x98 rotor controller.o
                0x000025d4                __vector_119
 .text.__vector_96
                0x0000266c       0x74 rotor controller.o
                0x0000266c                __vector_96
 .text.__vector_97
                0x000026e0       0x1e rotor controller.o
                0x000026e0                __vector_97
 .text.__vector_64
                0x000026fe       0x32 rotor controller.o
                0x000026fe                __vector_64
 .text.__vector_66
                0x00002730       0x58 rotor controller.o
                0x00002730                __vector_66
 .text.SPI_init
                0x00002788       0x14 can_spi.o
                0x00002788                SPI_init
 .text.SPI_write
                0x0000279c       0x16 can_spi.o
                0x0000279c                SPI_write
 .text.SPI_read
                0x000027b2        0xe can_spi.o
                0x000027b2                SPI_read
 .text.fat_get_next_cluster
                0x000027c0      0x166 sdcard/fat.o
 .text.fat_cluster_offset
                0x00002926       0xc6 sdcard/fat.o
 .text.fat_calc_83_checksum
                0x000029ec       0x16 sdcard/fat.o
 .text.fat_dir_entry_read_callback
                0x00002a02      0x300 sdcard/fat.o
 .text.fat_open
                0x00002d02      0x538 sdcard/fat.o
                0x00002d02                fat_open
 .text.fat_open_dir
                0x0000323a       0x84 sdcard/fat.o
                0x0000323a                fat_open_dir
 .text.fat_close_dir
                0x000032be        0xc sdcard/fat.o
                0x000032be                fat_close_dir
 .text.fat_reset_dir
                0x000032ca       0x22 sdcard/fat.o
                0x000032ca                fat_reset_dir
 .text.fat_read_dir
                0x000032ec      0x264 sdcard/fat.o
                0x000032ec                fat_read_dir
 .text.fat_get_dir_entry_of_path
                0x00003550      0x148 sdcard/fat.o
                0x00003550                fat_get_dir_entry_of_path
 .text.partition_open
                0x00003698      0x154 sdcard/partition.o
                0x00003698                partition_open
 .text.sd_raw_send_byte
                0x000037ec        0xe sdcard/sd_raw.o
 .text.sd_raw_rec_byte
                0x000037fa       0x16 sdcard/sd_raw.o
 .text.sd_raw_send_command
                0x00003810       0x78 sdcard/sd_raw.o
 .text.sd_raw_sync
                0x00003888       0x5c sdcard/sd_raw.o
                0x00003888                sd_raw_sync
 .text.sd_raw_read
                0x000038e4      0x272 sdcard/sd_raw.o
                0x000038e4                sd_raw_read
 .text.sd_raw_init
                0x00003b56      0x20c sdcard/sd_raw.o
                0x00003b56                sd_raw_init
 .text.sd_raw_read_interval
                0x00003d62      0x154 sdcard/sd_raw.o
                0x00003d62                sd_raw_read_interval
 .text.sd_raw_write
                0x00003eb6      0x2a2 sdcard/sd_raw.o
                0x00003eb6                sd_raw_write
 .text.sd_raw_write_interval
                0x00004158      0x16c sdcard/sd_raw.o
                0x00004158                sd_raw_write_interval
 .text.sd_card_open
                0x000042c4       0xb8 sdcard_driver.o
                0x000042c4                sd_card_open
 .text.u8g_draw_circle_section
                0x0000437c       0xa4 u8g/u8g_circle.o
 .text.u8g_draw_circle
                0x00004420       0x8a u8g/u8g_circle.o
                0x00004420                u8g_draw_circle
 .text.u8g_DrawCircle
                0x000044aa       0x4e u8g/u8g_circle.o
                0x000044aa                u8g_DrawCircle
 .text.u8g_IsBBXIntersection
                0x000044f8       0x64 u8g/u8g_clip.o
                0x000044f8                u8g_IsBBXIntersection
 .text.u8g_InitCom
                0x0000455c       0x14 u8g/u8g_com_api.o
                0x0000455c                u8g_InitCom
 .text.u8g_SetChipSelect
                0x00004570       0x14 u8g/u8g_com_api.o
                0x00004570                u8g_SetChipSelect
 .text.u8g_SetResetLow
                0x00004584       0x16 u8g/u8g_com_api.o
                0x00004584                u8g_SetResetLow
 .text.u8g_SetResetHigh
                0x0000459a       0x16 u8g/u8g_com_api.o
                0x0000459a                u8g_SetResetHigh
 .text.u8g_SetAddress
                0x000045b0       0x14 u8g/u8g_com_api.o
                0x000045b0                u8g_SetAddress
 .text.u8g_WriteByte
                0x000045c4       0x14 u8g/u8g_com_api.o
                0x000045c4                u8g_WriteByte
 .text.u8g_WriteSequence
                0x000045d8       0x10 u8g/u8g_com_api.o
                0x000045d8                u8g_WriteSequence
 .text.u8g_WriteEscSeqP
                0x000045e8       0xf4 u8g/u8g_com_api.o
                0x000045e8                u8g_WriteEscSeqP
 .text.u8g_com_atmega_parallel_write
                0x000046dc       0x90 u8g/u8g_com_atmega_parallel.o
 .text.u8g_com_atmega_parallel_fn
                0x0000476c      0x174 u8g/u8g_com_atmega_parallel.o
                0x0000476c                u8g_com_atmega_parallel_fn
 .text.u8g_get_avr_io_ptr
                0x000048e0       0x2e u8g/u8g_com_io.o
 .text.u8g_Pin  0x0000490e        0xa u8g/u8g_com_io.o
                0x0000490e                u8g_Pin
 .text.u8g_SetPinOutput
                0x00004918       0x32 u8g/u8g_com_io.o
                0x00004918                u8g_SetPinOutput
 .text.u8g_SetPinLevel
                0x0000494a       0x64 u8g/u8g_com_io.o
                0x0000494a                u8g_SetPinLevel
 .text.u8g_SetPIOutput
                0x000049ae       0x12 u8g/u8g_com_io.o
                0x000049ae                u8g_SetPIOutput
 .text.u8g_SetPILevel
                0x000049c0       0x14 u8g/u8g_com_io.o
                0x000049c0                u8g_SetPILevel
 .text.u8g_Delay
                0x000049d4       0x16 u8g/u8g_delay.o
                0x000049d4                u8g_Delay
 .text.u8g_dev_ks0108_128x64_fn
                0x000049ea      0x11c u8g/u8g_dev_ks0108_128x64.o
                0x000049ea                u8g_dev_ks0108_128x64_fn
 .text.u8g_font_get_word
                0x00004b06       0x18 u8g/u8g_font.o
 .text.u8g_font_GetFormat
                0x00004b1e        0x6 u8g/u8g_font.o
 .text.u8g_font_GetFontGlyphStructureSize
                0x00004b24       0x14 u8g/u8g_font.o
 .text.u8g_font_calc_vref_font
                0x00004b38        0x4 u8g/u8g_font.o
                0x00004b38                u8g_font_calc_vref_font
 .text.u8g_font_calc_vref_top
                0x00004b3c        0x8 u8g/u8g_font.o
                0x00004b3c                u8g_font_calc_vref_top
 .text.u8g_font_GetEncoding65Pos
                0x00004b44        0x8 u8g/u8g_font.o
                0x00004b44                u8g_font_GetEncoding65Pos
 .text.u8g_font_GetEncoding97Pos
                0x00004b4c        0x8 u8g/u8g_font.o
                0x00004b4c                u8g_font_GetEncoding97Pos
 .text.u8g_font_GetFontStartEncoding
                0x00004b54        0x8 u8g/u8g_font.o
                0x00004b54                u8g_font_GetFontStartEncoding
 .text.u8g_font_GetFontEndEncoding
                0x00004b5c        0x8 u8g/u8g_font.o
                0x00004b5c                u8g_font_GetFontEndEncoding
 .text.u8g_GetGlyph
                0x00004b64      0x1d2 u8g/u8g_font.o
                0x00004b64                u8g_GetGlyph
 .text.u8g_draw_glyph
                0x00004d36       0xde u8g/u8g_font.o
                0x00004d36                u8g_draw_glyph
 .text.u8g_DrawStr
                0x00004e14       0x58 u8g/u8g_font.o
                0x00004e14                u8g_DrawStr
 .text.u8g_UpdateRefHeight
                0x00004e6c       0xac u8g/u8g_font.o
                0x00004e6c                u8g_UpdateRefHeight
 .text.u8g_SetFontRefHeightText
                0x00004f18        0xa u8g/u8g_font.o
                0x00004f18                u8g_SetFontRefHeightText
 .text.u8g_SetFontPosBaseline
                0x00004f22        0xc u8g/u8g_font.o
                0x00004f22                u8g_SetFontPosBaseline
 .text.u8g_SetFontPosTop
                0x00004f2e        0xc u8g/u8g_font.o
                0x00004f2e                u8g_SetFontPosTop
 .text.u8g_SetFont
                0x00004f3a       0x28 u8g/u8g_font.o
                0x00004f3a                u8g_SetFont
 .text.u8g_DrawLine
                0x00004f62       0xb6 u8g/u8g_line.o
                0x00004f62                u8g_DrawLine
 .text.u8g_init_data
                0x00005018       0x54 u8g/u8g_ll_api.o
 .text.u8g_call_dev_fn
                0x0000506c        0xa u8g/u8g_ll_api.o
                0x0000506c                u8g_call_dev_fn
 .text.u8g_InitLL
                0x00005076       0x40 u8g/u8g_ll_api.o
                0x00005076                u8g_InitLL
 .text.u8g_FirstPageLL
                0x000050b6       0x4c u8g/u8g_ll_api.o
                0x000050b6                u8g_FirstPageLL
 .text.u8g_NextPageLL
                0x00005102       0x58 u8g/u8g_ll_api.o
                0x00005102                u8g_NextPageLL
 .text.u8g_DrawPixelLL
                0x0000515a       0x14 u8g/u8g_ll_api.o
                0x0000515a                u8g_DrawPixelLL
 .text.u8g_GetWidthLL
                0x0000516e       0x20 u8g/u8g_ll_api.o
                0x0000516e                u8g_GetWidthLL
 .text.u8g_GetHeightLL
                0x0000518e       0x20 u8g/u8g_ll_api.o
                0x0000518e                u8g_GetHeightLL
 .text.u8g_GetModeLL
                0x000051ae        0xc u8g/u8g_ll_api.o
                0x000051ae                u8g_GetModeLL
 .text.u8g_UpdateDimension
                0x000051ba       0x40 u8g/u8g_ll_api.o
                0x000051ba                u8g_UpdateDimension
 .text.u8g_Begin
                0x000051fa       0x24 u8g/u8g_ll_api.o
                0x000051fa                u8g_Begin
 .text.u8g_Init8Bit
                0x0000521e       0x7c u8g/u8g_ll_api.o
                0x0000521e                u8g_Init8Bit
 .text.u8g_FirstPage
                0x0000529a        0xc u8g/u8g_ll_api.o
                0x0000529a                u8g_FirstPage
 .text.u8g_NextPage
                0x000052a6       0x20 u8g/u8g_ll_api.o
                0x000052a6                u8g_NextPage
 .text.u8g_DrawPixel
                0x000052c6       0x12 u8g/u8g_ll_api.o
                0x000052c6                u8g_DrawPixel
 .text.u8g_Draw8Pixel
                0x000052d8       0x24 u8g/u8g_ll_api.o
                0x000052d8                u8g_Draw8Pixel
 .text.u8g_GetDefaultForegroundColor
                0x000052fc       0x18 u8g/u8g_ll_api.o
                0x000052fc                u8g_GetDefaultForegroundColor
 .text.u8g_SetDefaultForegroundColor
                0x00005314       0x22 u8g/u8g_ll_api.o
                0x00005314                u8g_SetDefaultForegroundColor
 .text.u8g_SetDefaultBackgroundColor
                0x00005336        0x6 u8g/u8g_ll_api.o
                0x00005336                u8g_SetDefaultBackgroundColor
 .text.u8g_page_First
                0x0000533c        0xe u8g/u8g_page.o
                0x0000533c                u8g_page_First
 .text.u8g_page_Next
                0x0000534a       0x2c u8g/u8g_page.o
                0x0000534a                u8g_page_Next
 .text.u8g_pb_Clear
                0x00005376       0x20 u8g/u8g_pb.o
                0x00005376                u8g_pb_Clear
 .text.u8g_pb_IsYIntersection
                0x00005396       0x2a u8g/u8g_pb.o
                0x00005396                u8g_pb_IsYIntersection
 .text.u8g_pb_GetPageBox
                0x000053c0       0x20 u8g/u8g_pb.o
                0x000053c0                u8g_pb_GetPageBox
 .text.u8g_pb_Is8PixelVisible
                0x000053e0       0x24 u8g/u8g_pb.o
                0x000053e0                u8g_pb_Is8PixelVisible
 .text.u8g_pb8v1_set_pixel
                0x00005404       0x3e u8g/u8g_pb8v1.o
                0x00005404                u8g_pb8v1_set_pixel
 .text.u8g_pb8v1_SetPixel
                0x00005442       0x2a u8g/u8g_pb8v1.o
                0x00005442                u8g_pb8v1_SetPixel
 .text.u8g_pb8v1_Set8PixelOpt2
                0x0000546c       0x74 u8g/u8g_pb8v1.o
                0x0000546c                u8g_pb8v1_Set8PixelOpt2
 .text.u8g_dev_pb8v1_base_fn
                0x000054e0       0xa0 u8g/u8g_pb8v1.o
                0x000054e0                u8g_dev_pb8v1_base_fn
 .text.u8g_draw_hline
                0x00005580       0x8a u8g/u8g_rect.o
                0x00005580                u8g_draw_hline
 .text.u8g_draw_vline
                0x0000560a       0x8a u8g/u8g_rect.o
                0x0000560a                u8g_draw_vline
 .text.u8g_DrawFrame
                0x00005694       0x68 u8g/u8g_rect.o
                0x00005694                u8g_DrawFrame
 .text.u8g_draw_box
                0x000056fc       0x34 u8g/u8g_rect.o
                0x000056fc                u8g_draw_box
 .text.u8g_DrawBox
                0x00005730       0x3a u8g/u8g_rect.o
                0x00005730                u8g_DrawBox
 .text.u8g_DrawRFrame
                0x0000576a       0xec u8g/u8g_rect.o
                0x0000576a                u8g_DrawRFrame
 .text.u8g_state_dummy_cb
                0x00005856        0x2 u8g/u8g_state.o
                0x00005856                u8g_state_dummy_cb
 .text.setup_timmer
                0x00005858       0x1e yeasu/ft-857d.o
                0x00005858                setup_timmer
 .text.send_get_freq
                0x00005876       0x72 yeasu/ft-857d.o
                0x00005876                send_get_freq
 .text.send_get_status
                0x000058e8       0x68 yeasu/ft-857d.o
                0x000058e8                send_get_status
 .text.send_get_rxstatus
                0x00005950       0x68 yeasu/ft-857d.o
                0x00005950                send_get_rxstatus
 .text.from_bcd_be
                0x000059b8      0x112 yeasu/ft-857d.o
                0x000059b8                from_bcd_be
 .text.__vector_88
                0x00005aca       0xce yeasu/ft-857d.o
                0x00005aca                __vector_88
 .text.__vector_25
                0x00005b98       0xae yeasu/ft-857d.o
                0x00005b98                __vector_25
 .text.__vector_14
                0x00005c46      0x132 yeasu/ft-857d.o
                0x00005c46                __vector_14
 .text.avr-libc.fplib
                0x00005d78        0xa c:/program files (x86)/atmel/atmel toolchain/avr8 gcc/native/3.4.1056/avr8-gnu-toolchain/bin/../lib/gcc/avr/4.8.1/../../../../avr/lib/avrxmega5\libm.a(addsf3.o)
                0x00005d78                __subsf3
                0x00005d7a                __addsf3
 .text.avr-libc.fplib
                0x00005d82       0xc0 c:/program files (x86)/atmel/atmel toolchain/avr8 gcc/native/3.4.1056/avr8-gnu-toolchain/bin/../lib/gcc/avr/4.8.1/../../../../avr/lib/avrxmega5\libm.a(addsf3x.o)
                0x00005d9c                __addsf3x
 .text.avr-libc.fplib
                0x00005e42        0x8 c:/program files (x86)/atmel/atmel toolchain/avr8 gcc/native/3.4.1056/avr8-gnu-toolchain/bin/../lib/gcc/avr/4.8.1/../../../../avr/lib/avrxmega5\libm.a(cmpsf2.o)
                0x00005e42                __nesf2
                0x00005e42                __eqsf2
                0x00005e42                __cmpsf2
                0x00005e42                __ltsf2
                0x00005e42                __lesf2
 .text.avr-libc.fplib
                0x00005e4a        0x6 c:/program files (x86)/atmel/atmel toolchain/avr8 gcc/native/3.4.1056/avr8-gnu-toolchain/bin/../lib/gcc/avr/4.8.1/../../../../avr/lib/avrxmega5\libm.a(cos.o)
                0x00005e4a                cos
 .text.avr-libc.fplib
                0x00005e50        0xa c:/program files (x86)/atmel/atmel toolchain/avr8 gcc/native/3.4.1056/avr8-gnu-toolchain/bin/../lib/gcc/avr/4.8.1/../../../../avr/lib/avrxmega5\libm.a(fixsfsi.o)
                0x00005e50                __fixsfsi
 .text.avr-libc.fplib
                0x00005e5a       0x58 c:/program files (x86)/atmel/atmel toolchain/avr8 gcc/native/3.4.1056/avr8-gnu-toolchain/bin/../lib/gcc/avr/4.8.1/../../../../avr/lib/avrxmega5\libm.a(fixunssfsi.o)
                0x00005e5a                __fixunssfsi
 .text.avr-libc.fplib
                0x00005eb2       0x7a c:/program files (x86)/atmel/atmel toolchain/avr8 gcc/native/3.4.1056/avr8-gnu-toolchain/bin/../lib/gcc/avr/4.8.1/../../../../avr/lib/avrxmega5\libm.a(floatsisf.o)
                0x00005eb2                __floatunsisf
                0x00005eb6                __floatsisf
 .text.avr-libc.fplib
                0x00005f2c       0x48 c:/program files (x86)/atmel/atmel toolchain/avr8 gcc/native/3.4.1056/avr8-gnu-toolchain/bin/../lib/gcc/avr/4.8.1/../../../../avr/lib/avrxmega5\libm.a(fp_cmp.o)
                0x00005f2c                __fp_cmp
 .text.avr-libc.fplib
                0x00005f74        0xc c:/program files (x86)/atmel/atmel toolchain/avr8 gcc/native/3.4.1056/avr8-gnu-toolchain/bin/../lib/gcc/avr/4.8.1/../../../../avr/lib/avrxmega5\libm.a(fp_inf.o)
                0x00005f74                __fp_inf
 .text.avr-libc.fplib
                0x00005f80        0x6 c:/program files (x86)/atmel/atmel toolchain/avr8 gcc/native/3.4.1056/avr8-gnu-toolchain/bin/../lib/gcc/avr/4.8.1/../../../../avr/lib/avrxmega5\libm.a(fp_nan.o)
                0x00005f80                __fp_nan
 .text.avr-libc.fplib
                0x00005f86        0xe c:/program files (x86)/atmel/atmel toolchain/avr8 gcc/native/3.4.1056/avr8-gnu-toolchain/bin/../lib/gcc/avr/4.8.1/../../../../avr/lib/avrxmega5\libm.a(fp_pscA.o)
                0x00005f86                __fp_pscA
 .text.avr-libc.fplib
                0x00005f94        0xe c:/program files (x86)/atmel/atmel toolchain/avr8 gcc/native/3.4.1056/avr8-gnu-toolchain/bin/../lib/gcc/avr/4.8.1/../../../../avr/lib/avrxmega5\libm.a(fp_pscB.o)
                0x00005f94                __fp_pscB
 .text.avr-libc.fplib
                0x00005fa2       0x50 c:/program files (x86)/atmel/atmel toolchain/avr8 gcc/native/3.4.1056/avr8-gnu-toolchain/bin/../lib/gcc/avr/4.8.1/../../../../avr/lib/avrxmega5\libm.a(fp_rempio2.o)
                0x00005fa4                __fp_rempio2
 .text.avr-libc.fplib
                0x00005ff2       0x22 c:/program files (x86)/atmel/atmel toolchain/avr8 gcc/native/3.4.1056/avr8-gnu-toolchain/bin/../lib/gcc/avr/4.8.1/../../../../avr/lib/avrxmega5\libm.a(fp_round.o)
                0x00005ff2                __fp_round
 .text.avr-libc.fplib
                0x00006014       0x22 c:/program files (x86)/atmel/atmel toolchain/avr8 gcc/native/3.4.1056/avr8-gnu-toolchain/bin/../lib/gcc/avr/4.8.1/../../../../avr/lib/avrxmega5\libm.a(fp_sinus.o)
                0x00006014                __fp_sinus
 .text.avr-libc.fplib
                0x00006036       0x44 c:/program files (x86)/atmel/atmel toolchain/avr8 gcc/native/3.4.1056/avr8-gnu-toolchain/bin/../lib/gcc/avr/4.8.1/../../../../avr/lib/avrxmega5\libm.a(fp_split3.o)
                0x00006036                __fp_split3
                0x00006046                __fp_splitA
 .text.avr-libc.fplib
                0x0000607a        0xe c:/program files (x86)/atmel/atmel toolchain/avr8 gcc/native/3.4.1056/avr8-gnu-toolchain/bin/../lib/gcc/avr/4.8.1/../../../../avr/lib/avrxmega5\libm.a(fp_zero.o)
                0x0000607a                __fp_zero
                0x0000607c                __fp_szero
 .text.avr-libc.fplib
                0x00006088        0x8 c:/program files (x86)/atmel/atmel toolchain/avr8 gcc/native/3.4.1056/avr8-gnu-toolchain/bin/../lib/gcc/avr/4.8.1/../../../../avr/lib/avrxmega5\libm.a(gesf2.o)
                0x00006088                __gesf2
                0x00006088                __gtsf2
 .text.avr-libc.fplib
                0x00006090        0x4 c:/program files (x86)/atmel/atmel toolchain/avr8 gcc/native/3.4.1056/avr8-gnu-toolchain/bin/../lib/gcc/avr/4.8.1/../../../../avr/lib/avrxmega5\libm.a(mulsf3.o)
                0x00006090                __mulsf3
 .text.avr-libc.fplib
                0x00006094       0xc2 c:/program files (x86)/atmel/atmel toolchain/avr8 gcc/native/3.4.1056/avr8-gnu-toolchain/bin/../lib/gcc/avr/4.8.1/../../../../avr/lib/avrxmega5\libm.a(mulsf3x.o)
                0x000060a8                __mulsf3x
                0x000060ac                __mulsf3_pse
 .text.avr-libc.fplib
                0x00006156        0xc c:/program files (x86)/atmel/atmel toolchain/avr8 gcc/native/3.4.1056/avr8-gnu-toolchain/bin/../lib/gcc/avr/4.8.1/../../../../avr/lib/avrxmega5\libm.a(sin.o)
                0x00006156                sin
 .text.avr-libc.fplib
                0x00006162       0x1c c:/program files (x86)/atmel/atmel toolchain/avr8 gcc/native/3.4.1056/avr8-gnu-toolchain/bin/../lib/gcc/avr/4.8.1/../../../../avr/lib/avrxmega5\libm.a(fp_mpack.o)
                0x00006162                __fp_mpack
                0x00006166                __fp_mpack_finite
 .text.avr-libc.fplib
                0x0000617e       0x22 c:/program files (x86)/atmel/atmel toolchain/avr8 gcc/native/3.4.1056/avr8-gnu-toolchain/bin/../lib/gcc/avr/4.8.1/../../../../avr/lib/avrxmega5\libm.a(fp_powsodd.o)
                0x0000617e                __fp_powsodd
 .text.avr-libc.fplib
                0x000061a0       0x4a c:/program files (x86)/atmel/atmel toolchain/avr8 gcc/native/3.4.1056/avr8-gnu-toolchain/bin/../lib/gcc/avr/4.8.1/../../../../avr/lib/avrxmega5\libm.a(fp_powser.o)
                0x000061a0                __fp_powser
 .text.avr-libc
                0x000061ea      0x73c c:/program files (x86)/atmel/atmel toolchain/avr8 gcc/native/3.4.1056/avr8-gnu-toolchain/bin/../lib/gcc/avr/4.8.1/../../../../avr/lib/avrxmega5\libprintf_flt.a(vfprintf_flt.o)
                0x000061ea                vfprintf
 .text.libgcc.mul
                0x00006926       0x20 c:/program files (x86)/atmel/atmel toolchain/avr8 gcc/native/3.4.1056/avr8-gnu-toolchain/bin/../lib/gcc/avr/4.8.1/avrxmega5\libgcc.a(_mulsi3.o)
                0x00006926                __mulsi3
 .text.libgcc.div
                0x00006946       0x28 c:/program files (x86)/atmel/atmel toolchain/avr8 gcc/native/3.4.1056/avr8-gnu-toolchain/bin/../lib/gcc/avr/4.8.1/avrxmega5\libgcc.a(_udivmodhi4.o)
                0x00006946                __udivmodhi4
 .text.libgcc.div
                0x0000696e       0x28 c:/program files (x86)/atmel/atmel toolchain/avr8 gcc/native/3.4.1056/avr8-gnu-toolchain/bin/../lib/gcc/avr/4.8.1/avrxmega5\libgcc.a(_divmodhi4.o)
                0x0000696e                _div
                0x0000696e                __divmodhi4
 .text.libgcc.div
                0x00006996       0x44 c:/program files (x86)/atmel/atmel toolchain/avr8 gcc/native/3.4.1056/avr8-gnu-toolchain/bin/../lib/gcc/avr/4.8.1/avrxmega5\libgcc.a(_udivmodsi4.o)
                0x00006996                __udivmodsi4
 .text.libgcc.div
                0x000069da       0x2e c:/program files (x86)/atmel/atmel toolchain/avr8 gcc/native/3.4.1056/avr8-gnu-toolchain/bin/../lib/gcc/avr/4.8.1/avrxmega5\libgcc.a(_divmodsi4.o)
                0x000069da                __divmodsi4
 .text.libgcc.div
                0x00006a08       0x10 c:/program files (x86)/atmel/atmel toolchain/avr8 gcc/native/3.4.1056/avr8-gnu-toolchain/bin/../lib/gcc/avr/4.8.1/avrxmega5\libgcc.a(_negsi2.o)
                0x00006a08                __negsi2
 .text.libgcc   0x00006a18        0xc c:/program files (x86)/atmel/atmel toolchain/avr8 gcc/native/3.4.1056/avr8-gnu-toolchain/bin/../lib/gcc/avr/4.8.1/avrxmega5\libgcc.a(_tablejump.o)
                0x00006a18                __tablejump2__
                0x00006a1c                __tablejump__
 .text.libgcc.mul
                0x00006a24       0x1e c:/program files (x86)/atmel/atmel toolchain/avr8 gcc/native/3.4.1056/avr8-gnu-toolchain/bin/../lib/gcc/avr/4.8.1/avrxmega5\libgcc.a(_umulhisi3.o)
                0x00006a24                __umulhisi3
 .text.libgcc.mul
                0x00006a42       0x16 c:/program files (x86)/atmel/atmel toolchain/avr8 gcc/native/3.4.1056/avr8-gnu-toolchain/bin/../lib/gcc/avr/4.8.1/avrxmega5\libgcc.a(_muluhisi3.o)
                0x00006a42                __muluhisi3
 .text.libgcc.mul
                0x00006a58       0xa0 c:/program files (x86)/atmel/atmel toolchain/avr8 gcc/native/3.4.1056/avr8-gnu-toolchain/bin/../lib/gcc/avr/4.8.1/avrxmega5\libgcc.a(_muldi3.o)
                0x00006a58                __muldi3
 .text.libgcc.mul
                0x00006af8       0x12 c:/program files (x86)/atmel/atmel toolchain/avr8 gcc/native/3.4.1056/avr8-gnu-toolchain/bin/../lib/gcc/avr/4.8.1/avrxmega5\libgcc.a(_muldi3_6.o)
                0x00006af8                __muldi3_6
 .text.libgcc.builtins
                0x00006b0a       0x32 c:/program files (x86)/atmel/atmel toolchain/avr8 gcc/native/3.4.1056/avr8-gnu-toolchain/bin/../lib/gcc/avr/4.8.1/avrxmega5\libgcc.a(_ashldi3.o)
                0x00006b0a                __ashldi3
 .text.libgcc.builtins
                0x00006b3c       0x3c c:/program files (x86)/atmel/atmel toolchain/avr8 gcc/native/3.4.1056/avr8-gnu-toolchain/bin/../lib/gcc/avr/4.8.1/avrxmega5\libgcc.a(_ashrdi3.o)
                0x00006b3c                __ashrdi3
                0x00006b40                __lshrdi3
 .text.libgcc   0x00006b78       0x12 c:/program files (x86)/atmel/atmel toolchain/avr8 gcc/native/3.4.1056/avr8-gnu-toolchain/bin/../lib/gcc/avr/4.8.1/avrxmega5\libgcc.a(_adddi3.o)
                0x00006b78                __adddi3
 .text.libgcc   0x00006b8a       0x18 c:/program files (x86)/atmel/atmel toolchain/avr8 gcc/native/3.4.1056/avr8-gnu-toolchain/bin/../lib/gcc/avr/4.8.1/avrxmega5\libgcc.a(_adddi3_s8.o)
                0x00006b8a                __adddi3_s8
 .text.libgcc   0x00006ba2       0x12 c:/program files (x86)/atmel/atmel toolchain/avr8 gcc/native/3.4.1056/avr8-gnu-toolchain/bin/../lib/gcc/avr/4.8.1/avrxmega5\libgcc.a(_subdi3.o)
                0x00006ba2                __subdi3
 .text.libgcc   0x00006bb4       0x12 c:/program files (x86)/atmel/atmel toolchain/avr8 gcc/native/3.4.1056/avr8-gnu-toolchain/bin/../lib/gcc/avr/4.8.1/avrxmega5\libgcc.a(_cmpdi2.o)
                0x00006bb4                __cmpdi2
 .text.avr-libc
                0x00006bc6      0x24e c:/program files (x86)/atmel/atmel toolchain/avr8 gcc/native/3.4.1056/avr8-gnu-toolchain/bin/../lib/gcc/avr/4.8.1/../../../../avr/lib/avrxmega5\libc.a(malloc.o)
                0x00006bc6                malloc
                0x00006cf6                free
 .text.avr-libc
                0x00006e14      0x1b0 c:/program files (x86)/atmel/atmel toolchain/avr8 gcc/native/3.4.1056/avr8-gnu-toolchain/bin/../lib/gcc/avr/4.8.1/../../../../avr/lib/avrxmega5\libc.a(ftoa_engine.o)
                0x00006e14                __ftoa_engine
 .text.avr-libc
                0x00006fc4       0x12 c:/program files (x86)/atmel/atmel toolchain/avr8 gcc/native/3.4.1056/avr8-gnu-toolchain/bin/../lib/gcc/avr/4.8.1/../../../../avr/lib/avrxmega5\libc.a(memcpy_P.o)
                0x00006fc4                memcpy_P
 .text.avr-libc
                0x00006fd6       0x16 c:/program files (x86)/atmel/atmel toolchain/avr8 gcc/native/3.4.1056/avr8-gnu-toolchain/bin/../lib/gcc/avr/4.8.1/../../../../avr/lib/avrxmega5\libc.a(strnlen_P.o)
                0x00006fd6                strnlen_P
 .text.avr-libc
                0x00006fec       0x12 c:/program files (x86)/atmel/atmel toolchain/avr8 gcc/native/3.4.1056/avr8-gnu-toolchain/bin/../lib/gcc/avr/4.8.1/../../../../avr/lib/avrxmega5\libc.a(memcpy.o)
                0x00006fec                memcpy
 .text.avr-libc
                0x00006ffe       0x16 c:/program files (x86)/atmel/atmel toolchain/avr8 gcc/native/3.4.1056/avr8-gnu-toolchain/bin/../lib/gcc/avr/4.8.1/../../../../avr/lib/avrxmega5\libc.a(strchr.o)
                0x00006ffe                strchr
 .text.avr-libc
                0x00007014       0x1c c:/program files (x86)/atmel/atmel toolchain/avr8 gcc/native/3.4.1056/avr8-gnu-toolchain/bin/../lib/gcc/avr/4.8.1/../../../../avr/lib/avrxmega5\libc.a(strncmp.o)
                0x00007014                strncmp
 .text.avr-libc
                0x00007030       0x16 c:/program files (x86)/atmel/atmel toolchain/avr8 gcc/native/3.4.1056/avr8-gnu-toolchain/bin/../lib/gcc/avr/4.8.1/../../../../avr/lib/avrxmega5\libc.a(strnlen.o)
                0x00007030                strnlen
 .text.avr-libc
                0x00007046       0x64 c:/program files (x86)/atmel/atmel toolchain/avr8 gcc/native/3.4.1056/avr8-gnu-toolchain/bin/../lib/gcc/avr/4.8.1/../../../../avr/lib/avrxmega5\libc.a(fputc.o)
                0x00007046                fputc
 .text.avr-libc
                0x000070aa       0x24 c:/program files (x86)/atmel/atmel toolchain/avr8 gcc/native/3.4.1056/avr8-gnu-toolchain/bin/../lib/gcc/avr/4.8.1/../../../../avr/lib/avrxmega5\libc.a(printf.o)
                0x000070aa                printf
 .text.avr-libc
                0x000070ce       0x5a c:/program files (x86)/atmel/atmel toolchain/avr8 gcc/native/3.4.1056/avr8-gnu-toolchain/bin/../lib/gcc/avr/4.8.1/../../../../avr/lib/avrxmega5\libc.a(puts.o)
                0x000070ce                puts
 .text.avr-libc
                0x00007128       0x52 c:/program files (x86)/atmel/atmel toolchain/avr8 gcc/native/3.4.1056/avr8-gnu-toolchain/bin/../lib/gcc/avr/4.8.1/../../../../avr/lib/avrxmega5\libc.a(sprintf.o)
                0x00007128                sprintf
 .text.avr-libc
                0x0000717a       0xbc c:/program files (x86)/atmel/atmel toolchain/avr8 gcc/native/3.4.1056/avr8-gnu-toolchain/bin/../lib/gcc/avr/4.8.1/../../../../avr/lib/avrxmega5\libc.a(ultoa_invert.o)
                0x0000717a                __ultoa_invert
                0x00007236                . = ALIGN (0x2)
 *(.fini9)
 .fini9         0x00007236        0x0 c:/program files (x86)/atmel/atmel toolchain/avr8 gcc/native/3.4.1056/avr8-gnu-toolchain/bin/../lib/gcc/avr/4.8.1/avrxmega5\libgcc.a(_exit.o)
                0x00007236                _exit
                0x00007236                exit
 *(.fini9)
 *(.fini8)
 *(.fini8)
 *(.fini7)
 *(.fini7)
 *(.fini6)
 *(.fini6)
 *(.fini5)
 *(.fini5)
 *(.fini4)
 *(.fini4)
 *(.fini3)
 *(.fini3)
 *(.fini2)
 *(.fini2)
 *(.fini1)
 *(.fini1)
 *(.fini0)
 .fini0         0x00007236        0x4 c:/program files (x86)/atmel/atmel toolchain/avr8 gcc/native/3.4.1056/avr8-gnu-toolchain/bin/../lib/gcc/avr/4.8.1/avrxmega5\libgcc.a(_exit.o)
 *(.fini0)
                0x0000723a                _etext = .

.data           0x00802000      0x270 load address 0x0000723a
                0x00802000                PROVIDE (__data_start, .)
 *(.data)
 .data          0x00802000        0x0 c:/program files (x86)/atmel/atmel toolchain/avr8 gcc/native/3.4.1056/avr8-gnu-toolchain/bin/../lib/gcc/avr/4.8.1/../../../../avr/lib/avrxmega5/crtx64a1.o
 .data          0x00802000        0x0 can/can.o
 .data          0x00802000        0x0 can/MCP2515.o
 .data          0x00802000        0x0 can_data.o
 .data          0x00802000        0x0 CAN_Queue.o
 .data          0x00802000        0x0 menus.o
 .data          0x00802000        0x0 rotor controller.o
 .data          0x00802000        0x0 can_spi.o
 .data          0x00802000        0x0 sdcard/byteordering.o
 .data          0x00802000        0x0 sdcard/fat.o
 .data          0x00802000        0x0 sdcard/partition.o
 .data          0x00802000        0x0 sdcard/sd_raw.o
 .data          0x00802000        0x0 sdcard_driver.o
 .data          0x00802000        0x0 u8g/chessengine.o
 .data          0x00802000        0x0 u8g/u8g_bitmap.o
 .data          0x00802000        0x0 u8g/u8g_circle.o
 .data          0x00802000        0x0 u8g/u8g_clip.o
 .data          0x00802000        0x0 u8g/u8g_com_api.o
 .data          0x00802000        0x0 u8g/u8g_com_api_16gr.o
 .data          0x00802000        0x0 u8g/u8g_com_arduino_attiny85_hw_spi.o
 .data          0x00802000        0x0 u8g/u8g_com_arduino_common.o
 .data          0x00802000        0x0 u8g/u8g_com_arduino_fast_parallel.o
 .data          0x00802000        0x0 u8g/u8g_com_arduino_hw_spi.o
 .data          0x00802000        0x0 u8g/u8g_com_arduino_hw_usart_spi.o
 .data          0x00802000        0x0 u8g/u8g_com_arduino_no_en_parallel.o
 .data          0x00802000        0x0 u8g/u8g_com_arduino_parallel.o
 .data          0x00802000        0x0 u8g/u8g_com_arduino_port_d_wr.o
 .data          0x00802000        0x0 u8g/u8g_com_arduino_ssd_i2c.o
 .data          0x00802000        0x0 u8g/u8g_com_arduino_st7920_custom.o
 .data          0x00802000        0x0 u8g/u8g_com_arduino_st7920_hw_spi.o
 .data          0x00802000        0x0 u8g/u8g_com_arduino_st7920_spi.o
 .data          0x00802000        0x0 u8g/u8g_com_arduino_std_sw_spi.o
 .data          0x00802000        0x0 u8g/u8g_com_arduino_sw_spi.o
 .data          0x00802000        0x0 u8g/u8g_com_arduino_t6963.o
 .data          0x00802000        0x0 u8g/u8g_com_arduino_uc_i2c.o
 .data          0x00802000        0x0 u8g/u8g_com_atmega_hw_spi.o
 .data          0x00802000        0x0 u8g/u8g_com_atmega_parallel.o
 .data          0x00802000        0x0 u8g/u8g_com_atmega_st7920_hw_spi.o
 .data          0x00802000        0x0 u8g/u8g_com_atmega_st7920_spi.o
 .data          0x00802000        0x0 u8g/u8g_com_atmega_sw_spi.o
 .data          0x00802000        0x0 u8g/u8g_com_i2c.o
 .data          0x00802000        0x0 u8g/u8g_com_io.o
 .data          0x00802000        0x0 u8g/u8g_com_null.o
 .data          0x00802000        0x0 u8g/u8g_com_raspberrypi_hw_spi.o
 .data          0x00802000        0x0 u8g/u8g_com_raspberrypi_ssd_i2c.o
 .data          0x00802000        0x0 u8g/u8g_cursor.o
 .data          0x00802000        0x0 u8g/u8g_delay.o
 .data          0x00802000        0x0 u8g/u8g_dev_a2_micro_printer.o
 .data          0x00802000        0x0 u8g/u8g_dev_flipdisc_2x7.o
 .data          0x00802000        0x0 u8g/u8g_dev_gprof.o
 .data          0x00802000        0x0 u8g/u8g_dev_ht1632.o
 .data          0x00802000        0x0 u8g/u8g_dev_ili9325d_320x240.o
 .data          0x00802000        0x0 u8g/u8g_dev_ks0108_128x64.o
 .data          0x00802000        0x0 u8g/u8g_dev_lc7981_160x80.o
 .data          0x00802000        0x0 u8g/u8g_dev_lc7981_240x128.o
 .data          0x00802000        0x0 u8g/u8g_dev_lc7981_240x64.o
 .data          0x00802000        0x0 u8g/u8g_dev_lc7981_320x64.o
 .data          0x00802000        0x0 u8g/u8g_dev_ld7032_60x32.o
 .data          0x00802000        0x0 u8g/u8g_dev_null.o
 .data          0x00802000        0x0 u8g/u8g_dev_pcd8544_84x48.o
 .data          0x00802000        0x0 u8g/u8g_dev_pcf8812_96x65.o
 .data          0x00802000        0x0 u8g/u8g_dev_sbn1661_122x32.o
 .data          0x00802000        0x0 u8g/u8g_dev_ssd1306_128x32.o
 .data          0x00802000        0x0 u8g/u8g_dev_ssd1306_128x64.o
 .data          0x00802000        0x0 u8g/u8g_dev_ssd1309_128x64.o
 .data          0x00802000        0x0 u8g/u8g_dev_ssd1322_nhd31oled_bw.o
 .data          0x00802000        0x0 u8g/u8g_dev_ssd1322_nhd31oled_gr.o
 .data          0x00802000        0x0 u8g/u8g_dev_ssd1325_nhd27oled_bw.o
 .data          0x00802000        0x0 u8g/u8g_dev_ssd1325_nhd27oled_bw_new.o
 .data          0x00802000        0x0 u8g/u8g_dev_ssd1325_nhd27oled_gr.o
 .data          0x00802000        0x0 u8g/u8g_dev_ssd1325_nhd27oled_gr_new.o
 .data          0x00802000        0x0 u8g/u8g_dev_ssd1327_96x96_gr.o
 .data          0x00802000        0x0 u8g/u8g_dev_ssd1351_128x128.o
 .data          0x00802000        0x0 u8g/u8g_dev_st7565_64128n.o
 .data          0x00802000        0x0 u8g/u8g_dev_st7565_dogm128.o
 .data          0x00802000        0x0 u8g/u8g_dev_st7565_dogm132.o
 .data          0x00802000        0x0 u8g/u8g_dev_st7565_lm6059.o
 .data          0x00802000        0x0 u8g/u8g_dev_st7565_lm6063.o
 .data          0x00802000        0x0 u8g/u8g_dev_st7565_nhd_c12832.o
 .data          0x00802000        0x0 u8g/u8g_dev_st7565_nhd_c12864.o
 .data          0x00802000        0x0 u8g/u8g_dev_st7687_c144mvgd.o
 .data          0x00802000        0x0 u8g/u8g_dev_st7920_128x64.o
 .data          0x00802000        0x0 u8g/u8g_dev_st7920_192x32.o
 .data          0x00802000        0x0 u8g/u8g_dev_st7920_202x32.o
 .data          0x00802000        0x0 u8g/u8g_dev_t6963_128x128.o
 .data          0x00802000        0x0 u8g/u8g_dev_t6963_128x64.o
 .data          0x00802000        0x0 u8g/u8g_dev_t6963_240x128.o
 .data          0x00802000        0x0 u8g/u8g_dev_t6963_240x64.o
 .data          0x00802000        0x0 u8g/u8g_dev_tls8204_84x48.o
 .data          0x00802000        0x0 u8g/u8g_dev_uc1601_c128032.o
 .data          0x00802000        0x0 u8g/u8g_dev_uc1608_240x128.o
 .data          0x00802000        0x0 u8g/u8g_dev_uc1608_240x64.o
 .data          0x00802000        0x0 u8g/u8g_dev_uc1610_dogxl160.o
 .data          0x00802000        0x0 u8g/u8g_dev_uc1611_dogm240.o
 .data          0x00802000        0x0 u8g/u8g_dev_uc1611_dogxl240.o
 .data          0x00802000        0x0 u8g/u8g_dev_uc1701_dogs102.o
 .data          0x00802000        0x0 u8g/u8g_dev_uc1701_mini12864.o
 .data          0x00802000        0x0 u8g/u8g_ellipse.o
 .data          0x00802000        0x0 u8g/u8g_font.o
 .data          0x00802000        0x0 u8g/u8g_font_04b_03.o
 .data          0x00802000        0x0 u8g/u8g_font_04b_03b.o
 .data          0x00802000        0x0 u8g/u8g_font_04b_03bn.o
 .data          0x00802000        0x0 u8g/u8g_font_04b_03br.o
 .data          0x00802000        0x0 u8g/u8g_font_04b_03n.o
 .data          0x00802000        0x0 u8g/u8g_font_04b_03r.o
 .data          0x00802000        0x0 u8g/u8g_font_04b_24.o
 .data          0x00802000        0x0 u8g/u8g_font_04b_24n.o
 .data          0x00802000        0x0 u8g/u8g_font_04b_24r.o
 .data          0x00802000        0x0 u8g/u8g_font_10x20.o
 .data          0x00802000        0x0 u8g/u8g_font_10x20r.o
 .data          0x00802000        0x0 u8g/u8g_font_10x20_67_75.o
 .data          0x00802000        0x0 u8g/u8g_font_10x20_75r.o
 .data          0x00802000        0x0 u8g/u8g_font_10x20_78_79.o
 .data          0x00802000        0x0 u8g/u8g_font_4x6.o
 .data          0x00802000        0x0 u8g/u8g_font_4x6r.o
 .data          0x00802000        0x0 u8g/u8g_font_5x7.o
 .data          0x00802000        0x0 u8g/u8g_font_5x7r.o
 .data          0x00802000        0x0 u8g/u8g_font_5x8.o
 .data          0x00802000        0x0 u8g/u8g_font_5x8r.o
 .data          0x00802000        0x0 u8g/u8g_font_6x10.o
 .data          0x00802000        0x0 u8g/u8g_font_6x10r.o
 .data          0x00802000        0x0 u8g/u8g_font_6x12.o
 .data          0x00802000        0x0 u8g/u8g_font_6x12r.o
 .data          0x00802000        0x0 u8g/u8g_font_6x12_67_75.o
 .data          0x00802000        0x0 u8g/u8g_font_6x12_75r.o
 .data          0x00802000        0x0 u8g/u8g_font_6x12_78_79.o
 .data          0x00802000        0x0 u8g/u8g_font_6x13.o
 .data          0x00802000        0x0 u8g/u8g_font_6x13B.o
 .data          0x00802000        0x0 u8g/u8g_font_6x13Br.o
 .data          0x00802000        0x0 u8g/u8g_font_6x13O.o
 .data          0x00802000        0x0 u8g/u8g_font_6x13Or.o
 .data          0x00802000        0x0 u8g/u8g_font_6x13r.o
 .data          0x00802000        0x0 u8g/u8g_font_6x13_67_75.o
 .data          0x00802000        0x0 u8g/u8g_font_6x13_75r.o
 .data          0x00802000        0x0 u8g/u8g_font_6x13_78_79.o
 .data          0x00802000        0x0 u8g/u8g_font_7x13.o
 .data          0x00802000        0x0 u8g/u8g_font_7x13B.o
 .data          0x00802000        0x0 u8g/u8g_font_7x13Br.o
 .data          0x00802000        0x0 u8g/u8g_font_7x13O.o
 .data          0x00802000        0x0 u8g/u8g_font_7x13Or.o
 .data          0x00802000        0x0 u8g/u8g_font_7x13r.o
 .data          0x00802000        0x0 u8g/u8g_font_7x13_67_75.o
 .data          0x00802000        0x0 u8g/u8g_font_7x13_75r.o
 .data          0x00802000        0x0 u8g/u8g_font_7x14.o
 .data          0x00802000        0x0 u8g/u8g_font_7x14B.o
 .data          0x00802000        0x0 u8g/u8g_font_7x14Br.o
 .data          0x00802000        0x0 u8g/u8g_font_7x14r.o
 .data          0x00802000        0x0 u8g/u8g_font_8x13.o
 .data          0x00802000        0x0 u8g/u8g_font_8x13B.o
 .data          0x00802000        0x0 u8g/u8g_font_8x13Br.o
 .data          0x00802000        0x0 u8g/u8g_font_8x13O.o
 .data          0x00802000        0x0 u8g/u8g_font_8x13Or.o
 .data          0x00802000        0x0 u8g/u8g_font_8x13r.o
 .data          0x00802000        0x0 u8g/u8g_font_8x13_67_75.o
 .data          0x00802000        0x0 u8g/u8g_font_8x13_75r.o
 .data          0x00802000        0x0 u8g/u8g_font_9x15.o
 .data          0x00802000        0x0 u8g/u8g_font_9x15B.o
 .data          0x00802000        0x0 u8g/u8g_font_9x15Br.o
 .data          0x00802000        0x0 u8g/u8g_font_9x15r.o
 .data          0x00802000        0x0 u8g/u8g_font_9x15_67_75.o
 .data          0x00802000        0x0 u8g/u8g_font_9x15_75r.o
 .data          0x00802000        0x0 u8g/u8g_font_9x15_78_79.o
 .data          0x00802000        0x0 u8g/u8g_font_9x18.o
 .data          0x00802000        0x0 u8g/u8g_font_9x18B.o
 .data          0x00802000        0x0 u8g/u8g_font_9x18Br.o
 .data          0x00802000        0x0 u8g/u8g_font_9x18r.o
 .data          0x00802000        0x0 u8g/u8g_font_9x18_67_75.o
 .data          0x00802000        0x0 u8g/u8g_font_9x18_75r.o
 .data          0x00802000        0x0 u8g/u8g_font_9x18_78_79.o
 .data          0x00802000        0x0 u8g/u8g_font_baby.o
 .data          0x00802000        0x0 u8g/u8g_font_babyn.o
 .data          0x00802000        0x0 u8g/u8g_font_babyr.o
 .data          0x00802000        0x0 u8g/u8g_font_blipfest_07.o
 .data          0x00802000        0x0 u8g/u8g_font_blipfest_07n.o
 .data          0x00802000        0x0 u8g/u8g_font_blipfest_07r.o
 .data          0x00802000        0x0 u8g/u8g_font_chikita.o
 .data          0x00802000        0x0 u8g/u8g_font_chikitan.o
 .data          0x00802000        0x0 u8g/u8g_font_chikitar.o
 .data          0x00802000        0x0 u8g/u8g_font_courb08.o
 .data          0x00802000        0x0 u8g/u8g_font_courb08r.o
 .data          0x00802000        0x0 u8g/u8g_font_courb10.o
 .data          0x00802000        0x0 u8g/u8g_font_courb10r.o
 .data          0x00802000        0x0 u8g/u8g_font_courb12.o
 .data          0x00802000        0x0 u8g/u8g_font_courb12r.o
 .data          0x00802000        0x0 u8g/u8g_font_courb14.o
 .data          0x00802000        0x0 u8g/u8g_font_courb14r.o
 .data          0x00802000        0x0 u8g/u8g_font_courb18.o
 .data          0x00802000        0x0 u8g/u8g_font_courb18r.o
 .data          0x00802000        0x0 u8g/u8g_font_courb24.o
 .data          0x00802000        0x0 u8g/u8g_font_courb24r.o
 .data          0x00802000        0x0 u8g/u8g_font_courb4n.o
 .data          0x00802000        0x0 u8g/u8g_font_courr08.o
 .data          0x00802000        0x0 u8g/u8g_font_courr08r.o
 .data          0x00802000        0x0 u8g/u8g_font_courr10.o
 .data          0x00802000        0x0 u8g/u8g_font_courr10r.o
 .data          0x00802000        0x0 u8g/u8g_font_courr12.o
 .data          0x00802000        0x0 u8g/u8g_font_courr12r.o
 .data          0x00802000        0x0 u8g/u8g_font_courr14.o
 .data          0x00802000        0x0 u8g/u8g_font_courr14r.o
 .data          0x00802000        0x0 u8g/u8g_font_courr18.o
 .data          0x00802000        0x0 u8g/u8g_font_courr18r.o
 .data          0x00802000        0x0 u8g/u8g_font_courr24.o
 .data          0x00802000        0x0 u8g/u8g_font_courr24n.o
 .data          0x00802000        0x0 u8g/u8g_font_courr24r.o
 .data          0x00802000        0x0 u8g/u8g_font_cu12.o
 .data          0x00802000        0x0 u8g/u8g_font_cu12_67_75.o
 .data          0x00802000        0x0 u8g/u8g_font_cu12_75r.o
 .data          0x00802000        0x0 u8g/u8g_font_cursor.o
 .data          0x00802000        0x0 u8g/u8g_font_cursorr.o
 .data          0x00802000        0x0 u8g/u8g_font_fixed_v0.o
 .data          0x00802000        0x0 u8g/u8g_font_fixed_v0n.o
 .data          0x00802000        0x0 u8g/u8g_font_fixed_v0r.o
 .data          0x00802000        0x0 u8g/u8g_font_freedoomr10r.o
 .data          0x00802000        0x0 u8g/u8g_font_freedoomr25n.o
 .data          0x00802000        0x0 u8g/u8g_font_fub11.o
 .data          0x00802000        0x0 u8g/u8g_font_fub11n.o
 .data          0x00802000        0x0 u8g/u8g_font_fub11r.o
 .data          0x00802000        0x0 u8g/u8g_font_fub14.o
 .data          0x00802000        0x0 u8g/u8g_font_fub14n.o
 .data          0x00802000        0x0 u8g/u8g_font_fub14r.o
 .data          0x00802000        0x0 u8g/u8g_font_fub17.o
 .data          0x00802000        0x0 u8g/u8g_font_fub17n.o
 .data          0x00802000        0x0 u8g/u8g_font_fub17r.o
 .data          0x00802000        0x0 u8g/u8g_font_fub20.o
 .data          0x00802000        0x0 u8g/u8g_font_fub20n.o
 .data          0x00802000        0x0 u8g/u8g_font_fub20r.o
 .data          0x00802000        0x0 u8g/u8g_font_fub25.o
 .data          0x00802000        0x0 u8g/u8g_font_fub25n.o
 .data          0x00802000        0x0 u8g/u8g_font_fub25r.o
 .data          0x00802000        0x0 u8g/u8g_font_fub30.o
 .data          0x00802000        0x0 u8g/u8g_font_fub30n.o
 .data          0x00802000        0x0 u8g/u8g_font_fub30r.o
 .data          0x00802000        0x0 u8g/u8g_font_fub35n.o
 .data          0x00802000        0x0 u8g/u8g_font_fub42n.o
 .data          0x00802000        0x0 u8g/u8g_font_fub49n.o
 .data          0x00802000        0x0 u8g/u8g_font_fur11.o
 .data          0x00802000        0x0 u8g/u8g_font_fur11n.o
 .data          0x00802000        0x0 u8g/u8g_font_fur11r.o
 .data          0x00802000        0x0 u8g/u8g_font_fur14.o
 .data          0x00802000        0x0 u8g/u8g_font_fur14n.o
 .data          0x00802000        0x0 u8g/u8g_font_fur14r.o
 .data          0x00802000        0x0 u8g/u8g_font_fur17.o
 .data          0x00802000        0x0 u8g/u8g_font_fur17n.o
 .data          0x00802000        0x0 u8g/u8g_font_fur17r.o
 .data          0x00802000        0x0 u8g/u8g_font_fur20.o
 .data          0x00802000        0x0 u8g/u8g_font_fur20n.o
 .data          0x00802000        0x0 u8g/u8g_font_fur20r.o
 .data          0x00802000        0x0 u8g/u8g_font_fur25.o
 .data          0x00802000        0x0 u8g/u8g_font_fur25n.o
 .data          0x00802000        0x0 u8g/u8g_font_fur25r.o
 .data          0x00802000        0x0 u8g/u8g_font_fur30.o
 .data          0x00802000        0x0 u8g/u8g_font_fur30n.o
 .data          0x00802000        0x0 u8g/u8g_font_fur30r.o
 .data          0x00802000        0x0 u8g/u8g_font_fur35n.o
 .data          0x00802000        0x0 u8g/u8g_font_fur42n.o
 .data          0x00802000        0x0 u8g/u8g_font_fur49n.o
 .data          0x00802000        0x0 u8g/u8g_font_gdb11.o
 .data          0x00802000        0x0 u8g/u8g_font_gdb11n.o
 .data          0x00802000        0x0 u8g/u8g_font_gdb11r.o
 .data          0x00802000        0x0 u8g/u8g_font_gdb12.o
 .data          0x00802000        0x0 u8g/u8g_font_gdb12n.o
 .data          0x00802000        0x0 u8g/u8g_font_gdb12r.o
 .data          0x00802000        0x0 u8g/u8g_font_gdb14.o
 .data          0x00802000        0x0 u8g/u8g_font_gdb14n.o
 .data          0x00802000        0x0 u8g/u8g_font_gdb14r.o
 .data          0x00802000        0x0 u8g/u8g_font_gdb17.o
 .data          0x00802000        0x0 u8g/u8g_font_gdb17n.o
 .data          0x00802000        0x0 u8g/u8g_font_gdb17r.o
 .data          0x00802000        0x0 u8g/u8g_font_gdb20.o
 .data          0x00802000        0x0 u8g/u8g_font_gdb20n.o
 .data          0x00802000        0x0 u8g/u8g_font_gdb20r.o
 .data          0x00802000        0x0 u8g/u8g_font_gdb25.o
 .data          0x00802000        0x0 u8g/u8g_font_gdb25n.o
 .data          0x00802000        0x0 u8g/u8g_font_gdb25r.o
 .data          0x00802000        0x0 u8g/u8g_font_gdb30.o
 .data          0x00802000        0x0 u8g/u8g_font_gdb30n.o
 .data          0x00802000        0x0 u8g/u8g_font_gdb30r.o
 .data          0x00802000        0x0 u8g/u8g_font_gdr10.o
 .data          0x00802000        0x0 u8g/u8g_font_gdr10n.o
 .data          0x00802000        0x0 u8g/u8g_font_gdr10r.o
 .data          0x00802000        0x0 u8g/u8g_font_gdr11.o
 .data          0x00802000        0x0 u8g/u8g_font_gdr11n.o
 .data          0x00802000        0x0 u8g/u8g_font_gdr11r.o
 .data          0x00802000        0x0 u8g/u8g_font_gdr12.o
 .data          0x00802000        0x0 u8g/u8g_font_gdr12n.o
 .data          0x00802000        0x0 u8g/u8g_font_gdr12r.o
 .data          0x00802000        0x0 u8g/u8g_font_gdr14.o
 .data          0x00802000        0x0 u8g/u8g_font_gdr14n.o
 .data          0x00802000        0x0 u8g/u8g_font_gdr14r.o
 .data          0x00802000        0x0 u8g/u8g_font_gdr17.o
 .data          0x00802000        0x0 u8g/u8g_font_gdr17n.o
 .data          0x00802000        0x0 u8g/u8g_font_gdr17r.o
 .data          0x00802000        0x0 u8g/u8g_font_gdr20.o
 .data          0x00802000        0x0 u8g/u8g_font_gdr20n.o
 .data          0x00802000        0x0 u8g/u8g_font_gdr20r.o
 .data          0x00802000        0x0 u8g/u8g_font_gdr25.o
 .data          0x00802000        0x0 u8g/u8g_font_gdr25n.o
 .data          0x00802000        0x0 u8g/u8g_font_gdr25r.o
 .data          0x00802000        0x0 u8g/u8g_font_gdr30.o
 .data          0x00802000        0x0 u8g/u8g_font_gdr30n.o
 .data          0x00802000        0x0 u8g/u8g_font_gdr30r.o
 .data          0x00802000        0x0 u8g/u8g_font_gdr9.o
 .data          0x00802000        0x0 u8g/u8g_font_gdr9n.o
 .data          0x00802000        0x0 u8g/u8g_font_gdr9r.o
 .data          0x00802000        0x0 u8g/u8g_font_helvb08.o
 .data          0x00802000        0x0 u8g/u8g_font_helvb08n.o
 .data          0x00802000        0x0 u8g/u8g_font_helvb08r.o
 .data          0x00802000        0x0 u8g/u8g_font_helvb10.o
 .data          0x00802000        0x0 u8g/u8g_font_helvb10n.o
 .data          0x00802000        0x0 u8g/u8g_font_helvb10r.o
 .data          0x00802000        0x0 u8g/u8g_font_helvb12.o
 .data          0x00802000        0x0 u8g/u8g_font_helvb12n.o
 .data          0x00802000        0x0 u8g/u8g_font_helvb12r.o
 .data          0x00802000        0x0 u8g/u8g_font_helvb14.o
 .data          0x00802000        0x0 u8g/u8g_font_helvb14n.o
 .data          0x00802000        0x0 u8g/u8g_font_helvb14r.o
 .data          0x00802000        0x0 u8g/u8g_font_helvb18.o
 .data          0x00802000        0x0 u8g/u8g_font_helvb18n.o
 .data          0x00802000        0x0 u8g/u8g_font_helvb18r.o
 .data          0x00802000        0x0 u8g/u8g_font_helvb24.o
 .data          0x00802000        0x0 u8g/u8g_font_helvb24n.o
 .data          0x00802000        0x0 u8g/u8g_font_helvb24r.o
 .data          0x00802000        0x0 u8g/u8g_font_helvr08.o
 .data          0x00802000        0x0 u8g/u8g_font_helvr08r.o
 .data          0x00802000        0x0 u8g/u8g_font_helvr10.o
 .data          0x00802000        0x0 u8g/u8g_font_helvr10r.o
 .data          0x00802000        0x0 u8g/u8g_font_helvr12.o
 .data          0x00802000        0x0 u8g/u8g_font_helvr12r.o
 .data          0x00802000        0x0 u8g/u8g_font_helvr14.o
 .data          0x00802000        0x0 u8g/u8g_font_helvr14r.o
 .data          0x00802000        0x0 u8g/u8g_font_helvr18.o
 .data          0x00802000        0x0 u8g/u8g_font_helvr18r.o
 .data          0x00802000        0x0 u8g/u8g_font_helvr24.o
 .data          0x00802000        0x0 u8g/u8g_font_helvr24n.o
 .data          0x00802000        0x0 u8g/u8g_font_helvr24r.o
 .data          0x00802000        0x0 u8g/u8g_font_lucasfont_alternate.o
 .data          0x00802000        0x0 u8g/u8g_font_lucasfont_alternaten.o
 .data          0x00802000        0x0 u8g/u8g_font_lucasfont_alternater.o
 .data          0x00802000        0x0 u8g/u8g_font_m2icon_5.o
 .data          0x00802000        0x0 u8g/u8g_font_m2icon_7.o
 .data          0x00802000        0x0 u8g/u8g_font_m2icon_9.o
 .data          0x00802000        0x0 u8g/u8g_font_micro.o
 .data          0x00802000        0x0 u8g/u8g_font_ncenb08.o
 .data          0x00802000        0x0 u8g/u8g_font_ncenb08r.o
 .data          0x00802000        0x0 u8g/u8g_font_ncenb10.o
 .data          0x00802000        0x0 u8g/u8g_font_ncenb10r.o
 .data          0x00802000        0x0 u8g/u8g_font_ncenb12.o
 .data          0x00802000        0x0 u8g/u8g_font_ncenb12r.o
 .data          0x00802000        0x0 u8g/u8g_font_ncenb14.o
 .data          0x00802000        0x0 u8g/u8g_font_ncenb14r.o
 .data          0x00802000        0x0 u8g/u8g_font_ncenb18.o
 .data          0x00802000        0x0 u8g/u8g_font_ncenb18r.o
 .data          0x00802000        0x0 u8g/u8g_font_ncenb24.o
 .data          0x00802000        0x0 u8g/u8g_font_ncenb24n.o
 .data          0x00802000        0x0 u8g/u8g_font_ncenb24r.o
 .data          0x00802000        0x0 u8g/u8g_font_ncenr08.o
 .data          0x00802000        0x0 u8g/u8g_font_ncenr08r.o
 .data          0x00802000        0x0 u8g/u8g_font_ncenr10.o
 .data          0x00802000        0x0 u8g/u8g_font_ncenr10r.o
 .data          0x00802000        0x0 u8g/u8g_font_ncenr12.o
 .data          0x00802000        0x0 u8g/u8g_font_ncenr12r.o
 .data          0x00802000        0x0 u8g/u8g_font_ncenr14.o
 .data          0x00802000        0x0 u8g/u8g_font_ncenr14r.o
 .data          0x00802000        0x0 u8g/u8g_font_ncenr18.o
 .data          0x00802000        0x0 u8g/u8g_font_ncenr18r.o
 .data          0x00802000        0x0 u8g/u8g_font_ncenr24.o
 .data          0x00802000        0x0 u8g/u8g_font_ncenr24n.o
 .data          0x00802000        0x0 u8g/u8g_font_ncenr24r.o
 .data          0x00802000        0x0 u8g/u8g_font_orgv01.o
 .data          0x00802000        0x0 u8g/u8g_font_orgv01n.o
 .data          0x00802000        0x0 u8g/u8g_font_orgv01r.o
 .data          0x00802000        0x0 u8g/u8g_font_osb18.o
 .data          0x00802000        0x0 u8g/u8g_font_osb18n.o
 .data          0x00802000        0x0 u8g/u8g_font_osb18r.o
 .data          0x00802000        0x0 u8g/u8g_font_osb21.o
 .data          0x00802000        0x0 u8g/u8g_font_osb21n.o
 .data          0x00802000        0x0 u8g/u8g_font_osb21r.o
 .data          0x00802000        0x0 u8g/u8g_font_osb26.o
 .data          0x00802000        0x0 u8g/u8g_font_osb26n.o
 .data          0x00802000        0x0 u8g/u8g_font_osb26r.o
 .data          0x00802000        0x0 u8g/u8g_font_osb29.o
 .data          0x00802000        0x0 u8g/u8g_font_osb29n.o
 .data          0x00802000        0x0 u8g/u8g_font_osb29r.o
 .data          0x00802000        0x0 u8g/u8g_font_osb35.o
 .data          0x00802000        0x0 u8g/u8g_font_osb35n.o
 .data          0x00802000        0x0 u8g/u8g_font_osb35r.o
 .data          0x00802000        0x0 u8g/u8g_font_osr18.o
 .data          0x00802000        0x0 u8g/u8g_font_osr18n.o
 .data          0x00802000        0x0 u8g/u8g_font_osr18r.o
 .data          0x00802000        0x0 u8g/u8g_font_osr21.o
 .data          0x00802000        0x0 u8g/u8g_font_osr21n.o
 .data          0x00802000        0x0 u8g/u8g_font_osr21r.o
 .data          0x00802000        0x0 u8g/u8g_font_osr26.o
 .data          0x00802000        0x0 u8g/u8g_font_osr26n.o
 .data          0x00802000        0x0 u8g/u8g_font_osr26r.o
 .data          0x00802000        0x0 u8g/u8g_font_osr29.o
 .data          0x00802000        0x0 u8g/u8g_font_osr29n.o
 .data          0x00802000        0x0 u8g/u8g_font_osr29r.o
 .data          0x00802000        0x0 u8g/u8g_font_osr35.o
 .data          0x00802000        0x0 u8g/u8g_font_osr35n.o
 .data          0x00802000        0x0 u8g/u8g_font_osr35r.o
 .data          0x00802000        0x0 u8g/u8g_font_p01type.o
 .data          0x00802000        0x0 u8g/u8g_font_p01typen.o
 .data          0x00802000        0x0 u8g/u8g_font_p01typer.o
 .data          0x00802000        0x0 u8g/u8g_font_pixelle_micro.o
 .data          0x00802000        0x0 u8g/u8g_font_pixelle_micron.o
 .data          0x00802000        0x0 u8g/u8g_font_pixelle_micror.o
 .data          0x00802000        0x0 u8g/u8g_font_profont10.o
 .data          0x00802000        0x0 u8g/u8g_font_profont10r.o
 .data          0x00802000        0x0 u8g/u8g_font_profont11.o
 .data          0x00802000        0x0 u8g/u8g_font_profont11r.o
 .data          0x00802000        0x0 u8g/u8g_font_profont12.o
 .data          0x00802000        0x0 u8g/u8g_font_profont12r.o
 .data          0x00802000        0x0 u8g/u8g_font_profont15.o
 .data          0x00802000        0x0 u8g/u8g_font_profont15r.o
 .data          0x00802000        0x0 u8g/u8g_font_profont17.o
 .data          0x00802000        0x0 u8g/u8g_font_profont17r.o
 .data          0x00802000        0x0 u8g/u8g_font_profont22.o
 .data          0x00802000        0x0 u8g/u8g_font_profont22r.o
 .data          0x00802000        0x0 u8g/u8g_font_profont29.o
 .data          0x00802000        0x0 u8g/u8g_font_profont29r.o
 .data          0x00802000        0x0 u8g/u8g_font_robot_de_niro.o
 .data          0x00802000        0x0 u8g/u8g_font_robot_de_niron.o
 .data          0x00802000        0x0 u8g/u8g_font_robot_de_niror.o
 .data          0x00802000        0x0 u8g/u8g_font_symb08.o
 .data          0x00802000        0x0 u8g/u8g_font_symb08r.o
 .data          0x00802000        0x0 u8g/u8g_font_symb10.o
 .data          0x00802000        0x0 u8g/u8g_font_symb10r.o
 .data          0x00802000        0x0 u8g/u8g_font_symb12.o
 .data          0x00802000        0x0 u8g/u8g_font_symb12r.o
 .data          0x00802000        0x0 u8g/u8g_font_symb14.o
 .data          0x00802000        0x0 u8g/u8g_font_symb14r.o
 .data          0x00802000        0x0 u8g/u8g_font_symb18.o
 .data          0x00802000        0x0 u8g/u8g_font_symb18r.o
 .data          0x00802000        0x0 u8g/u8g_font_symb24.o
 .data          0x00802000        0x0 u8g/u8g_font_symb24r.o
 .data          0x00802000        0x0 u8g/u8g_font_timb08.o
 .data          0x00802000        0x0 u8g/u8g_font_timb08r.o
 .data          0x00802000        0x0 u8g/u8g_font_timb10.o
 .data          0x00802000        0x0 u8g/u8g_font_timb10r.o
 .data          0x00802000        0x0 u8g/u8g_font_timb12.o
 .data          0x00802000        0x0 u8g/u8g_font_timb12r.o
 .data          0x00802000        0x0 u8g/u8g_font_timb14.o
 .data          0x00802000        0x0 u8g/u8g_font_timb14r.o
 .data          0x00802000        0x0 u8g/u8g_font_timb18.o
 .data          0x00802000        0x0 u8g/u8g_font_timb18r.o
 .data          0x00802000        0x0 u8g/u8g_font_timb24.o
 .data          0x00802000        0x0 u8g/u8g_font_timb24n.o
 .data          0x00802000        0x0 u8g/u8g_font_timb24r.o
 .data          0x00802000        0x0 u8g/u8g_font_timr08.o
 .data          0x00802000        0x0 u8g/u8g_font_timr08r.o
 .data          0x00802000        0x0 u8g/u8g_font_timr10.o
 .data          0x00802000        0x0 u8g/u8g_font_timr10r.o
 .data          0x00802000        0x0 u8g/u8g_font_timr12.o
 .data          0x00802000        0x0 u8g/u8g_font_timr12r.o
 .data          0x00802000        0x0 u8g/u8g_font_timr14.o
 .data          0x00802000        0x0 u8g/u8g_font_timr14r.o
 .data          0x00802000        0x0 u8g/u8g_font_timr18.o
 .data          0x00802000        0x0 u8g/u8g_font_timr18r.o
 .data          0x00802000        0x0 u8g/u8g_font_timr24.o
 .data          0x00802000        0x0 u8g/u8g_font_timr24n.o
 .data          0x00802000        0x0 u8g/u8g_font_timr24r.o
 .data          0x00802000        0x0 u8g/u8g_font_tpss.o
 .data          0x00802000        0x0 u8g/u8g_font_tpssb.o
 .data          0x00802000        0x0 u8g/u8g_font_tpssbn.o
 .data          0x00802000        0x0 u8g/u8g_font_tpssbr.o
 .data          0x00802000        0x0 u8g/u8g_font_tpssn.o
 .data          0x00802000        0x0 u8g/u8g_font_tpssr.o
 .data          0x00802000        0x0 u8g/u8g_font_trixel_square.o
 .data          0x00802000        0x0 u8g/u8g_font_trixel_squaren.o
 .data          0x00802000        0x0 u8g/u8g_font_trixel_squarer.o
 .data          0x00802000        0x0 u8g/u8g_font_u8glib_4.o
 .data          0x00802000        0x0 u8g/u8g_font_u8glib_4r.o
 .data          0x00802000        0x0 u8g/u8g_font_unifont.o
 .data          0x00802000        0x0 u8g/u8g_font_unifontr.o
 .data          0x00802000        0x0 u8g/u8g_font_unifont_0_8.o
 .data          0x00802000        0x0 u8g/u8g_font_unifont_12_13.o
 .data          0x00802000        0x0 u8g/u8g_font_unifont_18_19.o
 .data          0x00802000        0x0 u8g/u8g_font_unifont_2_3.o
 .data          0x00802000        0x0 u8g/u8g_font_unifont_4_5.o
 .data          0x00802000        0x0 u8g/u8g_font_unifont_67_75.o
 .data          0x00802000        0x0 u8g/u8g_font_unifont_72_73.o
 .data          0x00802000        0x0 u8g/u8g_font_unifont_75r.o
 .data          0x00802000        0x0 u8g/u8g_font_unifont_76.o
 .data          0x00802000        0x0 u8g/u8g_font_unifont_77.o
 .data          0x00802000        0x0 u8g/u8g_font_unifont_78_79.o
 .data          0x00802000        0x0 u8g/u8g_font_unifont_86.o
 .data          0x00802000        0x0 u8g/u8g_font_unifont_8_9.o
 .data          0x00802000        0x0 u8g/u8g_line.o
 .data          0x00802000        0x0 u8g/u8g_ll_api.o
 .data          0x00802000        0x0 u8g/u8g_page.o
 .data          0x00802000        0x0 u8g/u8g_pb.o
 .data          0x00802000        0x0 u8g/u8g_pb14v1.o
 .data          0x00802000        0x0 u8g/u8g_pb16h1.o
 .data          0x00802000        0x0 u8g/u8g_pb16h2.o
 .data          0x00802000        0x0 u8g/u8g_pb16v1.o
 .data          0x00802000        0x0 u8g/u8g_pb16v2.o
 .data          0x00802000        0x0 u8g/u8g_pb32h1.o
 .data          0x00802000        0x0 u8g/u8g_pb8h1.o
 .data          0x00802000        0x0 u8g/u8g_pb8h1f.o