Archive member included because of file (symbol)

c:/program files (x86)/atmel/atmel toolchain/avr8 gcc/native/3.4.1056/avr8-gnu-toolchain/bin/../lib/gcc/avr/4.8.1/../../../../avr/lib/avrxmega5\libm.a(addsf3.o)
                              rotor controller.o (__addsf3)
c:/program files (x86)/atmel/atmel toolchain/avr8 gcc/native/3.4.1056/avr8-gnu-toolchain/bin/../lib/gcc/avr/4.8.1/../../../../avr/lib/avrxmega5\libm.a(addsf3x.o)
                              c:/program files (x86)/atmel/atmel toolchain/avr8 gcc/native/3.4.1056/avr8-gnu-toolchain/bin/../lib/gcc/avr/4.8.1/../../../../avr/lib/avrxmega5\libm.a(addsf3.o) (__addsf3x)
c:/program files (x86)/atmel/atmel toolchain/avr8 gcc/native/3.4.1056/avr8-gnu-toolchain/bin/../lib/gcc/avr/4.8.1/../../../../avr/lib/avrxmega5\libm.a(cmpsf2.o)
                              rotor controller.o (__ltsf2)
c:/program files (x86)/atmel/atmel toolchain/avr8 gcc/native/3.4.1056/avr8-gnu-toolchain/bin/../lib/gcc/avr/4.8.1/../../../../avr/lib/avrxmega5\libm.a(cos.o)
                              rotor controller.o (cos)
c:/program files (x86)/atmel/atmel toolchain/avr8 gcc/native/3.4.1056/avr8-gnu-toolchain/bin/../lib/gcc/avr/4.8.1/../../../../avr/lib/avrxmega5\libm.a(fixsfsi.o)
                              rotor controller.o (__fixsfsi)
c:/program files (x86)/atmel/atmel toolchain/avr8 gcc/native/3.4.1056/avr8-gnu-toolchain/bin/../lib/gcc/avr/4.8.1/../../../../avr/lib/avrxmega5\libm.a(fixunssfsi.o)
                              rotor controller.o (__fixunssfsi)
c:/program files (x86)/atmel/atmel toolchain/avr8 gcc/native/3.4.1056/avr8-gnu-toolchain/bin/../lib/gcc/avr/4.8.1/../../../../avr/lib/avrxmega5\libm.a(floatsisf.o)
                              rotor controller.o (__floatunsisf)
c:/program files (x86)/atmel/atmel toolchain/avr8 gcc/native/3.4.1056/avr8-gnu-toolchain/bin/../lib/gcc/avr/4.8.1/../../../../avr/lib/avrxmega5\libm.a(fp_cmp.o)
                              c:/program files (x86)/atmel/atmel toolchain/avr8 gcc/native/3.4.1056/avr8-gnu-toolchain/bin/../lib/gcc/avr/4.8.1/../../../../avr/lib/avrxmega5\libm.a(cmpsf2.o) (__fp_cmp)
c:/program files (x86)/atmel/atmel toolchain/avr8 gcc/native/3.4.1056/avr8-gnu-toolchain/bin/../lib/gcc/avr/4.8.1/../../../../avr/lib/avrxmega5\libm.a(fp_inf.o)
                              c:/program files (x86)/atmel/atmel toolchain/avr8 gcc/native/3.4.1056/avr8-gnu-toolchain/bin/../lib/gcc/avr/4.8.1/../../../../avr/lib/avrxmega5\libm.a(addsf3x.o) (__fp_inf)
c:/program files (x86)/atmel/atmel toolchain/avr8 gcc/native/3.4.1056/avr8-gnu-toolchain/bin/../lib/gcc/avr/4.8.1/../../../../avr/lib/avrxmega5\libm.a(fp_nan.o)
                              c:/program files (x86)/atmel/atmel toolchain/avr8 gcc/native/3.4.1056/avr8-gnu-toolchain/bin/../lib/gcc/avr/4.8.1/../../../../avr/lib/avrxmega5\libm.a(addsf3x.o) (__fp_nan)
c:/program files (x86)/atmel/atmel toolchain/avr8 gcc/native/3.4.1056/avr8-gnu-toolchain/bin/../lib/gcc/avr/4.8.1/../../../../avr/lib/avrxmega5\libm.a(fp_pscA.o)
                              c:/program files (x86)/atmel/atmel toolchain/avr8 gcc/native/3.4.1056/avr8-gnu-toolchain/bin/../lib/gcc/avr/4.8.1/../../../../avr/lib/avrxmega5\libm.a(addsf3x.o) (__fp_pscA)
c:/program files (x86)/atmel/atmel toolchain/avr8 gcc/native/3.4.1056/avr8-gnu-toolchain/bin/../lib/gcc/avr/4.8.1/../../../../avr/lib/avrxmega5\libm.a(fp_pscB.o)
                              c:/program files (x86)/atmel/atmel toolchain/avr8 gcc/native/3.4.1056/avr8-gnu-toolchain/bin/../lib/gcc/avr/4.8.1/../../../../avr/lib/avrxmega5\libm.a(addsf3x.o) (__fp_pscB)
c:/program files (x86)/atmel/atmel toolchain/avr8 gcc/native/3.4.1056/avr8-gnu-toolchain/bin/../lib/gcc/avr/4.8.1/../../../../avr/lib/avrxmega5\libm.a(fp_rempio2.o)
                              c:/program files (x86)/atmel/atmel toolchain/avr8 gcc/native/3.4.1056/avr8-gnu-toolchain/bin/../lib/gcc/avr/4.8.1/../../../../avr/lib/avrxmega5\libm.a(cos.o) (__fp_rempio2)
c:/program files (x86)/atmel/atmel toolchain/avr8 gcc/native/3.4.1056/avr8-gnu-toolchain/bin/../lib/gcc/avr/4.8.1/../../../../avr/lib/avrxmega5\libm.a(fp_round.o)
                              c:/program files (x86)/atmel/atmel toolchain/avr8 gcc/native/3.4.1056/avr8-gnu-toolchain/bin/../lib/gcc/avr/4.8.1/../../../../avr/lib/avrxmega5\libm.a(addsf3.o) (__fp_round)
c:/program files (x86)/atmel/atmel toolchain/avr8 gcc/native/3.4.1056/avr8-gnu-toolchain/bin/../lib/gcc/avr/4.8.1/../../../../avr/lib/avrxmega5\libm.a(fp_sinus.o)
                              c:/program files (x86)/atmel/atmel toolchain/avr8 gcc/native/3.4.1056/avr8-gnu-toolchain/bin/../lib/gcc/avr/4.8.1/../../../../avr/lib/avrxmega5\libm.a(cos.o) (__fp_sinus)
c:/program files (x86)/atmel/atmel toolchain/avr8 gcc/native/3.4.1056/avr8-gnu-toolchain/bin/../lib/gcc/avr/4.8.1/../../../../avr/lib/avrxmega5\libm.a(fp_split3.o)
[...]
Memory Configuration

Name             Origin             Length             Attributes
text             0x00000000         0x00100000         xr
data             0x00802000         0x0000ffa0         rw !x
eeprom           0x00810000         0x00010000         rw !x
fuse             0x00820000         0x00000400         rw !x
lock             0x00830000         0x00000400         rw !x
signature        0x00840000         0x00000400         rw !x
user_signatures  0x00850000         0x00000400         rw !x
*default*        0x00000000         0xffffffff

Linker script and memory map

LOAD c:/program files (x86)/atmel/atmel toolchain/avr8 gcc/native/3.4.1056/avr8-gnu-toolchain/bin/../lib/gcc/avr/4.8.1/../../../../avr/lib/avrxmega5/crtx64a1.o
LOAD can/can.o
LOAD can/MCP2515.o
LOAD can_data.o
LOAD CAN_Queue.o
LOAD io_driver.o
LOAD menus.o
LOAD rotor controller.o
LOAD can_spi.o
LOAD scheduler.o
LOAD sdcard/byteordering.o
LOAD sdcard/fat.o
LOAD sdcard/partition.o
LOAD sdcard/sd_raw.o
LOAD sdcard_driver.o
LOAD Sequencer.o
LOAD u8g/chessengine.o
LOAD u8g/u8g_bitmap.o
LOAD u8g/u8g_circle.o
LOAD u8g/u8g_clip.o
LOAD u8g/u8g_com_api.o
LOAD u8g/u8g_com_api_16gr.o
LOAD u8g/u8g_com_arduino_attiny85_hw_spi.o
LOAD u8g/u8g_com_arduino_common.o
LOAD u8g/u8g_com_arduino_fast_parallel.o
LOAD u8g/u8g_com_arduino_hw_spi.o
LOAD u8g/u8g_com_arduino_hw_usart_spi.o
LOAD u8g/u8g_com_arduino_no_en_parallel.o
LOAD u8g/u8g_com_arduino_parallel.o
LOAD u8g/u8g_com_arduino_port_d_wr.o
LOAD u8g/u8g_com_arduino_ssd_i2c.o
LOAD u8g/u8g_com_arduino_st7920_custom.o
LOAD u8g/u8g_com_arduino_st7920_hw_spi.o
LOAD u8g/u8g_com_arduino_st7920_spi.o
LOAD u8g/u8g_com_arduino_std_sw_spi.o
LOAD u8g/u8g_com_arduino_sw_spi.o
LOAD u8g/u8g_com_arduino_t6963.o
LOAD u8g/u8g_com_arduino_uc_i2c.o
LOAD u8g/u8g_com_atmega_hw_spi.o
LOAD u8g/u8g_com_atmega_parallel.o
LOAD u8g/u8g_com_atmega_st7920_hw_spi.o
LOAD u8g/u8g_com_atmega_st7920_spi.o
LOAD u8g/u8g_com_atmega_sw_spi.o
LOAD u8g/u8g_com_i2c.o
LOAD u8g/u8g_com_io.o
LOAD u8g/u8g_com_null.o
LOAD u8g/u8g_com_raspberrypi_hw_spi.o
LOAD u8g/u8g_com_raspberrypi_ssd_i2c.o
LOAD u8g/u8g_cursor.o
LOAD u8g/u8g_delay.o
LOAD u8g/u8g_dev_a2_micro_printer.o
LOAD u8g/u8g_dev_flipdisc_2x7.o
LOAD u8g/u8g_dev_gprof.o
LOAD u8g/u8g_dev_ht1632.o
LOAD u8g/u8g_dev_ili9325d_320x240.o
LOAD u8g/u8g_dev_ks0108_128x64.o
LOAD u8g/u8g_dev_lc7981_160x80.o
LOAD u8g/u8g_dev_lc7981_240x128.o
LOAD u8g/u8g_dev_lc7981_240x64.o
LOAD u8g/u8g_dev_lc7981_320x64.o
LOAD u8g/u8g_dev_ld7032_60x32.o
LOAD u8g/u8g_dev_null.o
LOAD u8g/u8g_dev_pcd8544_84x48.o
LOAD u8g/u8g_dev_pcf8812_96x65.o
LOAD u8g/u8g_dev_sbn1661_122x32.o
LOAD u8g/u8g_dev_ssd1306_128x32.o
LOAD u8g/u8g_dev_ssd1306_128x64.o
LOAD u8g/u8g_dev_ssd1309_128x64.o
LOAD u8g/u8g_dev_ssd1322_nhd31oled_bw.o
LOAD u8g/u8g_dev_ssd1322_nhd31oled_gr.o
LOAD u8g/u8g_dev_ssd1325_nhd27oled_bw.o
LOAD u8g/u8g_dev_ssd1325_nhd27oled_bw_new.o
LOAD u8g/u8g_dev_ssd1325_nhd27oled_gr.o
LOAD u8g/u8g_dev_ssd1325_nhd27oled_gr_new.o
LOAD u8g/u8g_dev_ssd1327_96x96_gr.o
LOAD u8g/u8g_dev_ssd1351_128x128.o
LOAD u8g/u8g_dev_st7565_64128n.o
LOAD u8g/u8g_dev_st7565_dogm128.o
LOAD u8g/u8g_dev_st7565_dogm132.o
LOAD u8g/u8g_dev_st7565_lm6059.o
LOAD u8g/u8g_dev_st7565_lm6063.o
LOAD u8g/u8g_dev_st7565_nhd_c12832.o
LOAD u8g/u8g_dev_st7565_nhd_c12864.o
LOAD u8g/u8g_dev_st7687_c144mvgd.o
LOAD u8g/u8g_dev_st7920_128x64.o
LOAD u8g/u8g_dev_st7920_192x32.o
LOAD u8g/u8g_dev_st7920_202x32.o
LOAD u8g/u8g_dev_t6963_128x128.o
LOAD u8g/u8g_dev_t6963_128x64.o
LOAD u8g/u8g_dev_t6963_240x128.o
LOAD u8g/u8g_dev_t6963_240x64.o
LOAD u8g/u8g_dev_tls8204_84x48.o
LOAD u8g/u8g_dev_uc1601_c128032.o
LOAD u8g/u8g_dev_uc1608_240x128.o
LOAD u8g/u8g_dev_uc1608_240x64.o
LOAD u8g/u8g_dev_uc1610_dogxl160.o
LOAD u8g/u8g_dev_uc1611_dogm240.o
LOAD u8g/u8g_dev_uc1611_dogxl240.o
LOAD u8g/u8g_dev_uc1701_dogs102.o
LOAD u8g/u8g_dev_uc1701_mini12864.o
LOAD u8g/u8g_ellipse.o
LOAD u8g/u8g_font.o
LOAD u8g/u8g_font_04b_03.o
LOAD u8g/u8g_font_04b_03b.o
LOAD u8g/u8g_font_04b_03bn.o
LOAD u8g/u8g_font_04b_03br.o
LOAD u8g/u8g_font_04b_03n.o
LOAD u8g/u8g_font_04b_03r.o
LOAD u8g/u8g_font_04b_24.o
LOAD u8g/u8g_font_04b_24n.o
LOAD u8g/u8g_font_04b_24r.o
LOAD u8g/u8g_font_10x20.o
LOAD u8g/u8g_font_10x20r.o
LOAD u8g/u8g_font_10x20_67_75.o
LOAD u8g/u8g_font_10x20_75r.o
LOAD u8g/u8g_font_10x20_78_79.o
LOAD u8g/u8g_font_4x6.o
LOAD u8g/u8g_font_4x6r.o
LOAD u8g/u8g_font_5x7.o
LOAD u8g/u8g_font_5x7r.o
LOAD u8g/u8g_font_5x8.o
LOAD u8g/u8g_font_5x8r.o
LOAD u8g/u8g_font_6x10.o
LOAD u8g/u8g_font_6x10r.o
LOAD u8g/u8g_font_6x12.o
LOAD u8g/u8g_font_6x12r.o
LOAD u8g/u8g_font_6x12_67_75.o
LOAD u8g/u8g_font_6x12_75r.o
LOAD u8g/u8g_font_6x12_78_79.o
LOAD u8g/u8g_font_6x13.o
LOAD u8g/u8g_font_6x13B.o
LOAD u8g/u8g_font_6x13Br.o
LOAD u8g/u8g_font_6x13O.o
LOAD u8g/u8g_font_6x13Or.o
LOAD u8g/u8g_font_6x13r.o
LOAD u8g/u8g_font_6x13_67_75.o
LOAD u8g/u8g_font_6x13_75r.o
LOAD u8g/u8g_font_6x13_78_79.o
LOAD u8g/u8g_font_7x13.o
LOAD u8g/u8g_font_7x13B.o
LOAD u8g/u8g_font_7x13Br.o
LOAD u8g/u8g_font_7x13O.o
LOAD u8g/u8g_font_7x13Or.o
LOAD u8g/u8g_font_7x13r.o
LOAD u8g/u8g_font_7x13_67_75.o
LOAD u8g/u8g_font_7x13_75r.o
LOAD u8g/u8g_font_7x14.o
LOAD u8g/u8g_font_7x14B.o
LOAD u8g/u8g_font_7x14Br.o
LOAD u8g/u8g_font_7x14r.o
LOAD u8g/u8g_font_8x13.o
LOAD u8g/u8g_font_8x13B.o
LOAD u8g/u8g_font_8x13Br.o
LOAD u8g/u8g_font_8x13O.o
LOAD u8g/u8g_font_8x13Or.o
LOAD u8g/u8g_font_8x13r.o
LOAD u8g/u8g_font_8x13_67_75.o
LOAD u8g/u8g_font_8x13_75r.o
LOAD u8g/u8g_font_9x15.o
LOAD u8g/u8g_font_9x15B.o
LOAD u8g/u8g_font_9x15Br.o
LOAD u8g/u8g_font_9x15r.o
LOAD u8g/u8g_font_9x15_67_75.o
LOAD u8g/u8g_font_9x15_75r.o
LOAD u8g/u8g_font_9x15_78_79.o
LOAD u8g/u8g_font_9x18.o
LOAD u8g/u8g_font_9x18B.o
LOAD u8g/u8g_font_9x18Br.o
LOAD u8g/u8g_font_9x18r.o
LOAD u8g/u8g_font_9x18_67_75.o
LOAD u8g/u8g_font_9x18_75r.o
LOAD u8g/u8g_font_9x18_78_79.o
LOAD u8g/u8g_font_baby.o
LOAD u8g/u8g_font_babyn.o
LOAD u8g/u8g_font_babyr.o
LOAD u8g/u8g_font_blipfest_07.o
LOAD u8g/u8g_font_blipfest_07n.o
LOAD u8g/u8g_font_blipfest_07r.o
LOAD u8g/u8g_font_chikita.o
LOAD u8g/u8g_font_chikitan.o
LOAD u8g/u8g_font_chikitar.o
LOAD u8g/u8g_font_courb08.o
LOAD u8g/u8g_font_courb08r.o
LOAD u8g/u8g_font_courb10.o
LOAD u8g/u8g_font_courb10r.o
LOAD u8g/u8g_font_courb12.o
LOAD u8g/u8g_font_courb12r.o
LOAD u8g/u8g_font_courb14.o
LOAD u8g/u8g_font_courb14r.o
LOAD u8g/u8g_font_courb18.o
LOAD u8g/u8g_font_courb18r.o
LOAD u8g/u8g_font_courb24.o
LOAD u8g/u8g_font_courb24r.o
LOAD u8g/u8g_font_courb4n.o
LOAD u8g/u8g_font_courr08.o
LOAD u8g/u8g_font_courr08r.o
LOAD u8g/u8g_font_courr10.o
LOAD u8g/u8g_font_courr10r.o
LOAD u8g/u8g_font_courr12.o
LOAD u8g/u8g_font_courr12r.o
LOAD u8g/u8g_font_courr14.o
LOAD u8g/u8g_font_courr14r.o
LOAD u8g/u8g_font_courr18.o
LOAD u8g/u8g_font_courr18r.o
LOAD u8g/u8g_font_courr24.o
LOAD u8g/u8g_font_courr24n.o
LOAD u8g/u8g_font_courr24r.o
LOAD u8g/u8g_font_cu12.o
LOAD u8g/u8g_font_cu12_67_75.o
LOAD u8g/u8g_font_cu12_75r.o
LOAD u8g/u8g_font_cursor.o
LOAD u8g/u8g_font_cursorr.o
LOAD u8g/u8g_font_fixed_v0.o
LOAD u8g/u8g_font_fixed_v0n.o
LOAD u8g/u8g_font_fixed_v0r.o
LOAD u8g/u8g_font_freedoomr10r.o
LOAD u8g/u8g_font_freedoomr25n.o
LOAD u8g/u8g_font_fub11.o
LOAD u8g/u8g_font_fub11n.o
LOAD u8g/u8g_font_fub11r.o
LOAD u8g/u8g_font_fub14.o
LOAD u8g/u8g_font_fub14n.o
LOAD u8g/u8g_font_fub14r.o
LOAD u8g/u8g_font_fub17.o
LOAD u8g/u8g_font_fub17n.o
LOAD u8g/u8g_font_fub17r.o
LOAD u8g/u8g_font_fub20.o
LOAD u8g/u8g_font_fub20n.o
LOAD u8g/u8g_font_fub20r.o
LOAD u8g/u8g_font_fub25.o
LOAD u8g/u8g_font_fub25n.o
LOAD u8g/u8g_font_fub25r.o
LOAD u8g/u8g_font_fub30.o
LOAD u8g/u8g_font_fub30n.o
LOAD u8g/u8g_font_fub30r.o
LOAD u8g/u8g_font_fub35n.o
LOAD u8g/u8g_font_fub42n.o
LOAD u8g/u8g_font_fub49n.o
LOAD u8g/u8g_font_fur11.o
LOAD u8g/u8g_font_fur11n.o
LOAD u8g/u8g_font_fur11r.o
LOAD u8g/u8g_font_fur14.o
LOAD u8g/u8g_font_fur14n.o
LOAD u8g/u8g_font_fur14r.o
LOAD u8g/u8g_font_fur17.o
LOAD u8g/u8g_font_fur17n.o
LOAD u8g/u8g_font_fur17r.o
LOAD u8g/u8g_font_fur20.o
LOAD u8g/u8g_font_fur20n.o
LOAD u8g/u8g_font_fur20r.o
LOAD u8g/u8g_font_fur25.o
LOAD u8g/u8g_font_fur25n.o
LOAD u8g/u8g_font_fur25r.o
LOAD u8g/u8g_font_fur30.o
LOAD u8g/u8g_font_fur30n.o
LOAD u8g/u8g_font_fur30r.o
LOAD u8g/u8g_font_fur35n.o
LOAD u8g/u8g_font_fur42n.o
LOAD u8g/u8g_font_fur49n.o
LOAD u8g/u8g_font_gdb11.o
LOAD u8g/u8g_font_gdb11n.o
LOAD u8g/u8g_font_gdb11r.o
LOAD u8g/u8g_font_gdb12.o
LOAD u8g/u8g_font_gdb12n.o
LOAD u8g/u8g_font_gdb12r.o
LOAD u8g/u8g_font_gdb14.o
LOAD u8g/u8g_font_gdb14n.o
LOAD u8g/u8g_font_gdb14r.o
LOAD u8g/u8g_font_gdb17.o
LOAD u8g/u8g_font_gdb17n.o
LOAD u8g/u8g_font_gdb17r.o
LOAD u8g/u8g_font_gdb20.o
LOAD u8g/u8g_font_gdb20n.o
LOAD u8g/u8g_font_gdb20r.o
LOAD u8g/u8g_font_gdb25.o
LOAD u8g/u8g_font_gdb25n.o
LOAD u8g/u8g_font_gdb25r.o
LOAD u8g/u8g_font_gdb30.o
LOAD u8g/u8g_font_gdb30n.o
LOAD u8g/u8g_font_gdb30r.o
LOAD u8g/u8g_font_gdr10.o
LOAD u8g/u8g_font_gdr10n.o
LOAD u8g/u8g_font_gdr10r.o
LOAD u8g/u8g_font_gdr11.o
LOAD u8g/u8g_font_gdr11n.o
LOAD u8g/u8g_font_gdr11r.o
LOAD u8g/u8g_font_gdr12.o
LOAD u8g/u8g_font_gdr12n.o
LOAD u8g/u8g_font_gdr12r.o
LOAD u8g/u8g_font_gdr14.o
LOAD u8g/u8g_font_gdr14n.o
LOAD u8g/u8g_font_gdr14r.o
LOAD u8g/u8g_font_gdr17.o
LOAD u8g/u8g_font_gdr17n.o
LOAD u8g/u8g_font_gdr17r.o
LOAD u8g/u8g_font_gdr20.o
LOAD u8g/u8g_font_gdr20n.o
LOAD u8g/u8g_font_gdr20r.o
LOAD u8g/u8g_font_gdr25.o
LOAD u8g/u8g_font_gdr25n.o
LOAD u8g/u8g_font_gdr25r.o
LOAD u8g/u8g_font_gdr30.o
LOAD u8g/u8g_font_gdr30n.o
LOAD u8g/u8g_font_gdr30r.o
LOAD u8g/u8g_font_gdr9.o
LOAD u8g/u8g_font_gdr9n.o
LOAD u8g/u8g_font_gdr9r.o
LOAD u8g/u8g_font_helvb08.o
LOAD u8g/u8g_font_helvb08n.o
LOAD u8g/u8g_font_helvb08r.o
LOAD u8g/u8g_font_helvb10.o
LOAD u8g/u8g_font_helvb10n.o
LOAD u8g/u8g_font_helvb10r.o
LOAD u8g/u8g_font_helvb12.o
LOAD u8g/u8g_font_helvb12n.o
LOAD u8g/u8g_font_helvb12r.o
LOAD u8g/u8g_font_helvb14.o
LOAD u8g/u8g_font_helvb14n.o
LOAD u8g/u8g_font_helvb14r.o
LOAD u8g/u8g_font_helvb18.o
LOAD u8g/u8g_font_helvb18n.o
LOAD u8g/u8g_font_helvb18r.o
LOAD u8g/u8g_font_helvb24.o
LOAD u8g/u8g_font_helvb24n.o
LOAD u8g/u8g_font_helvb24r.o
LOAD u8g/u8g_font_helvr08.o
LOAD u8g/u8g_font_helvr08r.o
LOAD u8g/u8g_font_helvr10.o
LOAD u8g/u8g_font_helvr10r.o
LOAD u8g/u8g_font_helvr12.o
LOAD u8g/u8g_font_helvr12r.o
LOAD u8g/u8g_font_helvr14.o
LOAD u8g/u8g_font_helvr14r.o
LOAD u8g/u8g_font_helvr18.o
LOAD u8g/u8g_font_helvr18r.o
LOAD u8g/u8g_font_helvr24.o
LOAD u8g/u8g_font_helvr24n.o
LOAD u8g/u8g_font_helvr24r.o
LOAD u8g/u8g_font_lucasfont_alternate.o
LOAD u8g/u8g_font_lucasfont_alternaten.o
LOAD u8g/u8g_font_lucasfont_alternater.o
LOAD u8g/u8g_font_m2icon_5.o
LOAD u8g/u8g_font_m2icon_7.o
LOAD u8g/u8g_font_m2icon_9.o
LOAD u8g/u8g_font_micro.o
LOAD u8g/u8g_font_ncenb08.o
LOAD u8g/u8g_font_ncenb08r.o
LOAD u8g/u8g_font_ncenb10.o
LOAD u8g/u8g_font_ncenb10r.o
LOAD u8g/u8g_font_ncenb12.o
LOAD u8g/u8g_font_ncenb12r.o
LOAD u8g/u8g_font_ncenb14.o
LOAD u8g/u8g_font_ncenb14r.o
LOAD u8g/u8g_font_ncenb18.o
LOAD u8g/u8g_font_ncenb18r.o
LOAD u8g/u8g_font_ncenb24.o
LOAD u8g/u8g_font_ncenb24n.o
LOAD u8g/u8g_font_ncenb24r.o
LOAD u8g/u8g_font_ncenr08.o
LOAD u8g/u8g_font_ncenr08r.o
LOAD u8g/u8g_font_ncenr10.o
LOAD u8g/u8g_font_ncenr10r.o
LOAD u8g/u8g_font_ncenr12.o
LOAD u8g/u8g_font_ncenr12r.o
LOAD u8g/u8g_font_ncenr14.o
LOAD u8g/u8g_font_ncenr14r.o
LOAD u8g/u8g_font_ncenr18.o
LOAD u8g/u8g_font_ncenr18r.o
LOAD u8g/u8g_font_ncenr24.o
LOAD u8g/u8g_font_ncenr24n.o
LOAD u8g/u8g_font_ncenr24r.o
LOAD u8g/u8g_font_orgv01.o
LOAD u8g/u8g_font_orgv01n.o
LOAD u8g/u8g_font_orgv01r.o
LOAD u8g/u8g_font_osb18.o
LOAD u8g/u8g_font_osb18n.o
LOAD u8g/u8g_font_osb18r.o
LOAD u8g/u8g_font_osb21.o
LOAD u8g/u8g_font_osb21n.o
LOAD u8g/u8g_font_osb21r.o
LOAD u8g/u8g_font_osb26.o
LOAD u8g/u8g_font_osb26n.o
LOAD u8g/u8g_font_osb26r.o
LOAD u8g/u8g_font_osb29.o
LOAD u8g/u8g_font_osb29n.o
LOAD u8g/u8g_font_osb29r.o
LOAD u8g/u8g_font_osb35.o
LOAD u8g/u8g_font_osb35n.o
LOAD u8g/u8g_font_osb35r.o
LOAD u8g/u8g_font_osr18.o
LOAD u8g/u8g_font_osr18n.o
LOAD u8g/u8g_font_osr18r.o
LOAD u8g/u8g_font_osr21.o
LOAD u8g/u8g_font_osr21n.o
LOAD u8g/u8g_font_osr21r.o
LOAD u8g/u8g_font_osr26.o
LOAD u8g/u8g_font_osr26n.o
LOAD u8g/u8g_font_osr26r.o
LOAD u8g/u8g_font_osr29.o
LOAD u8g/u8g_font_osr29n.o
LOAD u8g/u8g_font_osr29r.o
LOAD u8g/u8g_font_osr35.o
LOAD u8g/u8g_font_osr35n.o
LOAD u8g/u8g_font_osr35r.o
LOAD u8g/u8g_font_p01type.o
LOAD u8g/u8g_font_p01typen.o
LOAD u8g/u8g_font_p01typer.o
LOAD u8g/u8g_font_pixelle_micro.o
LOAD u8g/u8g_font_pixelle_micron.o
LOAD u8g/u8g_font_pixelle_micror.o
LOAD u8g/u8g_font_profont10.o
LOAD u8g/u8g_font_profont10r.o
LOAD u8g/u8g_font_profont11.o
LOAD u8g/u8g_font_profont11r.o
LOAD u8g/u8g_font_profont12.o
LOAD u8g/u8g_font_profont12r.o
LOAD u8g/u8g_font_profont15.o
LOAD u8g/u8g_font_profont15r.o
LOAD u8g/u8g_font_profont17.o
LOAD u8g/u8g_font_profont17r.o
LOAD u8g/u8g_font_profont22.o
LOAD u8g/u8g_font_profont22r.o
LOAD u8g/u8g_font_profont29.o
LOAD u8g/u8g_font_profont29r.o
LOAD u8g/u8g_font_robot_de_niro.o
LOAD u8g/u8g_font_robot_de_niron.o
LOAD u8g/u8g_font_robot_de_niror.o
LOAD u8g/u8g_font_symb08.o
LOAD u8g/u8g_font_symb08r.o
LOAD u8g/u8g_font_symb10.o
LOAD u8g/u8g_font_symb10r.o
LOAD u8g/u8g_font_symb12.o
LOAD u8g/u8g_font_symb12r.o
LOAD u8g/u8g_font_symb14.o
LOAD u8g/u8g_font_symb14r.o
LOAD u8g/u8g_font_symb18.o
LOAD u8g/u8g_font_symb18r.o
LOAD u8g/u8g_font_symb24.o
LOAD u8g/u8g_font_symb24r.o
LOAD u8g/u8g_font_timb08.o
LOAD u8g/u8g_font_timb08r.o
LOAD u8g/u8g_font_timb10.o
LOAD u8g/u8g_font_timb10r.o
LOAD u8g/u8g_font_timb12.o
LOAD u8g/u8g_font_timb12r.o
LOAD u8g/u8g_font_timb14.o
LOAD u8g/u8g_font_timb14r.o
LOAD u8g/u8g_font_timb18.o
LOAD u8g/u8g_font_timb18r.o
LOAD u8g/u8g_font_timb24.o
LOAD u8g/u8g_font_timb24n.o
LOAD u8g/u8g_font_timb24r.o
LOAD u8g/u8g_font_timr08.o
LOAD u8g/u8g_font_timr08r.o
LOAD u8g/u8g_font_timr10.o
LOAD u8g/u8g_font_timr10r.o
LOAD u8g/u8g_font_timr12.o
LOAD u8g/u8g_font_timr12r.o
LOAD u8g/u8g_font_timr14.o
LOAD u8g/u8g_font_timr14r.o
LOAD u8g/u8g_font_timr18.o
LOAD u8g/u8g_font_timr18r.o
LOAD u8g/u8g_font_timr24.o
LOAD u8g/u8g_font_timr24n.o
LOAD u8g/u8g_font_timr24r.o
LOAD u8g/u8g_font_tpss.o
LOAD u8g/u8g_font_tpssb.o
LOAD u8g/u8g_font_tpssbn.o
LOAD u8g/u8g_font_tpssbr.o
LOAD u8g/u8g_font_tpssn.o
LOAD u8g/u8g_font_tpssr.o
LOAD u8g/u8g_font_trixel_square.o
LOAD u8g/u8g_font_trixel_squaren.o
LOAD u8g/u8g_font_trixel_squarer.o
LOAD u8g/u8g_font_u8glib_4.o
LOAD u8g/u8g_font_u8glib_4r.o
LOAD u8g/u8g_font_unifont.o
LOAD u8g/u8g_font_unifontr.o
LOAD u8g/u8g_font_unifont_0_8.o
LOAD u8g/u8g_font_unifont_12_13.o
LOAD u8g/u8g_font_unifont_18_19.o
LOAD u8g/u8g_font_unifont_2_3.o
LOAD u8g/u8g_font_unifont_4_5.o
LOAD u8g/u8g_font_unifont_67_75.o
LOAD u8g/u8g_font_unifont_72_73.o
LOAD u8g/u8g_font_unifont_75r.o
LOAD u8g/u8g_font_unifont_76.o
LOAD u8g/u8g_font_unifont_77.o
LOAD u8g/u8g_font_unifont_78_79.o
LOAD u8g/u8g_font_unifont_86.o
LOAD u8g/u8g_font_unifont_8_9.o
LOAD u8g/u8g_line.o
LOAD u8g/u8g_ll_api.o
LOAD u8g/u8g_page.o
LOAD u8g/u8g_pb.o
LOAD u8g/u8g_pb14v1.o
LOAD u8g/u8g_pb16h1.o
LOAD u8g/u8g_pb16h2.o
LOAD u8g/u8g_pb16v1.o
LOAD u8g/u8g_pb16v2.o
LOAD u8g/u8g_pb32h1.o
LOAD u8g/u8g_pb8h1.o
LOAD u8g/u8g_pb8h1f.o
LOAD u8g/u8g_pb8h2.o
LOAD u8g/u8g_pb8h8.o
LOAD u8g/u8g_pb8v1.o
LOAD u8g/u8g_pb8v2.o
LOAD u8g/u8g_pbxh16.o
LOAD u8g/u8g_pbxh24.o
LOAD u8g/u8g_polygon.o
LOAD u8g/u8g_rect.o
LOAD u8g/u8g_rot.o
LOAD u8g/u8g_scale.o
LOAD u8g/u8g_state.o
LOAD u8g/u8g_u16toa.o
LOAD u8g/u8g_u8toa.o
LOAD u8g/u8g_virtual_screen.o
LOAD usb/HID.o
LOAD usb/USBhost.o
LOAD usb/MAX3421E.o
LOAD usb/transfer.o
LOAD yeasu/ft-857d.o
START GROUP
LOAD c:/program files (x86)/atmel/atmel toolchain/avr8 gcc/native/3.4.1056/avr8-gnu-toolchain/bin/../lib/gcc/avr/4.8.1/../../../../avr/lib/avrxmega5\libm.a
LOAD c:/program files (x86)/atmel/atmel toolchain/avr8 gcc/native/3.4.1056/avr8-gnu-toolchain/bin/../lib/gcc/avr/4.8.1/../../../../avr/lib/avrxmega5\libprintf_flt.a
LOAD c:/program files (x86)/atmel/atmel toolchain/avr8 gcc/native/3.4.1056/avr8-gnu-toolchain/bin/../lib/gcc/avr/4.8.1/../../../../avr/lib/avrxmega5\libscanf_flt.a
END GROUP
START GROUP
LOAD c:/program files (x86)/atmel/atmel toolchain/avr8 gcc/native/3.4.1056/avr8-gnu-toolchain/bin/../lib/gcc/avr/4.8.1/avrxmega5\libgcc.a
LOAD c:/program files (x86)/atmel/atmel toolchain/avr8 gcc/native/3.4.1056/avr8-gnu-toolchain/bin/../lib/gcc/avr/4.8.1/../../../../avr/lib/avrxmega5\libm.a
LOAD c:/program files (x86)/atmel/atmel toolchain/avr8 gcc/native/3.4.1056/avr8-gnu-toolchain/bin/../lib/gcc/avr/4.8.1/../../../../avr/lib/avrxmega5\libc.a
END GROUP

.hash
 *(.hash)

.dynsym
 *(.dynsym)

.dynstr
 *(.dynstr)

.gnu.version
 *(.gnu.version)

.gnu.version_d
 *(.gnu.version_d)

.gnu.version_r
 *(.gnu.version_r)

.rel.init
 *(.rel.init)

.rela.init
 *(.rela.init)

.rel.text
 *(.rel.text)
 *(.rel.text.*)
 *(.rel.gnu.linkonce.t*)

.rela.text
 *(.rela.text)
 *(.rela.text.*)
 *(.rela.gnu.linkonce.t*)

.rel.fini
 *(.rel.fini)

.rela.fini
 *(.rela.fini)

.rel.rodata
 *(.rel.rodata)
 *(.rel.rodata.*)
 *(.rel.gnu.linkonce.r*)

.rela.rodata
 *(.rela.rodata)
 *(.rela.rodata.*)
 *(.rela.gnu.linkonce.r*)

.rel.data
 *(.rel.data)
 *(.rel.data.*)
 *(.rel.gnu.linkonce.d*)

.rela.data
 *(.rela.data)
 *(.rela.data.*)
 *(.rela.gnu.linkonce.d*)

.rel.ctors
 *(.rel.ctors)

.rela.ctors
 *(.rela.ctors)

.rel.dtors
 *(.rel.dtors)

.rela.dtors
 *(.rela.dtors)

.rel.got
 *(.rel.got)

.rela.got
 *(.rela.got)

.rel.bss
 *(.rel.bss)

.rela.bss
 *(.rela.bss)

.rel.plt
 *(.rel.plt)

.rela.plt
 *(.rela.plt)

.text           0x00000000     0x885a
 *(.vectors)
 .vectors       0x00000000      0x1f4 c:/program files (x86)/atmel/atmel toolchain/avr8 gcc/native/3.4.1056/avr8-gnu-toolchain/bin/../lib/gcc/avr/4.8.1/../../../../avr/lib/avrxmega5/crtx64a1.o
                0x00000000                __vector_default
                0x00000000                __vectors
 *(.vectors)
 *(.progmem.gcc*)
 .progmem.gcc_sw_table.u8g_com_atmega_parallel_fn
                0x000001f4        0xe u8g/u8g_com_atmega_parallel.o
 .progmem.gcc_sw_table.u8g_dev_pb8v1_base_fn
                0x00000202       0x68 u8g/u8g_pb8v1.o
 .progmem.gcc_sw_table.HIDtoa
                0x0000026a       0x70 usb/USBhost.o
 .progmem.gcc_fplib
                0x000002da       0x1e c:/program files (x86)/atmel/atmel toolchain/avr8 gcc/native/3.4.1056/avr8-gnu-toolchain/bin/../lib/gcc/avr/4.8.1/../../../../avr/lib/avrxmega5\libm.a(fp_sinus.o)
                0x000002f8                . = ALIGN (0x2)
                0x000002f8                __trampolines_start = .
 *(.trampolines)
 .trampolines   0x000002f8        0x0 linker stubs
 *(.trampolines*)
                0x000002f8                __trampolines_end = .
 *(.progmem*)
 .progmem.data.u8g_avr_port_P
                0x000002f8        0xa u8g/u8g_com_io.o
                0x000002f8                u8g_avr_port_P
 .progmem.data.u8g_avr_ddr_P
                0x00000302        0xa u8g/u8g_com_io.o
                0x00000302                u8g_avr_ddr_P
 .progmem.data.u8g_dev_ks0108_128x64_init_seq
                0x0000030c       0x16 u8g/u8g_dev_ks0108_128x64.o
 .progmem.u8g_font_6x10
                0x00000322      0x74a u8g/u8g_font_6x10.o
                0x00000322                u8g_font_6x10
 .progmem.data.pin_to_bit_mask_PGM
                0x00000a6c        0x8 usb/MAX3421E.o
                0x00000a6c                pin_to_bit_mask_PGM
 .progmem.data.pin_to_register_PGM
                0x00000a74        0x8 usb/MAX3421E.o
                0x00000a74                pin_to_register_PGM
 .progmem.data  0x00000a7c        0x8 c:/program files (x86)/atmel/atmel toolchain/avr8 gcc/native/3.4.1056/avr8-gnu-toolchain/bin/../lib/gcc/avr/4.8.1/../../../../avr/lib/avrxmega5\libprintf_flt.a(vfprintf_flt.o)
 .progmem.data  0x00000a84       0xfa c:/program files (x86)/atmel/atmel toolchain/avr8 gcc/native/3.4.1056/avr8-gnu-toolchain/bin/../lib/gcc/avr/4.8.1/../../../../avr/lib/avrxmega5\libc.a(ftoa_engine.o)
                0x00000b7e                . = ALIGN (0x2)
 *(.jumptables)
 *(.jumptables*)
 *(.lowtext)
 *(.lowtext*)
                0x00000b7e                __ctors_start = .
 *(.ctors)
                0x00000b7e                __ctors_end = .
                0x00000b7e                __dtors_start = .
 *(.dtors)
                0x00000b7e                __dtors_end = .
 SORT(*)(.ctors)
 SORT(*)(.dtors)
 *(.init0)
 .init0         0x00000b7e        0x0 c:/program files (x86)/atmel/atmel toolchain/avr8 gcc/native/3.4.1056/avr8-gnu-toolchain/bin/../lib/gcc/avr/4.8.1/../../../../avr/lib/avrxmega5/crtx64a1.o
                0x00000b7e                __init
 *(.init0)
 *(.init1)
 *(.init1)
 *(.init2)
 .init2         0x00000b7e       0x14 c:/program files (x86)/atmel/atmel toolchain/avr8 gcc/native/3.4.1056/avr8-gnu-toolchain/bin/../lib/gcc/avr/4.8.1/../../../../avr/lib/avrxmega5/crtx64a1.o
 *(.init2)
 *(.init3)
 *(.init3)
 *(.init4)
 .init4         0x00000b92       0x1c c:/program files (x86)/atmel/atmel toolchain/avr8 gcc/native/3.4.1056/avr8-gnu-toolchain/bin/../lib/gcc/avr/4.8.1/avrxmega5\libgcc.a(_copy_data.o)
                0x00000b92                __do_copy_data
 .init4         0x00000bae       0x10 c:/program files (x86)/atmel/atmel toolchain/avr8 gcc/native/3.4.1056/avr8-gnu-toolchain/bin/../lib/gcc/avr/4.8.1/avrxmega5\libgcc.a(_clear_bss.o)
                0x00000bae                __do_clear_bss
 *(.init4)
 *(.init5)
 *(.init5)
 *(.init6)
 *(.init6)
 *(.init7)
 *(.init7)
 *(.init8)
 *(.init8)
 *(.init9)
 .init9         0x00000bbe        0x8 c:/program files (x86)/atmel/atmel toolchain/avr8 gcc/native/3.4.1056/avr8-gnu-toolchain/bin/../lib/gcc/avr/4.8.1/../../../../avr/lib/avrxmega5/crtx64a1.o
 *(.init9)
 *(.text)
 .text          0x00000bc6        0x4 c:/program files (x86)/atmel/atmel toolchain/avr8 gcc/native/3.4.1056/avr8-gnu-toolchain/bin/../lib/gcc/avr/4.8.1/../../../../avr/lib/avrxmega5/crtx64a1.o
                0x00000bc6                __vector_38
                0x00000bc6                __vector_104
                0x00000bc6                __vector_22
                0x00000bc6                __vector_63
                0x00000bc6                __vector_28
                0x00000bc6                __vector_67
                0x00000bc6                __vector_1
                0x00000bc6                __vector_32
                0x00000bc6                __vector_75
                0x00000bc6                __vector_71
                0x00000bc6                __vector_91
                0x00000bc6                __vector_34
                0x00000bc6                __vector_62
                0x00000bc6                __vector_77
                0x00000bc6                __vector_102
                0x00000bc6                __vector_24
                0x00000bc6                __vector_12
                0x00000bc6                __vector_55
                0x00000bc6                __vector_69
                0x00000bc6                __vector_81
                0x00000bc6                __vector_90
                0x00000bc6                __vector_46
                0x00000bc6                __bad_interrupt
                0x00000bc6                __vector_122
                0x00000bc6                __vector_72
                0x00000bc6                __vector_114
                0x00000bc6                __vector_6
                0x00000bc6                __vector_110
                0x00000bc6                __vector_31
                0x00000bc6                __vector_92
                0x00000bc6                __vector_35
                0x00000bc6                __vector_78
                0x00000bc6                __vector_74
                0x00000bc6                __vector_117
                0x00000bc6                __vector_39
                0x00000bc6                __vector_107
                0x00000bc6                __vector_3
                0x00000bc6                __vector_105
                0x00000bc6                __vector_98
                0x00000bc6                __vector_23
                0x00000bc6                __vector_68
                0x00000bc6                __vector_30
                0x00000bc6                __vector_73
                0x00000bc6                __vector_45
                0x00000bc6                __vector_93
                0x00000bc6                __vector_61
                0x00000bc6                __vector_11
                0x00000bc6                __vector_54
                0x00000bc6                __vector_99
                0x00000bc6                __vector_13
                0x00000bc6                __vector_17
                0x00000bc6                __vector_19
                0x00000bc6                __vector_56
                0x00000bc6                __vector_7
                0x00000bc6                __vector_49
                0x00000bc6                __vector_123
                0x00000bc6                __vector_41
                0x00000bc6                __vector_86
                0x00000bc6                __vector_100
                0x00000bc6                __vector_101
                0x00000bc6                __vector_109
                0x00000bc6                __vector_43
                0x00000bc6                __vector_27
                0x00000bc6                __vector_5
                0x00000bc6                __vector_113
                0x00000bc6                __vector_33
                0x00000bc6                __vector_76
                0x00000bc6                __vector_115
                0x00000bc6                __vector_47
                0x00000bc6                __vector_52
                0x00000bc6                __vector_37
                0x00000bc6                __vector_95
                0x00000bc6                __vector_103
                0x00000bc6                __vector_89
                0x00000bc6                __vector_108
                0x00000bc6                __vector_4
                0x00000bc6                __vector_44
                0x00000bc6                __vector_82
                0x00000bc6                __vector_106
                0x00000bc6                __vector_118
                0x00000bc6                __vector_51
                0x00000bc6                __vector_9
                0x00000bc6                __vector_2
                0x00000bc6                __vector_21
                0x00000bc6                __vector_15
                0x00000bc6                __vector_36
                0x00000bc6                __vector_79
                0x00000bc6                __vector_58
                0x00000bc6                __vector_70
                0x00000bc6                __vector_83
                0x00000bc6                __vector_29
                0x00000bc6                __vector_60
                0x00000bc6                __vector_121
                0x00000bc6                __vector_40
                0x00000bc6                __vector_85
                0x00000bc6                __vector_94
                0x00000bc6                __vector_8
                0x00000bc6                __vector_26
                0x00000bc6                __vector_48
                0x00000bc6                __vector_124
                0x00000bc6                __vector_116
                0x00000bc6                __vector_112
                0x00000bc6                __vector_111
                0x00000bc6                __vector_80
                0x00000bc6                __vector_84
                0x00000bc6                __vector_57
                0x00000bc6                __vector_53
                0x00000bc6                __vector_10
                0x00000bc6                __vector_50
                0x00000bc6                __vector_16
                0x00000bc6                __vector_59
                0x00000bc6                __vector_18
                0x00000bc6                __vector_42
                0x00000bc6                __vector_87
                0x00000bc6                __vector_65
                0x00000bc6                __vector_120
                0x00000bca                . = ALIGN (0x2)
 *(.text.*)
 .text.CAN_MCP2515_setBitrate
                0x00000bca      0x14a can/can.o
                0x00000bca                CAN_MCP2515_setBitrate
 .text.CAN_init
                0x00000d14       0x8e can/can.o
                0x00000d14                CAN_init
 .text.CAN_message_send
                0x00000da2       0x48 can/can.o
                0x00000da2                CAN_message_send
 .text.CAN_data_receive
                0x00000dea       0x62 can/can.o
                0x00000dea                CAN_data_receive
 .text.mcp2515_read
                0x00000e4c       0x32 can/MCP2515.o
                0x00000e4c                mcp2515_read
 .text.mcp2515_write
                0x00000e7e       0x3c can/MCP2515.o
                0x00000e7e                mcp2515_write
 .text.mcp2515_read_register
                0x00000eba       0x32 can/MCP2515.o
                0x00000eba                mcp2515_read_register
 .text.CAN_MCP2515_clearRxBuffers
                0x00000eec       0x5c can/MCP2515.o
                0x00000eec                CAN_MCP2515_clearRxBuffers
 .text.CAN_MCP2515_clearTxBuffers
                0x00000f48       0x84 can/MCP2515.o
                0x00000f48                CAN_MCP2515_clearTxBuffers
 .text.mcp2515_request_to_send
                0x00000fcc       0x4e can/MCP2515.o
                0x00000fcc                mcp2515_request_to_send
 .text.mcp2515_bit_modify
                0x0000101a       0x4a can/MCP2515.o
                0x0000101a                mcp2515_bit_modify
 .text.mcp2515_reset
                0x00001064       0x20 can/MCP2515.o
                0x00001064                mcp2515_reset
 .text.mcp2515_init
                0x00001084        0xc can/MCP2515.o
                0x00001084                mcp2515_init
 .text.can_queue_Enqueue
                0x00001090       0x92 CAN_Queue.o
                0x00001090                can_queue_Enqueue
 .text.can_queue_Dequeue
                0x00001122       0x40 CAN_Queue.o
                0x00001122                can_queue_Dequeue
 .text.can_queue_Front
                0x00001162       0x22 CAN_Queue.o
                0x00001162                can_queue_Front
 .text.can_queue_is_empty
                0x00001184       0x16 CAN_Queue.o
                0x00001184                can_queue_is_empty
 .text.Select_buttion
                0x0000119a       0x1c io_driver.o
                0x0000119a                Select_buttion
 .text.buttion_one
                0x000011b6       0x14 io_driver.o
                0x000011b6                buttion_one
 .text.buttion_two
                0x000011ca       0x16 io_driver.o
                0x000011ca                buttion_two
 .text.buttion_three
                0x000011e0       0x14 io_driver.o
                0x000011e0                buttion_three
 .text.buttion_four
                0x000011f4       0x16 io_driver.o
                0x000011f4                buttion_four
 .text.buttion_five
                0x0000120a       0x1c io_driver.o
                0x0000120a                buttion_five
 .text.setup_buttons
                0x00001226       0x2c io_driver.o
                0x00001226                setup_buttons
 .text.button_test
                0x00001252       0xba io_driver.o
                0x00001252                button_test
 .text.toogle_alert
                0x0000130c        0xa io_driver.o
                0x0000130c                toogle_alert
 .text.clear_alert
                0x00001316        0xa io_driver.o
                0x00001316                clear_alert
 .text.beep     0x00001320       0x56 io_driver.o
                0x00001320                beep
 .text.uart_putchar
                0x00001376       0x24 rotor controller.o
 .text.uart_getchar
                0x0000139a       0x26 rotor controller.o
                0x0000139a                uart_getchar
 .text.read_usb_Task
                0x000013c0       0x16 rotor controller.o
                0x000013c0                read_usb_Task
 .text.Recive_can_Task
                0x000013d6       0x16 rotor controller.o
                0x000013d6                Recive_can_Task
 .text.setClockTo32MHz
                0x000013ec       0x34 rotor controller.o
                0x000013ec                setClockTo32MHz
 .text.send_data_to_pi
                0x00001420       0x62 rotor controller.o
                0x00001420                send_data_to_pi
 .text.send_data_to_freq
                0x00001482       0x7a rotor controller.o
                0x00001482                send_data_to_freq
 .text.Send_can_heartbeat
                0x000014fc        0xa rotor controller.o
                0x000014fc                Send_can_heartbeat
 .text.send_data_on_canbus
                0x00001506       0x4c rotor controller.o
                0x00001506                send_data_on_canbus
 .text.Send_can_Task
                0x00001552       0x18 rotor controller.o
                0x00001552                Send_can_Task
 .text.trasmit_slide
                0x0000156a      0x2a0 rotor controller.o
                0x0000156a                trasmit_slide
 .text.screen_int
                0x0000180a       0x70 rotor controller.o
                0x0000180a                screen_int
 .text.hr_x_coordinate_finder
                0x0000187a       0x5e rotor controller.o
                0x0000187a                hr_x_coordinate_finder
 .text.hr_y_coordinate_finder
                0x000018d8       0x5e rotor controller.o
                0x000018d8                hr_y_coordinate_finder
 .text.draw_angel_circle
                0x00001936       0xea rotor controller.o
                0x00001936                draw_angel_circle
 .text.setUpSerial_main
                0x00001a20       0x60 rotor controller.o
                0x00001a20                setUpSerial_main
 .text.setUpSerial_rpt
                0x00001a80       0x6a rotor controller.o
                0x00001a80                setUpSerial_rpt
 .text.setup    0x00001aea      0x196 rotor controller.o
                0x00001aea                setup
 .text.Setup_main
                0x00001c80       0x80 rotor controller.o
                0x00001c80                Setup_main
 .text.main     0x00001d00       0xa0 rotor controller.o
                0x00001d00                main
 .text.sendChar_d
                0x00001da0       0x10 rotor controller.o
                0x00001da0                sendChar_d
 .text.sendChar_f
                0x00001db0       0x10 rotor controller.o
                0x00001db0                sendChar_f
 .text.sendString_f
                0x00001dc0       0x1e rotor controller.o
                0x00001dc0                sendString_f
 .text.easy_com_angel
                0x00001dde      0x2d6 rotor controller.o
                0x00001dde                easy_com_angel
 .text.get_band
                0x000020b4      0x242 rotor controller.o
                0x000020b4                get_band
 .text.main_screen
                0x000022f6      0x548 rotor controller.o
                0x000022f6                main_screen
 .text.Main_task
                0x0000283e       0xa6 rotor controller.o
                0x0000283e                Main_task
 .text.__vector_119
                0x000028e4       0x98 rotor controller.o
                0x000028e4                __vector_119
 .text.__vector_96
                0x0000297c       0x74 rotor controller.o
                0x0000297c                __vector_96
 .text.__vector_97
                0x000029f0       0x1e rotor controller.o
                0x000029f0                __vector_97
 .text.__vector_64
                0x00002a0e       0x32 rotor controller.o
                0x00002a0e                __vector_64
 .text.__vector_66
                0x00002a40       0x58 rotor controller.o
                0x00002a40                __vector_66
 .text.SPI_init
                0x00002a98       0x14 can_spi.o
                0x00002a98                SPI_init
 .text.SPI_write
                0x00002aac       0x16 can_spi.o
                0x00002aac                SPI_write
 .text.SPI_read
                0x00002ac2        0xe can_spi.o
                0x00002ac2                SPI_read
 .text.initScheduler
                0x00002ad0       0x2a scheduler.o
                0x00002ad0                initScheduler
 .text.addTask  0x00002afa       0x40 scheduler.o
                0x00002afa                addTask
 .text.dispatchTasks
                0x00002b3a       0x6e scheduler.o
                0x00002b3a                dispatchTasks
 .text.__vector_20
                0x00002ba8       0x9e scheduler.o
                0x00002ba8                __vector_20
 .text.scedular_setup
                0x00002c46       0x24 scheduler.o
                0x00002c46                scedular_setup
 .text.fat_get_next_cluster
                0x00002c6a      0x166 sdcard/fat.o
 .text.fat_cluster_offset
                0x00002dd0       0xc6 sdcard/fat.o
 .text.fat_calc_83_checksum
                0x00002e96       0x16 sdcard/fat.o
 .text.fat_dir_entry_read_callback
                0x00002eac      0x300 sdcard/fat.o
 .text.fat_open
                0x000031ac      0x538 sdcard/fat.o
                0x000031ac                fat_open
 .text.fat_open_dir
                0x000036e4       0x84 sdcard/fat.o
                0x000036e4                fat_open_dir
 .text.fat_close_dir
                0x00003768        0xc sdcard/fat.o
                0x00003768                fat_close_dir
 .text.fat_reset_dir
                0x00003774       0x22 sdcard/fat.o
                0x00003774                fat_reset_dir
 .text.fat_read_dir
                0x00003796      0x264 sdcard/fat.o
                0x00003796                fat_read_dir
 .text.fat_get_dir_entry_of_path
                0x000039fa      0x148 sdcard/fat.o
                0x000039fa                fat_get_dir_entry_of_path
 .text.partition_open
                0x00003b42      0x154 sdcard/partition.o
                0x00003b42                partition_open
 .text.sd_raw_send_byte
                0x00003c96        0xe sdcard/sd_raw.o
 .text.sd_raw_rec_byte
                0x00003ca4       0x16 sdcard/sd_raw.o
 .text.sd_raw_send_command
                0x00003cba       0x78 sdcard/sd_raw.o
 .text.sd_raw_sync
                0x00003d32       0x5c sdcard/sd_raw.o
                0x00003d32                sd_raw_sync
 .text.sd_raw_read
                0x00003d8e      0x272 sdcard/sd_raw.o
                0x00003d8e                sd_raw_read
 .text.sd_raw_init
                0x00004000      0x20c sdcard/sd_raw.o
                0x00004000                sd_raw_init
 .text.sd_raw_read_interval
                0x0000420c      0x154 sdcard/sd_raw.o
                0x0000420c                sd_raw_read_interval
 .text.sd_raw_write
                0x00004360      0x2a2 sdcard/sd_raw.o
                0x00004360                sd_raw_write
 .text.sd_raw_write_interval
                0x00004602      0x16c sdcard/sd_raw.o
                0x00004602                sd_raw_write_interval
 .text.sd_card_open
                0x0000476e       0xb8 sdcard_driver.o
                0x0000476e                sd_card_open
 .text.start_preeamp
                0x00004826       0x2a Sequencer.o
                0x00004826                start_preeamp
 .text.stop_preamp
                0x00004850       0x2e Sequencer.o
                0x00004850                stop_preamp
 .text.start_amp
                0x0000487e       0x80 Sequencer.o
                0x0000487e                start_amp
 .text.TX_sequens
                0x000048fe       0x5c Sequencer.o
                0x000048fe                TX_sequens
 .text.stop_amp
                0x0000495a       0x82 Sequencer.o
                0x0000495a                stop_amp
 .text.RX_sequens
                0x000049dc       0x3e Sequencer.o
                0x000049dc                RX_sequens
 .text.set_amp_id
                0x00004a1a        0xa Sequencer.o
                0x00004a1a                set_amp_id
 .text.u8g_draw_circle_section
                0x00004a24       0xa4 u8g/u8g_circle.o
 .text.u8g_draw_circle
                0x00004ac8       0x8a u8g/u8g_circle.o
                0x00004ac8                u8g_draw_circle
 .text.u8g_DrawCircle
                0x00004b52       0x4e u8g/u8g_circle.o
                0x00004b52                u8g_DrawCircle
 .text.u8g_IsBBXIntersection
                0x00004ba0       0x64 u8g/u8g_clip.o
                0x00004ba0                u8g_IsBBXIntersection
 .text.u8g_InitCom
                0x00004c04       0x14 u8g/u8g_com_api.o
                0x00004c04                u8g_InitCom
 .text.u8g_SetChipSelect
                0x00004c18       0x14 u8g/u8g_com_api.o
                0x00004c18                u8g_SetChipSelect
 .text.u8g_SetResetLow
                0x00004c2c       0x16 u8g/u8g_com_api.o
                0x00004c2c                u8g_SetResetLow
 .text.u8g_SetResetHigh
                0x00004c42       0x16 u8g/u8g_com_api.o
                0x00004c42                u8g_SetResetHigh
 .text.u8g_SetAddress
                0x00004c58       0x14 u8g/u8g_com_api.o
                0x00004c58                u8g_SetAddress
 .text.u8g_WriteByte
                0x00004c6c       0x14 u8g/u8g_com_api.o
                0x00004c6c                u8g_WriteByte
 .text.u8g_WriteSequence
                0x00004c80       0x10 u8g/u8g_com_api.o
                0x00004c80                u8g_WriteSequence
 .text.u8g_WriteEscSeqP
                0x00004c90       0xf4 u8g/u8g_com_api.o
                0x00004c90                u8g_WriteEscSeqP
 .text.u8g_com_atmega_parallel_write
                0x00004d84       0x90 u8g/u8g_com_atmega_parallel.o
 .text.u8g_com_atmega_parallel_fn
                0x00004e14      0x174 u8g/u8g_com_atmega_parallel.o
                0x00004e14                u8g_com_atmega_parallel_fn
 .text.u8g_get_avr_io_ptr
                0x00004f88       0x2e u8g/u8g_com_io.o
 .text.u8g_Pin  0x00004fb6        0xa u8g/u8g_com_io.o
                0x00004fb6                u8g_Pin
 .text.u8g_SetPinOutput
                0x00004fc0       0x32 u8g/u8g_com_io.o
                0x00004fc0                u8g_SetPinOutput
 .text.u8g_SetPinLevel
                0x00004ff2       0x64 u8g/u8g_com_io.o
                0x00004ff2                u8g_SetPinLevel
 .text.u8g_SetPIOutput
                0x00005056       0x12 u8g/u8g_com_io.o
                0x00005056                u8g_SetPIOutput
 .text.u8g_SetPILevel
                0x00005068       0x14 u8g/u8g_com_io.o
                0x00005068                u8g_SetPILevel
 .text.u8g_Delay
                0x0000507c       0x16 u8g/u8g_delay.o
                0x0000507c                u8g_Delay
 .text.u8g_dev_ks0108_128x64_fn
                0x00005092      0x11c u8g/u8g_dev_ks0108_128x64.o
                0x00005092                u8g_dev_ks0108_128x64_fn
 .text.u8g_font_get_word
                0x000051ae       0x18 u8g/u8g_font.o
 .text.u8g_font_GetFormat
                0x000051c6        0x6 u8g/u8g_font.o
 .text.u8g_font_GetFontGlyphStructureSize
                0x000051cc       0x14 u8g/u8g_font.o
 .text.u8g_font_calc_vref_font
                0x000051e0        0x4 u8g/u8g_font.o
                0x000051e0                u8g_font_calc_vref_font
 .text.u8g_font_calc_vref_top
                0x000051e4        0x8 u8g/u8g_font.o
                0x000051e4                u8g_font_calc_vref_top
 .text.u8g_font_GetEncoding65Pos
                0x000051ec        0x8 u8g/u8g_font.o
                0x000051ec                u8g_font_GetEncoding65Pos
 .text.u8g_font_GetEncoding97Pos
                0x000051f4        0x8 u8g/u8g_font.o
                0x000051f4                u8g_font_GetEncoding97Pos
 .text.u8g_font_GetFontStartEncoding
                0x000051fc        0x8 u8g/u8g_font.o
                0x000051fc                u8g_font_GetFontStartEncoding
 .text.u8g_font_GetFontEndEncoding
                0x00005204        0x8 u8g/u8g_font.o
                0x00005204                u8g_font_GetFontEndEncoding
 .text.u8g_GetGlyph
                0x0000520c      0x1d2 u8g/u8g_font.o
                0x0000520c                u8g_GetGlyph
 .text.u8g_draw_glyph
                0x000053de       0xde u8g/u8g_font.o
                0x000053de                u8g_draw_glyph
 .text.u8g_DrawStr
                0x000054bc       0x58 u8g/u8g_font.o
                0x000054bc                u8g_DrawStr
 .text.u8g_UpdateRefHeight
                0x00005514       0xac u8g/u8g_font.o
                0x00005514                u8g_UpdateRefHeight
 .text.u8g_SetFontRefHeightText
                0x000055c0        0xa u8g/u8g_font.o
                0x000055c0                u8g_SetFontRefHeightText
 .text.u8g_SetFontPosBaseline
                0x000055ca        0xc u8g/u8g_font.o
                0x000055ca                u8g_SetFontPosBaseline
 .text.u8g_SetFontPosTop
                0x000055d6        0xc u8g/u8g_font.o
                0x000055d6                u8g_SetFontPosTop
 .text.u8g_SetFont
                0x000055e2       0x28 u8g/u8g_font.o
                0x000055e2                u8g_SetFont
 .text.u8g_DrawLine
                0x0000560a       0xb6 u8g/u8g_line.o
                0x0000560a                u8g_DrawLine
 .text.u8g_init_data
                0x000056c0       0x54 u8g/u8g_ll_api.o
 .text.u8g_call_dev_fn
                0x00005714        0xa u8g/u8g_ll_api.o
                0x00005714                u8g_call_dev_fn
 .text.u8g_InitLL
                0x0000571e       0x40 u8g/u8g_ll_api.o
                0x0000571e                u8g_InitLL
 .text.u8g_FirstPageLL
                0x0000575e       0x4c u8g/u8g_ll_api.o
                0x0000575e                u8g_FirstPageLL
 .text.u8g_NextPageLL
                0x000057aa       0x58 u8g/u8g_ll_api.o
                0x000057aa                u8g_NextPageLL
 .text.u8g_DrawPixelLL
                0x00005802       0x14 u8g/u8g_ll_api.o
                0x00005802                u8g_DrawPixelLL
 .text.u8g_GetWidthLL
                0x00005816       0x20 u8g/u8g_ll_api.o
                0x00005816                u8g_GetWidthLL
 .text.u8g_GetHeightLL
                0x00005836       0x20 u8g/u8g_ll_api.o
                0x00005836                u8g_GetHeightLL
 .text.u8g_GetModeLL
                0x00005856        0xc u8g/u8g_ll_api.o
                0x00005856                u8g_GetModeLL
 .text.u8g_UpdateDimension
                0x00005862       0x40 u8g/u8g_ll_api.o
                0x00005862                u8g_UpdateDimension
 .text.u8g_Begin
                0x000058a2       0x24 u8g/u8g_ll_api.o
                0x000058a2                u8g_Begin
 .text.u8g_Init8Bit
                0x000058c6       0x7c u8g/u8g_ll_api.o
                0x000058c6                u8g_Init8Bit
 .text.u8g_FirstPage
                0x00005942        0xc u8g/u8g_ll_api.o
                0x00005942                u8g_FirstPage
 .text.u8g_NextPage
                0x0000594e       0x20 u8g/u8g_ll_api.o
                0x0000594e                u8g_NextPage
 .text.u8g_DrawPixel
                0x0000596e       0x12 u8g/u8g_ll_api.o
                0x0000596e                u8g_DrawPixel
 .text.u8g_Draw8Pixel
                0x00005980       0x24 u8g/u8g_ll_api.o
                0x00005980                u8g_Draw8Pixel
 .text.u8g_GetDefaultForegroundColor
                0x000059a4       0x18 u8g/u8g_ll_api.o
                0x000059a4                u8g_GetDefaultForegroundColor
 .text.u8g_SetDefaultForegroundColor
                0x000059bc       0x22 u8g/u8g_ll_api.o
                0x000059bc                u8g_SetDefaultForegroundColor
 .text.u8g_SetDefaultBackgroundColor
                0x000059de        0x6 u8g/u8g_ll_api.o
                0x000059de                u8g_SetDefaultBackgroundColor
 .text.u8g_page_First
                0x000059e4        0xe u8g/u8g_page.o
                0x000059e4                u8g_page_First
 .text.u8g_page_Next
                0x000059f2       0x2c u8g/u8g_page.o
                0x000059f2                u8g_page_Next
 .text.u8g_pb_Clear
                0x00005a1e       0x20 u8g/u8g_pb.o
                0x00005a1e                u8g_pb_Clear
 .text.u8g_pb_IsYIntersection
                0x00005a3e       0x2a u8g/u8g_pb.o
                0x00005a3e                u8g_pb_IsYIntersection
 .text.u8g_pb_GetPageBox
                0x00005a68       0x20 u8g/u8g_pb.o
                0x00005a68                u8g_pb_GetPageBox
 .text.u8g_pb_Is8PixelVisible
                0x00005a88       0x24 u8g/u8g_pb.o
                0x00005a88                u8g_pb_Is8PixelVisible
 .text.u8g_pb8v1_set_pixel
                0x00005aac       0x3e u8g/u8g_pb8v1.o
                0x00005aac                u8g_pb8v1_set_pixel
 .text.u8g_pb8v1_SetPixel
                0x00005aea       0x2a u8g/u8g_pb8v1.o
                0x00005aea                u8g_pb8v1_SetPixel
 .text.u8g_pb8v1_Set8PixelOpt2
                0x00005b14       0x74 u8g/u8g_pb8v1.o
                0x00005b14                u8g_pb8v1_Set8PixelOpt2
 .text.u8g_dev_pb8v1_base_fn
                0x00005b88       0xa0 u8g/u8g_pb8v1.o
                0x00005b88                u8g_dev_pb8v1_base_fn
 .text.u8g_draw_hline
                0x00005c28       0x8a u8g/u8g_rect.o
                0x00005c28                u8g_draw_hline
 .text.u8g_draw_vline
                0x00005cb2       0x8a u8g/u8g_rect.o
                0x00005cb2                u8g_draw_vline
 .text.u8g_DrawFrame
                0x00005d3c       0x68 u8g/u8g_rect.o
                0x00005d3c                u8g_DrawFrame
 .text.u8g_draw_box
                0x00005da4       0x34 u8g/u8g_rect.o
                0x00005da4                u8g_draw_box
 .text.u8g_DrawBox
                0x00005dd8       0x3a u8g/u8g_rect.o
                0x00005dd8                u8g_DrawBox
 .text.u8g_DrawRFrame
                0x00005e12       0xec u8g/u8g_rect.o
                0x00005e12                u8g_DrawRFrame
 .text.u8g_state_dummy_cb
                0x00005efe        0x2 u8g/u8g_state.o
                0x00005efe                u8g_state_dummy_cb
 .text.HID_init
                0x00005f00        0xe usb/HID.o
                0x00005f00                HID_init
 .text.HIDMProbe
                0x00005f0e      0x20a usb/HID.o
                0x00005f0e                HIDMProbe
 .text.HIDKProbe
                0x00006118      0x214 usb/HID.o
                0x00006118                HIDKProbe
 .text.kbdPoll  0x0000632c       0x4e usb/HID.o
                0x0000632c                kbdPoll
 .text.HIDMEventHandler
                0x0000637a        0x4 usb/HID.o
                0x0000637a                HIDMEventHandler
 .text.HIDKEventHandler
                0x0000637e        0x4 usb/HID.o
                0x0000637e                HIDKEventHandler
 .text.update_uptime
                0x00006382       0x28 usb/USBhost.o
                0x00006382                update_uptime
 .text.main_setup
                0x000063aa        0xe usb/USBhost.o
                0x000063aa                main_setup
 .text.prevCodeComp
                0x000063b8       0x30 usb/USBhost.o
                0x000063b8                prevCodeComp
 .text.HIDtoa   0x000063e8       0x80 usb/USBhost.o
                0x000063e8                HIDtoa
 .text.testKbd  0x00006468       0xe2 usb/USBhost.o
                0x00006468                testKbd
 .text.main_usb
                0x0000654a       0x18 usb/USBhost.o
                0x0000654a                main_usb
 .text.SPI_init_usb
                0x00006562       0x20 usb/MAX3421E.o
                0x00006562                SPI_init_usb
 .text.SPI_wr   0x00006582       0x14 usb/MAX3421E.o
                0x00006582                SPI_wr
 .text.MAXreg_wr
                0x00006596       0x2a usb/MAX3421E.o
                0x00006596                MAXreg_wr
 .text.MAXbytes_wr
                0x000065c0       0x56 usb/MAX3421E.o
                0x000065c0                MAXbytes_wr
 .text.MAXreg_rd
                0x00006616       0x22 usb/MAX3421E.o
                0x00006616                MAXreg_rd
 .text.MAXbytes_rd
                0x00006638       0x56 usb/MAX3421E.o
                0x00006638                MAXbytes_rd
 .text.MAX3421E_reset
                0x0000668e       0x2e usb/MAX3421E.o
                0x0000668e                MAX3421E_reset
 .text.Vbus_power
                0x000066bc       0x46 usb/MAX3421E.o
                0x000066bc                Vbus_power
 .text.MAX_busprobe
                0x00006702       0x9e usb/MAX3421E.o
                0x00006702                MAX_busprobe
 .text.MAX3421E_init
                0x000067a0       0x6c usb/MAX3421E.o
                0x000067a0                MAX3421E_init
 .text.MaxIntHandler
                0x0000680c       0x1c usb/MAX3421E.o
                0x0000680c                MaxIntHandler
 .text.MAX3421E_Task
                0x00006828        0xe usb/MAX3421E.o
                0x00006828                MAX3421E_Task
 .text.Max_write
                0x00006836       0x44 usb/MAX3421E.o
                0x00006836                Max_write
 .text.MSDProbe
                0x0000687a        0x4 usb/transfer.o
                0x0000687a                MSDProbe
 .text.MSDEventHandler
                0x0000687e        0x4 usb/transfer.o
                0x0000687e                MSDEventHandler
 .text.DummyProbe
                0x00006882        0x4 usb/transfer.o
                0x00006882                DummyProbe
 .text.DummyEventHandler
                0x00006886        0x4 usb/transfer.o
                0x00006886                DummyEventHandler
 .text.XferDispatchPkt
                0x0000688a       0xa0 usb/transfer.o
                0x0000688a                XferDispatchPkt
 .text.XferCtrlReq
                0x0000692a       0xb4 usb/transfer.o
                0x0000692a                XferCtrlReq
 .text.XferCtrlND
                0x000069de       0x18 usb/transfer.o
                0x000069de                XferCtrlND
 .text.XferInTransfer
                0x000069f6       0xf8 usb/transfer.o
                0x000069f6                XferInTransfer
 .text.XferCtrlData
                0x00006aee       0x62 usb/transfer.o
                0x00006aee                XferCtrlData
 .text.USB_init
                0x00006b50       0x3c usb/transfer.o
                0x00006b50                USB_init
 .text.USB_Task
                0x00006b8c      0x2c4 usb/transfer.o
                0x00006b8c                USB_Task
 .text.setup_timmer
                0x00006e50       0x1e yeasu/ft-857d.o
                0x00006e50                setup_timmer
 .text.send_get_freq
                0x00006e6e       0x72 yeasu/ft-857d.o
                0x00006e6e                send_get_freq
 .text.send_get_status
                0x00006ee0       0x68 yeasu/ft-857d.o
                0x00006ee0                send_get_status
 .text.send_get_rxstatus
                0x00006f48       0x68 yeasu/ft-857d.o
                0x00006f48                send_get_rxstatus
 .text.from_bcd_be
                0x00006fb0      0x112 yeasu/ft-857d.o
                0x00006fb0                from_bcd_be
 .text.__vector_88
                0x000070c2       0xd6 yeasu/ft-857d.o
                0x000070c2                __vector_88
 .text.__vector_25
                0x00007198       0xbe yeasu/ft-857d.o
                0x00007198                __vector_25
 .text.__vector_14
                0x00007256      0x136 yeasu/ft-857d.o
                0x00007256                __vector_14
 .text.avr-libc.fplib
                0x0000738c        0xa c:/program files (x86)/atmel/atmel toolchain/avr8 gcc/native/3.4.1056/avr8-gnu-toolchain/bin/../lib/gcc/avr/4.8.1/../../../../avr/lib/avrxmega5\libm.a(addsf3.o)
                0x0000738c                __subsf3
                0x0000738e                __addsf3
 .text.avr-libc.fplib
                0x00007396       0xc0 c:/program files (x86)/atmel/atmel toolchain/avr8 gcc/native/3.4.1056/avr8-gnu-toolchain/bin/../lib/gcc/avr/4.8.1/../../../../avr/lib/avrxmega5\libm.a(addsf3x.o)
                0x000073b0                __addsf3x
 .text.avr-libc.fplib
                0x00007456        0x8 c:/program files (x86)/atmel/atmel toolchain/avr8 gcc/native/3.4.1056/avr8-gnu-toolchain/bin/../lib/gcc/avr/4.8.1/../../../../avr/lib/avrxmega5\libm.a(cmpsf2.o)
                0x00007456                __nesf2
                0x00007456                __eqsf2
                0x00007456                __cmpsf2
                0x00007456                __ltsf2
                0x00007456                __lesf2
 .text.avr-libc.fplib
                0x0000745e        0x6 c:/program files (x86)/atmel/atmel toolchain/avr8 gcc/native/3.4.1056/avr8-gnu-toolchain/bin/../lib/gcc/avr/4.8.1/../../../../avr/lib/avrxmega5\libm.a(cos.o)
                0x0000745e                cos
 .text.avr-libc.fplib
                0x00007464        0xa c:/program files (x86)/atmel/atmel toolchain/avr8 gcc/native/3.4.1056/avr8-gnu-toolchain/bin/../lib/gcc/avr/4.8.1/../../../../avr/lib/avrxmega5\libm.a(fixsfsi.o)
                0x00007464                __fixsfsi
 .text.avr-libc.fplib
                0x0000746e       0x58 c:/program files (x86)/atmel/atmel toolchain/avr8 gcc/native/3.4.1056/avr8-gnu-toolchain/bin/../lib/gcc/avr/4.8.1/../../../../avr/lib/avrxmega5\libm.a(fixunssfsi.o)
                0x0000746e                __fixunssfsi
 .text.avr-libc.fplib
                0x000074c6       0x7a c:/program files (x86)/atmel/atmel toolchain/avr8 gcc/native/3.4.1056/avr8-gnu-toolchain/bin/../lib/gcc/avr/4.8.1/../../../../avr/lib/avrxmega5\libm.a(floatsisf.o)
                0x000074c6                __floatunsisf
                0x000074ca                __floatsisf
 .text.avr-libc.fplib
                0x00007540       0x48 c:/program files (x86)/atmel/atmel toolchain/avr8 gcc/native/3.4.1056/avr8-gnu-toolchain/bin/../lib/gcc/avr/4.8.1/../../../../avr/lib/avrxmega5\libm.a(fp_cmp.o)
                0x00007540                __fp_cmp
 .text.avr-libc.fplib
                0x00007588        0xc c:/program files (x86)/atmel/atmel toolchain/avr8 gcc/native/3.4.1056/avr8-gnu-toolchain/bin/../lib/gcc/avr/4.8.1/../../../../avr/lib/avrxmega5\libm.a(fp_inf.o)
                0x00007588                __fp_inf
 .text.avr-libc.fplib
                0x00007594        0x6 c:/program files (x86)/atmel/atmel toolchain/avr8 gcc/native/3.4.1056/avr8-gnu-toolchain/bin/../lib/gcc/avr/4.8.1/../../../../avr/lib/avrxmega5\libm.a(fp_nan.o)
                0x00007594                __fp_nan
 .text.avr-libc.fplib
                0x0000759a        0xe c:/program files (x86)/atmel/atmel toolchain/avr8 gcc/native/3.4.1056/avr8-gnu-toolchain/bin/../lib/gcc/avr/4.8.1/../../../../avr/lib/avrxmega5\libm.a(fp_pscA.o)
                0x0000759a                __fp_pscA
 .text.avr-libc.fplib
                0x000075a8        0xe c:/program files (x86)/atmel/atmel toolchain/avr8 gcc/native/3.4.1056/avr8-gnu-toolchain/bin/../lib/gcc/avr/4.8.1/../../../../avr/lib/avrxmega5\libm.a(fp_pscB.o)
                0x000075a8                __fp_pscB
 .text.avr-libc.fplib
                0x000075b6       0x50 c:/program files (x86)/atmel/atmel toolchain/avr8 gcc/native/3.4.1056/avr8-gnu-toolchain/bin/../lib/gcc/avr/4.8.1/../../../../avr/lib/avrxmega5\libm.a(fp_rempio2.o)
                0x000075b8                __fp_rempio2
 .text.avr-libc.fplib
                0x00007606       0x22 c:/program files (x86)/atmel/atmel toolchain/avr8 gcc/native/3.4.1056/avr8-gnu-toolchain/bin/../lib/gcc/avr/4.8.1/../../../../avr/lib/avrxmega5\libm.a(fp_round.o)
                0x00007606                __fp_round
 .text.avr-libc.fplib
                0x00007628       0x22 c:/program files (x86)/atmel/atmel toolchain/avr8 gcc/native/3.4.1056/avr8-gnu-toolchain/bin/../lib/gcc/avr/4.8.1/../../../../avr/lib/avrxmega5\libm.a(fp_sinus.o)
                0x00007628                __fp_sinus
 .text.avr-libc.fplib
                0x0000764a       0x44 c:/program files (x86)/atmel/atmel toolchain/avr8 gcc/native/3.4.1056/avr8-gnu-toolchain/bin/../lib/gcc/avr/4.8.1/../../../../avr/lib/avrxmega5\libm.a(fp_split3.o)
                0x0000764a                __fp_split3
                0x0000765a                __fp_splitA
 .text.avr-libc.fplib
                0x0000768e        0xe c:/program files (x86)/atmel/atmel toolchain/avr8 gcc/native/3.4.1056/avr8-gnu-toolchain/bin/../lib/gcc/avr/4.8.1/../../../../avr/lib/avrxmega5\libm.a(fp_zero.o)
                0x0000768e                __fp_zero
                0x00007690                __fp_szero
 .text.avr-libc.fplib
                0x0000769c        0x8 c:/program files (x86)/atmel/atmel toolchain/avr8 gcc/native/3.4.1056/avr8-gnu-toolchain/bin/../lib/gcc/avr/4.8.1/../../../../avr/lib/avrxmega5\libm.a(gesf2.o)
                0x0000769c                __gesf2
                0x0000769c                __gtsf2
 .text.avr-libc.fplib
                0x000076a4        0x4 c:/program files (x86)/atmel/atmel toolchain/avr8 gcc/native/3.4.1056/avr8-gnu-toolchain/bin/../lib/gcc/avr/4.8.1/../../../../avr/lib/avrxmega5\libm.a(mulsf3.o)
                0x000076a4                __mulsf3
 .text.avr-libc.fplib
                0x000076a8       0xc2 c:/program files (x86)/atmel/atmel toolchain/avr8 gcc/native/3.4.1056/avr8-gnu-toolchain/bin/../lib/gcc/avr/4.8.1/../../../../avr/lib/avrxmega5\libm.a(mulsf3x.o)
                0x000076bc                __mulsf3x
                0x000076c0                __mulsf3_pse
 .text.avr-libc.fplib
                0x0000776a        0xc c:/program files (x86)/atmel/atmel toolchain/avr8 gcc/native/3.4.1056/avr8-gnu-toolchain/bin/../lib/gcc/avr/4.8.1/../../../../avr/lib/avrxmega5\libm.a(sin.o)
                0x0000776a                sin
 .text.avr-libc.fplib
                0x00007776       0x1c c:/program files (x86)/atmel/atmel toolchain/avr8 gcc/native/3.4.1056/avr8-gnu-toolchain/bin/../lib/gcc/avr/4.8.1/../../../../avr/lib/avrxmega5\libm.a(fp_mpack.o)
                0x00007776                __fp_mpack
                0x0000777a                __fp_mpack_finite
 .text.avr-libc.fplib
                0x00007792       0x22 c:/program files (x86)/atmel/atmel toolchain/avr8 gcc/native/3.4.1056/avr8-gnu-toolchain/bin/../lib/gcc/avr/4.8.1/../../../../avr/lib/avrxmega5\libm.a(fp_powsodd.o)
                0x00007792                __fp_powsodd
 .text.avr-libc.fplib
                0x000077b4       0x4a c:/program files (x86)/atmel/atmel toolchain/avr8 gcc/native/3.4.1056/avr8-gnu-toolchain/bin/../lib/gcc/avr/4.8.1/../../../../avr/lib/avrxmega5\libm.a(fp_powser.o)
                0x000077b4                __fp_powser
 .text.avr-libc
                0x000077fe      0x73c c:/program files (x86)/atmel/atmel toolchain/avr8 gcc/native/3.4.1056/avr8-gnu-toolchain/bin/../lib/gcc/avr/4.8.1/../../../../avr/lib/avrxmega5\libprintf_flt.a(vfprintf_flt.o)
                0x000077fe                vfprintf
 .text.libgcc.mul
                0x00007f3a       0x20 c:/program files (x86)/atmel/atmel toolchain/avr8 gcc/native/3.4.1056/avr8-gnu-toolchain/bin/../lib/gcc/avr/4.8.1/avrxmega5\libgcc.a(_mulsi3.o)
                0x00007f3a                __mulsi3
 .text.libgcc.div
                0x00007f5a       0x28 c:/program files (x86)/atmel/atmel toolchain/avr8 gcc/native/3.4.1056/avr8-gnu-toolchain/bin/../lib/gcc/avr/4.8.1/avrxmega5\libgcc.a(_udivmodhi4.o)
                0x00007f5a                __udivmodhi4
 .text.libgcc.div
                0x00007f82       0x28 c:/program files (x86)/atmel/atmel toolchain/avr8 gcc/native/3.4.1056/avr8-gnu-toolchain/bin/../lib/gcc/avr/4.8.1/avrxmega5\libgcc.a(_divmodhi4.o)
                0x00007f82                _div
                0x00007f82                __divmodhi4
 .text.libgcc.div
                0x00007faa       0x44 c:/program files (x86)/atmel/atmel toolchain/avr8 gcc/native/3.4.1056/avr8-gnu-toolchain/bin/../lib/gcc/avr/4.8.1/avrxmega5\libgcc.a(_udivmodsi4.o)
                0x00007faa                __udivmodsi4
 .text.libgcc.div
                0x00007fee       0x2e c:/program files (x86)/atmel/atmel toolchain/avr8 gcc/native/3.4.1056/avr8-gnu-toolchain/bin/../lib/gcc/avr/4.8.1/avrxmega5\libgcc.a(_divmodsi4.o)
                0x00007fee                __divmodsi4
 .text.libgcc.div
                0x0000801c       0x10 c:/program files (x86)/atmel/atmel toolchain/avr8 gcc/native/3.4.1056/avr8-gnu-toolchain/bin/../lib/gcc/avr/4.8.1/avrxmega5\libgcc.a(_negsi2.o)
                0x0000801c                __negsi2
 .text.libgcc   0x0000802c        0xc c:/program files (x86)/atmel/atmel toolchain/avr8 gcc/native/3.4.1056/avr8-gnu-toolchain/bin/../lib/gcc/avr/4.8.1/avrxmega5\libgcc.a(_tablejump.o)
                0x0000802c                __tablejump2__
                0x00008030                __tablejump__
 .text.libgcc.mul
                0x00008038       0x1e c:/program files (x86)/atmel/atmel toolchain/avr8 gcc/native/3.4.1056/avr8-gnu-toolchain/bin/../lib/gcc/avr/4.8.1/avrxmega5\libgcc.a(_umulhisi3.o)
                0x00008038                __umulhisi3
 .text.libgcc.mul
                0x00008056       0x16 c:/program files (x86)/atmel/atmel toolchain/avr8 gcc/native/3.4.1056/avr8-gnu-toolchain/bin/../lib/gcc/avr/4.8.1/avrxmega5\libgcc.a(_muluhisi3.o)
                0x00008056                __muluhisi3
 .text.libgcc.mul
                0x0000806c       0xa0 c:/program files (x86)/atmel/atmel toolchain/avr8 gcc/native/3.4.1056/avr8-gnu-toolchain/bin/../lib/gcc/avr/4.8.1/avrxmega5\libgcc.a(_muldi3.o)
                0x0000806c                __muldi3
 .text.libgcc.mul
                0x0000810c       0x12 c:/program files (x86)/atmel/atmel toolchain/avr8 gcc/native/3.4.1056/avr8-gnu-toolchain/bin/../lib/gcc/avr/4.8.1/avrxmega5\libgcc.a(_muldi3_6.o)
                0x0000810c                __muldi3_6
 .text.libgcc.builtins
                0x0000811e       0x32 c:/program files (x86)/atmel/atmel toolchain/avr8 gcc/native/3.4.1056/avr8-gnu-toolchain/bin/../lib/gcc/avr/4.8.1/avrxmega5\libgcc.a(_ashldi3.o)
                0x0000811e                __ashldi3
 .text.libgcc.builtins
                0x00008150       0x3c c:/program files (x86)/atmel/atmel toolchain/avr8 gcc/native/3.4.1056/avr8-gnu-toolchain/bin/../lib/gcc/avr/4.8.1/avrxmega5\libgcc.a(_ashrdi3.o)
                0x00008150                __ashrdi3
                0x00008154                __lshrdi3
 .text.libgcc   0x0000818c       0x12 c:/program files (x86)/atmel/atmel toolchain/avr8 gcc/native/3.4.1056/avr8-gnu-toolchain/bin/../lib/gcc/avr/4.8.1/avrxmega5\libgcc.a(_adddi3.o)
                0x0000818c                __adddi3
 .text.libgcc   0x0000819e       0x18 c:/program files (x86)/atmel/atmel toolchain/avr8 gcc/native/3.4.1056/avr8-gnu-toolchain/bin/../lib/gcc/avr/4.8.1/avrxmega5\libgcc.a(_adddi3_s8.o)
                0x0000819e                __adddi3_s8
 .text.libgcc   0x000081b6       0x12 c:/program files (x86)/atmel/atmel toolchain/avr8 gcc/native/3.4.1056/avr8-gnu-toolchain/bin/../lib/gcc/avr/4.8.1/avrxmega5\libgcc.a(_subdi3.o)
                0x000081b6                __subdi3
 .text.libgcc   0x000081c8       0x12 c:/program files (x86)/atmel/atmel toolchain/avr8 gcc/native/3.4.1056/avr8-gnu-toolchain/bin/../lib/gcc/avr/4.8.1/avrxmega5\libgcc.a(_cmpdi2.o)
                0x000081c8                __cmpdi2
 .text.avr-libc
                0x000081da      0x24e c:/program files (x86)/atmel/atmel toolchain/avr8 gcc/native/3.4.1056/avr8-gnu-toolchain/bin/../lib/gcc/avr/4.8.1/../../../../avr/lib/avrxmega5\libc.a(malloc.o)
                0x000081da                malloc
                0x0000830a                free
 .text.avr-libc
                0x00008428      0x1b0 c:/program files (x86)/atmel/atmel toolchain/avr8 gcc/native/3.4.1056/avr8-gnu-toolchain/bin/../lib/gcc/avr/4.8.1/../../../../avr/lib/avrxmega5\libc.a(ftoa_engine.o)
                0x00008428                __ftoa_engine
 .text.avr-libc
                0x000085d8       0x12 c:/program files (x86)/atmel/atmel toolchain/avr8 gcc/native/3.4.1056/avr8-gnu-toolchain/bin/../lib/gcc/avr/4.8.1/../../../../avr/lib/avrxmega5\libc.a(memcpy_P.o)
                0x000085d8                memcpy_P
 .text.avr-libc
                0x000085ea       0x16 c:/program files (x86)/atmel/atmel toolchain/avr8 gcc/native/3.4.1056/avr8-gnu-toolchain/bin/../lib/gcc/avr/4.8.1/../../../../avr/lib/avrxmega5\libc.a(strnlen_P.o)
                0x000085ea                strnlen_P
 .text.avr-libc
                0x00008600       0x12 c:/program files (x86)/atmel/atmel toolchain/avr8 gcc/native/3.4.1056/avr8-gnu-toolchain/bin/../lib/gcc/avr/4.8.1/../../../../avr/lib/avrxmega5\libc.a(memcpy.o)
                0x00008600                memcpy
 .text.avr-libc
                0x00008612       0x16 c:/program files (x86)/atmel/atmel toolchain/avr8 gcc/native/3.4.1056/avr8-gnu-toolchain/bin/../lib/gcc/avr/4.8.1/../../../../avr/lib/avrxmega5\libc.a(strchr.o)
                0x00008612                strchr
 .text.avr-libc
                0x00008628       0x1c c:/program files (x86)/atmel/atmel toolchain/avr8 gcc/native/3.4.1056/avr8-gnu-toolchain/bin/../lib/gcc/avr/4.8.1/../../../../avr/lib/avrxmega5\libc.a(strncmp.o)
                0x00008628                strncmp
 .text.avr-libc
                0x00008644       0x16 c:/program files (x86)/atmel/atmel toolchain/avr8 gcc/native/3.4.1056/avr8-gnu-toolchain/bin/../lib/gcc/avr/4.8.1/../../../../avr/lib/avrxmega5\libc.a(strnlen.o)
                0x00008644                strnlen
 .text.avr-libc
                0x0000865a       0x64 c:/program files (x86)/atmel/atmel toolchain/avr8 gcc/native/3.4.1056/avr8-gnu-toolchain/bin/../lib/gcc/avr/4.8.1/../../../../avr/lib/avrxmega5\libc.a(fputc.o)
                0x0000865a                fputc
 .text.avr-libc
                0x000086be       0x24 c:/program files (x86)/atmel/atmel toolchain/avr8 gcc/native/3.4.1056/avr8-gnu-toolchain/bin/../lib/gcc/avr/4.8.1/../../../../avr/lib/avrxmega5\libc.a(printf.o)
                0x000086be                printf
 .text.avr-libc
                0x000086e2        0xc c:/program files (x86)/atmel/atmel toolchain/avr8 gcc/native/3.4.1056/avr8-gnu-toolchain/bin/../lib/gcc/avr/4.8.1/../../../../avr/lib/avrxmega5\libc.a(putchar.o)
                0x000086e2                putchar
 .text.avr-libc
                0x000086ee       0x5a c:/program files (x86)/atmel/atmel toolchain/avr8 gcc/native/3.4.1056/avr8-gnu-toolchain/bin/../lib/gcc/avr/4.8.1/../../../../avr/lib/avrxmega5\libc.a(puts.o)
                0x000086ee                puts
 .text.avr-libc
                0x00008748       0x52 c:/program files (x86)/atmel/atmel toolchain/avr8 gcc/native/3.4.1056/avr8-gnu-toolchain/bin/../lib/gcc/avr/4.8.1/../../../../avr/lib/avrxmega5\libc.a(sprintf.o)
                0x00008748                sprintf
 .text.avr-libc
                0x0000879a       0xbc c:/program files (x86)/atmel/atmel toolchain/avr8 gcc/native/3.4.1056/avr8-gnu-toolchain/bin/../lib/gcc/avr/4.8.1/../../../../avr/lib/avrxmega5\libc.a(ultoa_invert.o)
                0x0000879a                __ultoa_invert
                0x00008856                . = ALIGN (0x2)
 *(.fini9)
 .fini9         0x00008856        0x0 c:/program files (x86)/atmel/atmel toolchain/avr8 gcc/native/3.4.1056/avr8-gnu-toolchain/bin/../lib/gcc/avr/4.8.1/avrxmega5\libgcc.a(_exit.o)
                0x00008856                _exit
                0x00008856                exit
 *(.fini9)
 *(.fini8)
 *(.fini8)
 *(.fini7)
 *(.fini7)
 *(.fini6)
 *(.fini6)
 *(.fini5)
 *(.fini5)
 *(.fini4)
 *(.fini4)
 *(.fini3)
 *(.fini3)
 *(.fini2)
 *(.fini2)
 *(.fini1)
 *(.fini1)
 *(.fini0)
 .fini0         0x00008856        0x4 c:/program files (x86)/atmel/atmel toolchain/avr8 gcc/native/3.4.1056/avr8-gnu-toolchain/bin/../lib/gcc/avr/4.8.1/avrxmega5\libgcc.a(_exit.o)
 *(.fini0)
                0x0000885a                _etext = .

.data           0x00802000      0x384 load address 0x0000885a
                0x00802000                PROVIDE (__data_start, .)
 *(.data)
 .data          0x00802000        0x0 c:/program files (x86)/atmel/atmel toolchain/avr8 gcc/native/3.4.1056/avr8-gnu-toolchain/bin/../lib/gcc/avr/4.8.1/../../../../avr/lib/avrxmega5/crtx64a1.o
 .data          0x00802000        0x0 can/can.o
 .data          0x00802000        0x0 can/MCP2515.o
 .data          0x00802000        0x0 can_data.o
 .data          0x00802000        0x0 CAN_Queue.o
 .data          0x00802000        0x0 io_driver.o
 .data          0x00802000        0x0 menus.o
 .data          0x00802000        0x0 rotor controller.o
 .data          0x00802000        0x0 can_spi.o
 .data          0x00802000        0x0 scheduler.o
 .data          0x00802000        0x0 sdcard/byteordering.o
 .data          0x00802000        0x0 sdcard/fat.o
 .data          0x00802000        0x0 sdcard/partition.o
 .data          0x00802000        0x0 sdcard/sd_raw.o
 .data          0x00802000        0x0 sdcard_driver.o
 .data          0x00802000        0x0 Sequencer.o
 .data          0x00802000        0x0 u8g/chessengine.o
 .data          0x00802000        0x0 u8g/u8g_bitmap.o
 .data          0x00802000        0x0 u8g/u8g_circle.o
 .data          0x00802000        0x0 u8g/u8g_clip.o
 .data          0x00802000        0x0 u8g/u8g_com_api.o
 .data          0x00802000        0x0 u8g/u8g_com_api_16gr.o
 .data          0x00802000        0x0 u8g/u8g_com_arduino_attiny85_hw_spi.o
 .data          0x00802000        0x0 u8g/u8g_com_arduino_common.o
 .data          0x00802000        0x0 u8g/u8g_com_arduino_fast_parallel.o
 .data          0x00802000        0x0 u8g/u8g_com_arduino_hw_spi.o
 .data          0x00802000        0x0 u8g/u8g_com_arduino_hw_usart_spi.o
 .data          0x00802000        0x0 u8g/u8g_com_arduino_no_en_parallel.o
 .data          0x00802000        0x0 u8g/u8g_com_arduino_parallel.o
 .data          0x00802000        0x0 u8g/u8g_com_arduino_port_d_wr.o
 .data          0x00802000        0x0 u8g/u8g_com_arduino_ssd_i2c.o
 .data          0x00802000        0x0 u8g/u8g_com_arduino_st7920_custom.o
 .data          0x00802000        0x0 u8g/u8g_com_arduino_st7920_hw_spi.o
 .data          0x00802000        0x0 u8g/u8g_com_arduino_st7920_spi.o
 .data          0x00802000        0x0 u8g/u8g_com_arduino_std_sw_spi.o
 .data          0x00802000        0x0 u8g/u8g_com_arduino_sw_spi.o
 .data          0x00802000        0x0 u8g/u8g_com_arduino_t6963.o
 .data          0x00802000        0x0 u8g/u8g_com_arduino_uc_i2c.o
 .data          0x00802000        0x0 u8g/u8g_com_atmega_hw_spi.o
 .data          0x00802000        0x0 u8g/u8g_com_atmega_parallel.o
 .data          0x00802000        0x0 u8g/u8g_com_atmega_st7920_hw_spi.o
 .data          0x00802000        0x0 u8g/u8g_com_atmega_st7920_spi.o
 .data          0x00802000        0x0 u8g/u8g_com_atmega_sw_spi.o
 .data          0x00802000        0x0 u8g/u8g_com_i2c.o
 .data          0x00802000        0x0 u8g/u8g_com_io.o
 .data          0x00802000        0x0 u8g/u8g_com_null.o
 .data          0x00802000        0x0 u8g/u8g_com_raspberrypi_hw_spi.o
 .data          0x00802000        0x0 u8g/u8g_com_raspberrypi_ssd_i2c.o
 .data          0x00802000        0x0 u8g/u8g_cursor.o
 .data          0x00802000        0x0 u8g/u8g_delay.o
 .data          0x00802000        0x0 u8g/u8g_dev_a2_micro_printer.o
 .data          0x00802000        0x0 u8g/u8g_dev_flipdisc_2x7.o
 .data          0x00802000        0x0 u8g/u8g_dev_gprof.o
 .data          0x00802000        0x0 u8g/u8g_dev_ht1632.o
 .data          0x00802000        0x0 u8g/u8g_dev_ili9325d_320x240.o
 .data          0x00802000        0x0 u8g/u8g_dev_ks0108_128x64.o
 .data          0x00802000        0x0 u8g/u8g_dev_lc7981_160x80.o
 .data          0x00802000        0x0 u8g/u8g_dev_lc7981_240x128.o
 .data          0x00802000        0x0 u8g/u8g_dev_lc7981_240x64.o
 .data          0x00802000        0x0 u8g/u8g_dev_lc7981_320x64.o
 .data          0x00802000        0x0 u8g/u8g_dev_ld7032_60x32.o
 .data          0x00802000        0x0 u8g/u8g_dev_null.o
 .data          0x00802000        0x0 u8g/u8g_dev_pcd8544_84x48.o
 .data          0x00802000        0x0 u8g/u8g_dev_pcf8812_96x65.o
 .data          0x00802000        0x0 u8g/u8g_dev_sbn1661_122x32.o
 .data          0x00802000        0x0 u8g/u8g_dev_ssd1306_128x32.o
 .data          0x00802000        0x0 u8g/u8g_dev_ssd1306_128x64.o
 .data          0x00802000        0x0 u8g/u8g_dev_ssd1309_128x64.o
 .data          0x00802000        0x0 u8g/u8g_dev_ssd1322_nhd31oled_bw.o
 .data          0x00802000        0x0 u8g/u8g_dev_ssd1322_nhd31oled_gr.o
 .data          0x00802000        0x0 u8g/u8g_dev_ssd1325_nhd27oled_bw.o
 .data          0x00802000        0x0 u8g/u8g_dev_ssd1325_nhd27oled_bw_new.o
 .data          0x00802000        0x0 u8g/u8g_dev_ssd1325_nhd27oled_gr.o
 .data          0x00802000        0x0 u8g/u8g_dev_ssd1325_nhd27oled_gr_new.o
 .data          0x00802000        0x0 u8g/u8g_dev_ssd1327_96x96_gr.o
 .data          0x00802000        0x0 u8g/u8g_dev_ssd1351_128x128.o
 .data          0x00802000        0x0 u8g/u8g_dev_st7565_64128n.o
 .data          0x00802000        0x0 u8g/u8g_dev_st7565_dogm128.o
 .data          0x00802000        0x0 u8g/u8g_dev_st7565_dogm132.o
 .data          0x00802000        0x0 u8g/u8g_dev_st7565_lm6059.o
 .data          0x00802000        0x0 u8g/u8g_dev_st7565_lm6063.o
 .data          0x00802000        0x0 u8g/u8g_dev_st7565_nhd_c12832.o
 .data          0x00802000        0x0 u8g/u8g_dev_st7565_nhd_c12864.o
 .data          0x00802000        0x0 u8g/u8g_dev_st7687_c144mvgd.o
 .data          0x00802000        0x0 u8g/u8g_dev_st7920_128x64.o
 .data          0x00802000        0x0 u8g/u8g_dev_st7920_192x32.o
 .data          0x00802000        0x0 u8g/u8g_dev_st7920_202x32.o
 .data          0x00802000        0x0 u8g/u8g_dev_t6963_128x128.o
 .data          0x00802000        0x0 u8g/u8g_dev_t6963_128x64.o
 .data          0x00802000        0x0 u8g/u8g_dev_t6963_240x128.o
 .data          0x00802000        0x0 u8g/u8g_dev_t6963_240x64.o
 .data          0x00802000        0x0 u8g/u8g_dev_tls8204_84x48.o
 .data          0x00802000        0x0 u8g/u8g_dev_uc1601_c128032.o
 .data          0x00802000        0x0 u8g/u8g_dev_uc1608_240x128.o
 .data          0x00802000        0x0 u8g/u8g_dev_uc1608_240x64.o
 .data          0x00802000        0x0 u8g/u8g_dev_uc1610_dogxl160.o
 .data          0x00802000        0x0 u8g/u8g_dev_uc1611_dogm240.o
 .data          0x00802000        0x0 u8g/u8g_dev_uc1611_dogxl240.o
 .data          0x00802000        0x0 u8g/u8g_dev_uc1701_dogs102.o
 .data          0x00802000        0x0 u8g/u8g_dev_uc1701_mini12864.o
 .data          0x00802000        0x0 u8g/u8g_ellipse.o
 .data          0x00802000        0x0 u8g/u8g_font.o
 .data          0x00802000        0x0 u8g/u8g_font_04b_03.o
 .data          0x00802000        0x0 u8g/u8g_font_04b_03b.o
 .data          0x00802000        0x0 u8g/u8g_font_04b_03bn.o
 .data          0x00802000        0x0 u8g/u8g_font_04b_03br.o
 .data          0x00802000        0x0 u8g/u8g_font_04b_03n.o
 .data          0x00802000        0x0 u8g/u8g_font_04b_03r.o
 .data          0x00802000        0x0 u8g/u8g_font_04b_24.o
 .data          0x00802000        0x0 u8g/u8g_font_04b_24n.o
 .data          0x00802000        0x0 u8g/u8g_font_04b_24r.o
 .data          0x00802000        0x0 u8g/u8g_font_10x20.o
 .data          0x00802000        0x0 u8g/u8g_font_10x20r.o
 .data          0x00802000        0x0 u8g/u8g_font_10x20_67_75.o
 .data          0x00802000        0x0 u8g/u8g_font_10x20_75r.o
 .data          0x00802000        0x0 u8g/u8g_font_10x20_78_79.o
 .data          0x00802000        0x0 u8g/u8g_font_4x6.o
 .data          0x00802000        0x0 u8g/u8g_font_4x6r.o
 .data          0x00802000        0x0 u8g/u8g_font_5x7.o
 .data          0x00802000        0x0 u8g/u8g_font_5x7r.o
 .data          0x00802000        0x0 u8g/u8g_font_5x8.o
 .data          0x00802000        0x0 u8g/u8g_font_5x8r.o
 .data          0x00802000        0x0 u8g/u8g_font_6x10.o
 .data          0x00802000        0x0 u8g/u8g_font_6x10r.o
 .data          0x00802000        0x0 u8g/u8g_font_6x12.o
 .data          0x00802000        0x0 u8g/u8g_font_6x12r.o
 .data          0x00802000        0x0 u8g/u8g_font_6x12_67_75.o
 .data          0x00802000        0x0 u8g/u8g_font_6x12_75r.o
 .data          0x00802000        0x0 u8g/u8g_font_6x12_78_79.o
 .data          0x00802000        0x0 u8g/u8g_font_6x13.o
 .data          0x00802000        0x0 u8g/u8g_font_6x13B.o
 .data          0x00802000        0x0 u8g/u8g_font_6x13Br.o
 .data          0x00802000        0x0 u8g/u8g_font_6x13O.o
 .data          0x00802000        0x0 u8g/u8g_font_6x13Or.o
 .data          0x00802000        0x0 u8g/u8g_font_6x13r.o
 .data          0x00802000        0x0 u8g/u8g_font_6x13_67_75.o
 .data          0x00802000        0x0 u8g/u8g_font_6x13_75r.o
 .data          0x00802000        0x0 u8g/u8g_font_6x13_78_79.o
 .data          0x00802000        0x0 u8g/u8g_font_7x13.o
 .data          0x00802000        0x0 u8g/u8g_font_7x13B.o
 .data          0x00802000        0x0 u8g/u8g_font_7x13Br.o
 .data          0x00802000        0x0 u8g/u8g_font_7x13O.o
 .data          0x00802000        0x0 u8g/u8g_font_7x13Or.o
 .data          0x00802000        0x0 u8g/u8g_font_7x13r.o
 .data          0x00802000        0x0 u8g/u8g_font_7x13_67_75.o
 .data          0x00802000        0x0 u8g/u8g_font_7x13_75r.o
 .data          0x00802000        0x0 u8g/u8g_font_7x14.o
 .data          0x00802000        0x0 u8g/u8g_font_7x14B.o
 .data          0x00802000        0x0 u8g/u8g_font_7x14Br.o
 .data          0x00802000        0x0 u8g/u8g_font_7x14r.o
 .data          0x00802000        0x0 u8g/u8g_font_8x13.o
 .data          0x00802000        0x0 u8g/u8g_font_8x13B.o
 .data          0x00802000        0x0 u8g/u8g_font_8x13Br.o
 .data          0x00802000        0x0 u8g/u8g_font_8x13O.o
 .data          0x00802000        0x0 u8g/u8g_font_8x13Or.o
 .data          0x00802000        0x0 u8g/u8g_font_8x13r.o
 .data          0x00802000        0x0 u8g/u8g_font_8x13_67_75.o
 .data          0x00802000        0x0 u8g/u8g_font_8x13_75r.o
 .data          0x00802000        0x0 u8g/u8g_font_9x15.o
 .data          0x00802000        0x0 u8g/u8g_font_9x15B.o
 .data          0x00802000        0x0 u8g/u8g_font_9x15Br.o
 .data          0x00802000        0x0 u8g/u8g_font_9x15r.o
 .data          0x00802000        0x0 u8g/u8g_font_9x15_67_75.o
 .data          0x00802000        0x0 u8g/u8g_font_9x15_75r.o
 .data          0x00802000        0x0 u8g/u8g_font_9x15_78_79.o
 .data          0x00802000        0x0 u8g/u8g_font_9x18.o
 .data          0x00802000        0x0 u8g/u8g_font_9x18B.o
 .data          0x00802000        0x0 u8g/u8g_font_9x18Br.o
 .data          0x00802000        0x0 u8g/u8g_font_9x18r.o
 .data          0x00802000        0x0 u8g/u8g_font_9x18_67_75.o
 .data          0x00802000        0x0 u8g/u8g_font_9x18_75r.o
 .data          0x00802000        0x0 u8g/u8g_font_9x18_78_79.o
 .data          0x00802000        0x0 u8g/u8g_font_baby.o
 .data          0x00802000        0x0 u8g/u8g_font_babyn.o
 .data          0x00802000        0x0 u8g/u8g_font_babyr.o
 .data          0x00802000        0x0 u8g/u8g_font_blipfest_07.o
 .data          0x00802000        0x0 u8g/u8g_font_blipfest_07n.o
 .data          0x00802000        0x0 u8g/u8g_font_blipfest_07r.o
 .data          0x00802000        0x0 u8g/u8g_font_chikita.o
 .data          0x00802000        0x0 u8g/u8g_font_chikitan.o
 .data          0x00802000        0x0 u8g/u8g_font_chikitar.o
 .data          0x00802000        0x0 u8g/u8g_font_courb08.o
 .data          0x00802000        0x0 u8g/u8g_font_courb08r.o
 .data          0x00802000        0x0 u8g/u8g_font_courb10.o
 .data          0x00802000        0x0 u8g/u8g_font_courb10r.o
 .data          0x00802000        0x0 u8g/u8g_font_courb12.o
 .data          0x00802000        0x0 u8g/u8g_font_courb12r.o
 .data          0x00802000        0x0 u8g/u8g_font_courb14.o
 .data          0x00802000        0x0 u8g/u8g_font_courb14r.o
 .data          0x00802000        0x0 u8g/u8g_font_courb18.o
 .data          0x00802000        0x0 u8g/u8g_font_courb18r.o
 .data          0x00802000        0x0 u8g/u8g_font_courb24.o
 .data          0x00802000        0x0 u8g/u8g_font_courb24r.o
 .data          0x00802000        0x0 u8g/u8g_font_courb4n.o
 .data          0x00802000        0x0 u8g/u8g_font_courr08.o
 .data          0x00802000        0x0 u8g/u8g_font_courr08r.o
 .data          0x00802000        0x0 u8g/u8g_font_courr10.o
 .data          0x00802000        0x0 u8g/u8g_font_courr10r.o
 .data          0x00802000        0x0 u8g/u8g_font_courr12.o
 .data          0x00802000        0x0 u8g/u8g_font_courr12r.o
 .data          0x00802000        0x0 u8g/u8g_font_courr14.o
 .data          0x00802000        0x0 u8g/u8g_font_courr14r.o
 .data          0x00802000        0x0 u8g/u8g_font_courr18.o
 .data          0x00802000        0x0 u8g/u8g_font_courr18r.o
 .data          0x00802000        0x0 u8g/u8g_font_courr24.o
 .data          0x00802000        0x0 u8g/u8g_font_courr24n.o
 .data          0x00802000        0x0 u8g/u8g_font_courr24r.o
 .data          0x00802000        0x0 u8g/u8g_font_cu12.o
 .data          0x00802000        0x0 u8g/u8g_font_cu12_67_75.o
 .data          0x00802000        0x0 u8g/u8g_font_cu12_75r.o
 .data          0x00802000        0x0 u8g/u8g_font_cursor.o
 .data          0x00802000        0x0 u8g/u8g_font_cursorr.o
 .data          0x00802000        0x0 u8g/u8g_font_fixed_v0.o
 .data          0x00802000        0x0 u8g/u8g_font_fixed_v0n.o
 .data          0x00802000        0x0 u8g/u8g_font_fixed_v0r.o
 .data          0x00802000        0x0 u8g/u8g_font_freedoomr10r.o
 .data          0x00802000        0x0 u8g/u8g_font_freedoomr25n.o
 .data          0x00802000        0x0 u8g/u8g_font_fub11.o
 .data          0x00802000        0x0 u8g/u8g_font_fub11n.o
 .data          0x00802000        0x0 u8g/u8g_font_fub11r.o
 .data          0x00802000        0x0 u8g/u8g_font_fub14.o
 .data          0x00802000        0x0 u8g/u8g_font_fub14n.o
 .data          0x00802000        0x0 u8g/u8g_font_fub14r.o
 .data          0x00802000        0x0 u8g/u8g_font_fub17.o
 .data          0x00802000        0x0 u8g/u8g_font_fub17n.o
 .data          0x00802000        0x0 u8g/u8g_font_fub17r.o
 .data          0x00802000        0x0 u8g/u8g_font_fub20.o
 .data          0x00802000        0x0 u8g/u8g_font_fub20n.o
 .data          0x00802000        0x0 u8g/u8g_font_fub20r.o
 .data          0x00802000        0x0 u8g/u8g_font_fub25.o
 .data          0x00802000        0x0 u8g/u8g_font_fub25n.o
 .data          0x00802000        0x0 u8g/u8g_font_fub25r.o
 .data          0x00802000        0x0 u8g/u8g_font_fub30.o
 .data          0x00802000        0x0 u8g/u8g_font_fub30n.o
 .data          0x00802000        0x0 u8g/u8g_font_fub30r.o
 .data          0x00802000        0x0 u8g/u8g_font_fub35n.o
 .data          0x00802000        0x0 u8g/u8g_font_fub42n.o
 .data          0x00802000        0x0 u8g/u8g_font_fub49n.o
 .data          0x00802000        0x0 u8g/u8g_font_fur11.o
 .data          0x00802000        0x0 u8g/u8g_font_fur11n.o
 .data          0x00802000        0x0 u8g/u8g_font_fur11r.o
 .data          0x00802000        0x0 u8g/u8g_font_fur14.o
 .data          0x00802000        0x0 u8g/u8g_font_fur14n.o
 .data          0x00802000        0x0 u8g/u8g_font_fur14r.o
 .data          0x00802000        0x0 u8g/u8g_font_fur17.o
 .data          0x00802000        0x0 u8g/u8g_font_fur17n.o
 .data          0x00802000        0x0 u8g/u8g_font_fur17r.o
 .data          0x00802000        0x0 u8g/u8g_font_fur20.o
 .data          0x00802000        0x0 u8g/u8g_font_fur20n.o
 .data          0x00802000        0x0 u8g/u8g_font_fur20r.o
 .data          0x00802000        0x0 u8g/u8g_font_fur25.o
 .data          0x00802000        0x0 u8g/u8g_font_fur25n.o
 .data          0x00802000        0x0 u8g/u8g_font_fur25r.o
 .data          0x00802000        0x0 u8g/u8g_font_fur30.o
 .data          0x00802000        0x0 u8g/u8g_font_fur30n.o
 .data          0x00802000        0x0 u8g/u8g_font_fur30r.o
 .data          0x00802000        0x0 u8g/u8g_font_fur35n.o
 .data          0x00802000        0x0 u8g/u8g_font_fur42n.o
 .data          0x00802000        0x0 u8g/u8g_font_fur49n.o
 .data          0x00802000        0x0 u8g/u8g_font_gdb11.o
 .data          0x00802000        0x0 u8g/u8g_font_gdb11n.o
 .data          0x00802000        0x0 u8g/u8g_font_gdb11r.o
 .data          0x00802000        0x0 u8g/u8g_font_gdb12.o
 .data          0x00802000        0x0 u8g/u8g_font_gdb12n.o
 .data          0x00802000        0x0 u8g/u8g_font_gdb12r.o
 .data          0x00802000        0x0 u8g/u8g_font_gdb14.o
 .data          0x00802000        0x0 u8g/u8g_font_gdb14n.o
 .data          0x00802000        0x0 u8g/u8g_font_gdb14r.o
 .data          0x00802000        0x0 u8g/u8g_font_gdb17.o
 .data          0x00802000        0x0 u8g/u8g_font_gdb17n.o
 .data          0x00802000        0x0 u8g/u8g_font_gdb17r.o
 .data          0x00802000        0x0 u8g/u8g_font_gdb20.o
 .data          0x00802000        0x0 u8g/u8g_font_gdb20n.o
 .data          0x00802000        0x0 u8g/u8g_font_gdb20r.o
 .data          0x00802000        0x0 u8g/u8g_font_gdb25.o
 .data          0x00802000        0x0 u8g/u8g_font_gdb25n.o
 .data          0x00802000        0x0 u8g/u8g_font_gdb25r.o
 .data          0x00802000        0x0 u8g/u8g_font_gdb30.o
 .data          0x00802000        0x0 u8g/u8g_font_gdb30n.o
 .data          0x00802000        0x0 u8g/u8g_font_gdb30r.o
 .data          0x00802000        0x0 u8g/u8g_font_gdr10.o
 .data          0x00802000        0x0 u8g/u8g_font_gdr10n.o
 .data          0x00802000        0x0 u8g/u8g_font_gdr10r.o
 .data          0x00802000        0x0 u8g/u8g_font_gdr11.o
 .data          0x00802000        0x0 u8g/u8g_font_gdr11n.o
 .data          0x00802000        0x0 u8g/u8g_font_gdr11r.o
 .data          0x00802000        0x0 u8g/u8g_font_gdr12.o
 .data          0x00802000        0x0 u8g/u8g_font_gdr12n.o
 .data          0x00802000        0x0 u8g/u8g_font_gdr12r.o
 .data          0x00802000        0x0 u8g/u8g_font_gdr14.o
 .data          0x00802000        0x0 u8g/u8g_font_gdr14n.o
 .data          0x00802000        0x0 u8g/u8g_font_gdr14r.o
 .data          0x00802000        0x0 u8g/u8g_font_gdr17.o
 .data          0x00802000        0x0 u8g/u8g_font_gdr17n.o
 .data          0x00802000        0x0 u8g/u8g_font_gdr17r.o
 .data          0x00802000        0x0 u8g/u8g_font_gdr20.o
 .data          0x00802000        0x0 u8g/u8g_font_gdr20n.o
 .data          0x00802000        0x0 u8g/u8g_font_gdr20r.o
 .data          0x00802000        0x0 u8g/u8g_font_gdr25.o
 .data          0x00802000        0x0 u8g/u8g_font_gdr25n.o
 .data          0x00802000        0x0 u8g/u8g_font_gdr25r.o
 .data          0x00802000        0x0 u8g/u8g_font_gdr30.o
 .data          0x00802000        0x0 u8g/u8g_font_gdr30n.o
 .data          0x00802000        0x0 u8g/u8g_font_gdr30r.o
 .data          0x00802000        0x0 u8g/u8g_font_gdr9.o
 .data          0x00802000        0x0 u8g/u8g_font_gdr9n.o
 .data          0x00802000        0x0 u8g/u8g_font_gdr9r.o
 .data          0x00802000        0x0 u8g/u8g_font_helvb08.o
 .data          0x00802000        0x0 u8g/u8g_font_helvb08n.o
 .data          0x00802000        0x0 u8g/u8g_font_helvb08r.o
 .data          0x00802000        0x0 u8g/u8g_font_helvb10.o
 .data          0x00802000        0x0 u8g/u8g_font_helvb10n.o
 .data          0x00802000        0x0 u8g/u8g_font_helvb10r.o
 .data          0x00802000        0x0 u8g/u8g_font_helvb12.o
 .data          0x00802000        0x0 u8g/u8g_font_helvb12n.o
 .data          0x00802000        0x0 u8g/u8g_font_helvb12r.o
 .data          0x00802000        0x0 u8g/u8g_font_helvb14.o
 .data          0x00802000        0x0 u8g/u8g_font_helvb14n.o
 .data          0x00802000        0x0 u8g/u8g_font_helvb14r.o
 .data          0x00802000        0x0 u8g/u8g_font_helvb18.o
 .data          0x00802000        0x0 u8g/u8g_font_helvb18n.o
 .data          0x00802000        0x0 u8g/u8g_font_helvb18r.o
 .data          0x00802000        0x0 u8g/u8g_font_helvb24.o
 .data          0x00802000        0x0 u8g/u8g_font_helvb24n.o
 .data          0x00802000        0x0 u8g/u8g_font_helvb24r.o
 .data          0x00802000        0x0 u8g/u8g_font_helvr08.o
 .data          0x00802000        0x0 u8g/u8g_font_helvr08r.o
 .data          0x00802000        0x0 u8g/u8g_font_helvr10.o
 .data          0x00802000        0x0 u8g/u8g_font_helvr10r.o
 .data          0x00802000        0x0 u8g/u8g_font_helvr12.o
 .data          0x00802000        0x0 u8g/u8g_font_helvr12r.o
 .data          0x00802000        0x0 u8g/u8g_font_helvr14.o
 .data          0x00802000        0x0 u8g/u8g_font_helvr14r.o
 .data          0x00802000        0x0 u8g/u8g_font_helvr18.o
 .data          0x00802000        0x0 u8g/u8g_font_helvr18r.o
 .data          0x00802000        0x0 u8g/u8g_font_helvr24.o
 .data          0x00802000        0x0 u8g/u8g_font_helvr24n.o
 .data          0x00802000        0x0 u8g/u8g_font_helvr24r.o
 .data          0x00802000        0x0 u8g/u8g_font_lucasfont_alternate.o
 .data          0x00802000        0x0 u8g/u8g_font_lucasfont_alternaten.o
 .data          0x00802000        0x0 u8g/u8g_font_lucasfont_alternater.o
 .data          0x00802000        0x0 u8g/u8g_font_m2icon_5.o
 .data          0x00802000        0x0 u8g/u8g_font_m2icon_7.o
 .data          0x00802000        0x0 u8g/u8g_font_m2icon_9.o
 .data          0x00802000        0x0 u8g/u8g_font_micro.o
 .data          0x00802000        0x0 u8g/u8g_font_ncenb08.o
 .data          0x00802000        0x0 u8g/u8g_font_ncenb08r.o
 .data          0x00802000        0x0 u8g/u8g_font_ncenb10.o
 .data          0x00802000        0x0 u8g/u8g_font_ncenb10r.o
 .data          0x00802000        0x0 u8g/u8g_font_ncenb12.o
 .data          0x00802000        0x0 u8g/u8g_font_ncenb12r.o
 .data          0x00802000        0x0 u8g/u8g_font_ncenb14.o
 .data          0x00802000        0x0 u8g/u8g_font_ncenb14r.o
 .data          0x00802000        0x0 u8g/u8g_font_ncenb18.o
 .data          0x00802000        0x0 u8g/u8g_font_ncenb18r.o
 .data          0x00802000        0x0 u8g/u8g_font_ncenb24.o
 .data          0x00802000        0x0 u8g/u8g_font_ncenb24n.o
 .data          0x00802000        0x0 u8g/u8g_font_ncenb24r.o
 .data          0x00802000        0x0 u8g/u8g_font_ncenr08.o
 .data          0x00802000        0x0 u8g/u8g_font_ncenr08r.o
 .data          0x00802000        0x0 u8g/u8g_font_ncenr10.o
 .data          0x00802000        0x0 u8g/u8g_font_ncenr10r.o
 .data          0x00802000        0x0 u8g/u8g_font_ncenr12.o
 .data          0x00802000        0x0 u8g/u8g_font_ncenr12r.o